ARM GAS  C:\Users\bchir\AppData\Local\Temp\cceQytf2.s 			page 1


   1              		.syntax unified
   2              		.cpu cortex-m3
   3              		.fpu softvfp
   4              		.eabi_attribute 20, 1
   5              		.eabi_attribute 21, 1
   6              		.eabi_attribute 23, 3
   7              		.eabi_attribute 24, 1
   8              		.eabi_attribute 25, 1
   9              		.eabi_attribute 26, 1
  10              		.eabi_attribute 30, 1
  11              		.eabi_attribute 34, 1
  12              		.eabi_attribute 18, 4
  13              		.thumb
  14              		.syntax unified
  15              		.file	"IntBluetoothUART_1.c"
  16              		.text
  17              	.Ltext0:
  18              		.cfi_sections	.debug_frame
  19              		.section	.text.IntBluetoothUART_1_Interrupt,"ax",%progbits
  20              		.align	2
  21              		.global	IntBluetoothUART_1_Interrupt
  22              		.thumb
  23              		.thumb_func
  24              		.type	IntBluetoothUART_1_Interrupt, %function
  25              	IntBluetoothUART_1_Interrupt:
  26              	.LFB3:
  27              		.file 1 "Generated_Source\\PSoC5\\IntBluetoothUART_1.c"
   1:Generated_Source\PSoC5/IntBluetoothUART_1.c **** /*******************************************************************************
   2:Generated_Source\PSoC5/IntBluetoothUART_1.c **** * File Name: IntBluetoothUART_1.c  
   3:Generated_Source\PSoC5/IntBluetoothUART_1.c **** * Version 1.71
   4:Generated_Source\PSoC5/IntBluetoothUART_1.c **** *
   5:Generated_Source\PSoC5/IntBluetoothUART_1.c **** *  Description:
   6:Generated_Source\PSoC5/IntBluetoothUART_1.c **** *   API for controlling the state of an interrupt.
   7:Generated_Source\PSoC5/IntBluetoothUART_1.c **** *
   8:Generated_Source\PSoC5/IntBluetoothUART_1.c **** *
   9:Generated_Source\PSoC5/IntBluetoothUART_1.c **** *  Note:
  10:Generated_Source\PSoC5/IntBluetoothUART_1.c **** *
  11:Generated_Source\PSoC5/IntBluetoothUART_1.c **** ********************************************************************************
  12:Generated_Source\PSoC5/IntBluetoothUART_1.c **** * Copyright 2008-2015, Cypress Semiconductor Corporation.  All rights reserved.
  13:Generated_Source\PSoC5/IntBluetoothUART_1.c **** * You may use this file only in accordance with the license, terms, conditions, 
  14:Generated_Source\PSoC5/IntBluetoothUART_1.c **** * disclaimers, and limitations in the end user license agreement accompanying 
  15:Generated_Source\PSoC5/IntBluetoothUART_1.c **** * the software package with which this file was provided.
  16:Generated_Source\PSoC5/IntBluetoothUART_1.c **** *******************************************************************************/
  17:Generated_Source\PSoC5/IntBluetoothUART_1.c **** 
  18:Generated_Source\PSoC5/IntBluetoothUART_1.c **** 
  19:Generated_Source\PSoC5/IntBluetoothUART_1.c **** #include <cydevice_trm.h>
  20:Generated_Source\PSoC5/IntBluetoothUART_1.c **** #include <CyLib.h>
  21:Generated_Source\PSoC5/IntBluetoothUART_1.c **** #include <IntBluetoothUART_1.h>
  22:Generated_Source\PSoC5/IntBluetoothUART_1.c **** #include "cyapicallbacks.h"
  23:Generated_Source\PSoC5/IntBluetoothUART_1.c **** 
  24:Generated_Source\PSoC5/IntBluetoothUART_1.c **** #if !defined(IntBluetoothUART_1__REMOVED) /* Check for removal by optimization */
  25:Generated_Source\PSoC5/IntBluetoothUART_1.c **** 
  26:Generated_Source\PSoC5/IntBluetoothUART_1.c **** /*******************************************************************************
  27:Generated_Source\PSoC5/IntBluetoothUART_1.c **** *  Place your includes, defines and code here 
  28:Generated_Source\PSoC5/IntBluetoothUART_1.c **** ********************************************************************************/
  29:Generated_Source\PSoC5/IntBluetoothUART_1.c **** /* `#START IntBluetoothUART_1_intc` */
  30:Generated_Source\PSoC5/IntBluetoothUART_1.c **** 
ARM GAS  C:\Users\bchir\AppData\Local\Temp\cceQytf2.s 			page 2


  31:Generated_Source\PSoC5/IntBluetoothUART_1.c **** #include "Counter_1.h"
  32:Generated_Source\PSoC5/IntBluetoothUART_1.c **** /* `#END` */
  33:Generated_Source\PSoC5/IntBluetoothUART_1.c **** 
  34:Generated_Source\PSoC5/IntBluetoothUART_1.c **** #ifndef CYINT_IRQ_BASE
  35:Generated_Source\PSoC5/IntBluetoothUART_1.c **** #define CYINT_IRQ_BASE      16
  36:Generated_Source\PSoC5/IntBluetoothUART_1.c **** #endif /* CYINT_IRQ_BASE */
  37:Generated_Source\PSoC5/IntBluetoothUART_1.c **** #ifndef CYINT_VECT_TABLE
  38:Generated_Source\PSoC5/IntBluetoothUART_1.c **** #define CYINT_VECT_TABLE    ((cyisraddress **) CYREG_NVIC_VECT_OFFSET)
  39:Generated_Source\PSoC5/IntBluetoothUART_1.c **** #endif /* CYINT_VECT_TABLE */
  40:Generated_Source\PSoC5/IntBluetoothUART_1.c **** 
  41:Generated_Source\PSoC5/IntBluetoothUART_1.c **** /* Declared in startup, used to set unused interrupts to. */
  42:Generated_Source\PSoC5/IntBluetoothUART_1.c **** CY_ISR_PROTO(IntDefaultHandler);
  43:Generated_Source\PSoC5/IntBluetoothUART_1.c **** 
  44:Generated_Source\PSoC5/IntBluetoothUART_1.c **** 
  45:Generated_Source\PSoC5/IntBluetoothUART_1.c **** /*******************************************************************************
  46:Generated_Source\PSoC5/IntBluetoothUART_1.c **** * Function Name: IntBluetoothUART_1_Start
  47:Generated_Source\PSoC5/IntBluetoothUART_1.c **** ********************************************************************************
  48:Generated_Source\PSoC5/IntBluetoothUART_1.c **** *
  49:Generated_Source\PSoC5/IntBluetoothUART_1.c **** * Summary:
  50:Generated_Source\PSoC5/IntBluetoothUART_1.c **** *  Set up the interrupt and enable it. This function disables the interrupt, 
  51:Generated_Source\PSoC5/IntBluetoothUART_1.c **** *  sets the default interrupt vector, sets the priority from the value in the
  52:Generated_Source\PSoC5/IntBluetoothUART_1.c **** *  Design Wide Resources Interrupt Editor, then enables the interrupt to the 
  53:Generated_Source\PSoC5/IntBluetoothUART_1.c **** *  interrupt controller.
  54:Generated_Source\PSoC5/IntBluetoothUART_1.c **** *
  55:Generated_Source\PSoC5/IntBluetoothUART_1.c **** * Parameters:  
  56:Generated_Source\PSoC5/IntBluetoothUART_1.c **** *   None
  57:Generated_Source\PSoC5/IntBluetoothUART_1.c **** *
  58:Generated_Source\PSoC5/IntBluetoothUART_1.c **** * Return:
  59:Generated_Source\PSoC5/IntBluetoothUART_1.c **** *   None
  60:Generated_Source\PSoC5/IntBluetoothUART_1.c **** *
  61:Generated_Source\PSoC5/IntBluetoothUART_1.c **** *******************************************************************************/
  62:Generated_Source\PSoC5/IntBluetoothUART_1.c **** void IntBluetoothUART_1_Start(void)
  63:Generated_Source\PSoC5/IntBluetoothUART_1.c **** {
  64:Generated_Source\PSoC5/IntBluetoothUART_1.c ****     /* For all we know the interrupt is active. */
  65:Generated_Source\PSoC5/IntBluetoothUART_1.c ****     IntBluetoothUART_1_Disable();
  66:Generated_Source\PSoC5/IntBluetoothUART_1.c **** 
  67:Generated_Source\PSoC5/IntBluetoothUART_1.c ****     /* Set the ISR to point to the IntBluetoothUART_1 Interrupt. */
  68:Generated_Source\PSoC5/IntBluetoothUART_1.c ****     IntBluetoothUART_1_SetVector(&IntBluetoothUART_1_Interrupt);
  69:Generated_Source\PSoC5/IntBluetoothUART_1.c **** 
  70:Generated_Source\PSoC5/IntBluetoothUART_1.c ****     /* Set the priority. */
  71:Generated_Source\PSoC5/IntBluetoothUART_1.c ****     IntBluetoothUART_1_SetPriority((uint8)IntBluetoothUART_1_INTC_PRIOR_NUMBER);
  72:Generated_Source\PSoC5/IntBluetoothUART_1.c **** 
  73:Generated_Source\PSoC5/IntBluetoothUART_1.c ****     /* Enable it. */
  74:Generated_Source\PSoC5/IntBluetoothUART_1.c ****     IntBluetoothUART_1_Enable();
  75:Generated_Source\PSoC5/IntBluetoothUART_1.c **** }
  76:Generated_Source\PSoC5/IntBluetoothUART_1.c **** 
  77:Generated_Source\PSoC5/IntBluetoothUART_1.c **** 
  78:Generated_Source\PSoC5/IntBluetoothUART_1.c **** /*******************************************************************************
  79:Generated_Source\PSoC5/IntBluetoothUART_1.c **** * Function Name: IntBluetoothUART_1_StartEx
  80:Generated_Source\PSoC5/IntBluetoothUART_1.c **** ********************************************************************************
  81:Generated_Source\PSoC5/IntBluetoothUART_1.c **** *
  82:Generated_Source\PSoC5/IntBluetoothUART_1.c **** * Summary:
  83:Generated_Source\PSoC5/IntBluetoothUART_1.c **** *  Sets up the interrupt and enables it. This function disables the interrupt,
  84:Generated_Source\PSoC5/IntBluetoothUART_1.c **** *  sets the interrupt vector based on the address passed in, sets the priority 
  85:Generated_Source\PSoC5/IntBluetoothUART_1.c **** *  from the value in the Design Wide Resources Interrupt Editor, then enables 
  86:Generated_Source\PSoC5/IntBluetoothUART_1.c **** *  the interrupt to the interrupt controller.
  87:Generated_Source\PSoC5/IntBluetoothUART_1.c **** *  
ARM GAS  C:\Users\bchir\AppData\Local\Temp\cceQytf2.s 			page 3


  88:Generated_Source\PSoC5/IntBluetoothUART_1.c **** *  When defining ISR functions, the CY_ISR and CY_ISR_PROTO macros should be 
  89:Generated_Source\PSoC5/IntBluetoothUART_1.c **** *  used to provide consistent definition across compilers:
  90:Generated_Source\PSoC5/IntBluetoothUART_1.c **** *  
  91:Generated_Source\PSoC5/IntBluetoothUART_1.c **** *  Function definition example:
  92:Generated_Source\PSoC5/IntBluetoothUART_1.c **** *   CY_ISR(MyISR)
  93:Generated_Source\PSoC5/IntBluetoothUART_1.c **** *   {
  94:Generated_Source\PSoC5/IntBluetoothUART_1.c **** *   }
  95:Generated_Source\PSoC5/IntBluetoothUART_1.c **** *   Function prototype example:
  96:Generated_Source\PSoC5/IntBluetoothUART_1.c **** *   CY_ISR_PROTO(MyISR);
  97:Generated_Source\PSoC5/IntBluetoothUART_1.c **** *
  98:Generated_Source\PSoC5/IntBluetoothUART_1.c **** * Parameters:  
  99:Generated_Source\PSoC5/IntBluetoothUART_1.c **** *   address: Address of the ISR to set in the interrupt vector table.
 100:Generated_Source\PSoC5/IntBluetoothUART_1.c **** *
 101:Generated_Source\PSoC5/IntBluetoothUART_1.c **** * Return:
 102:Generated_Source\PSoC5/IntBluetoothUART_1.c **** *   None
 103:Generated_Source\PSoC5/IntBluetoothUART_1.c **** *
 104:Generated_Source\PSoC5/IntBluetoothUART_1.c **** *******************************************************************************/
 105:Generated_Source\PSoC5/IntBluetoothUART_1.c **** void IntBluetoothUART_1_StartEx(cyisraddress address)
 106:Generated_Source\PSoC5/IntBluetoothUART_1.c **** {
 107:Generated_Source\PSoC5/IntBluetoothUART_1.c ****     /* For all we know the interrupt is active. */
 108:Generated_Source\PSoC5/IntBluetoothUART_1.c ****     IntBluetoothUART_1_Disable();
 109:Generated_Source\PSoC5/IntBluetoothUART_1.c **** 
 110:Generated_Source\PSoC5/IntBluetoothUART_1.c ****     /* Set the ISR to point to the IntBluetoothUART_1 Interrupt. */
 111:Generated_Source\PSoC5/IntBluetoothUART_1.c ****     IntBluetoothUART_1_SetVector(address);
 112:Generated_Source\PSoC5/IntBluetoothUART_1.c **** 
 113:Generated_Source\PSoC5/IntBluetoothUART_1.c ****     /* Set the priority. */
 114:Generated_Source\PSoC5/IntBluetoothUART_1.c ****     IntBluetoothUART_1_SetPriority((uint8)IntBluetoothUART_1_INTC_PRIOR_NUMBER);
 115:Generated_Source\PSoC5/IntBluetoothUART_1.c **** 
 116:Generated_Source\PSoC5/IntBluetoothUART_1.c ****     /* Enable it. */
 117:Generated_Source\PSoC5/IntBluetoothUART_1.c ****     IntBluetoothUART_1_Enable();
 118:Generated_Source\PSoC5/IntBluetoothUART_1.c **** }
 119:Generated_Source\PSoC5/IntBluetoothUART_1.c **** 
 120:Generated_Source\PSoC5/IntBluetoothUART_1.c **** 
 121:Generated_Source\PSoC5/IntBluetoothUART_1.c **** /*******************************************************************************
 122:Generated_Source\PSoC5/IntBluetoothUART_1.c **** * Function Name: IntBluetoothUART_1_Stop
 123:Generated_Source\PSoC5/IntBluetoothUART_1.c **** ********************************************************************************
 124:Generated_Source\PSoC5/IntBluetoothUART_1.c **** *
 125:Generated_Source\PSoC5/IntBluetoothUART_1.c **** * Summary:
 126:Generated_Source\PSoC5/IntBluetoothUART_1.c **** *   Disables and removes the interrupt.
 127:Generated_Source\PSoC5/IntBluetoothUART_1.c **** *
 128:Generated_Source\PSoC5/IntBluetoothUART_1.c **** * Parameters:  
 129:Generated_Source\PSoC5/IntBluetoothUART_1.c **** *   None
 130:Generated_Source\PSoC5/IntBluetoothUART_1.c **** *
 131:Generated_Source\PSoC5/IntBluetoothUART_1.c **** * Return:
 132:Generated_Source\PSoC5/IntBluetoothUART_1.c **** *   None
 133:Generated_Source\PSoC5/IntBluetoothUART_1.c **** *
 134:Generated_Source\PSoC5/IntBluetoothUART_1.c **** *******************************************************************************/
 135:Generated_Source\PSoC5/IntBluetoothUART_1.c **** void IntBluetoothUART_1_Stop(void)
 136:Generated_Source\PSoC5/IntBluetoothUART_1.c **** {
 137:Generated_Source\PSoC5/IntBluetoothUART_1.c ****     /* Disable this interrupt. */
 138:Generated_Source\PSoC5/IntBluetoothUART_1.c ****     IntBluetoothUART_1_Disable();
 139:Generated_Source\PSoC5/IntBluetoothUART_1.c **** 
 140:Generated_Source\PSoC5/IntBluetoothUART_1.c ****     /* Set the ISR to point to the passive one. */
 141:Generated_Source\PSoC5/IntBluetoothUART_1.c ****     IntBluetoothUART_1_SetVector(&IntDefaultHandler);
 142:Generated_Source\PSoC5/IntBluetoothUART_1.c **** }
 143:Generated_Source\PSoC5/IntBluetoothUART_1.c **** 
 144:Generated_Source\PSoC5/IntBluetoothUART_1.c **** 
ARM GAS  C:\Users\bchir\AppData\Local\Temp\cceQytf2.s 			page 4


 145:Generated_Source\PSoC5/IntBluetoothUART_1.c **** /*******************************************************************************
 146:Generated_Source\PSoC5/IntBluetoothUART_1.c **** * Function Name: IntBluetoothUART_1_Interrupt
 147:Generated_Source\PSoC5/IntBluetoothUART_1.c **** ********************************************************************************
 148:Generated_Source\PSoC5/IntBluetoothUART_1.c **** *
 149:Generated_Source\PSoC5/IntBluetoothUART_1.c **** * Summary:
 150:Generated_Source\PSoC5/IntBluetoothUART_1.c **** *   The default Interrupt Service Routine for IntBluetoothUART_1.
 151:Generated_Source\PSoC5/IntBluetoothUART_1.c **** *
 152:Generated_Source\PSoC5/IntBluetoothUART_1.c **** *   Add custom code between the coments to keep the next version of this file
 153:Generated_Source\PSoC5/IntBluetoothUART_1.c **** *   from over writting your code.
 154:Generated_Source\PSoC5/IntBluetoothUART_1.c **** *
 155:Generated_Source\PSoC5/IntBluetoothUART_1.c **** * Parameters:  
 156:Generated_Source\PSoC5/IntBluetoothUART_1.c **** *
 157:Generated_Source\PSoC5/IntBluetoothUART_1.c **** * Return:
 158:Generated_Source\PSoC5/IntBluetoothUART_1.c **** *   None
 159:Generated_Source\PSoC5/IntBluetoothUART_1.c **** *
 160:Generated_Source\PSoC5/IntBluetoothUART_1.c **** *******************************************************************************/
 161:Generated_Source\PSoC5/IntBluetoothUART_1.c **** CY_ISR(IntBluetoothUART_1_Interrupt)
 162:Generated_Source\PSoC5/IntBluetoothUART_1.c **** {
  28              		.loc 1 162 0
  29              		.cfi_startproc
  30              		@ args = 0, pretend = 0, frame = 0
  31              		@ frame_needed = 0, uses_anonymous_args = 0
  32 0000 08B5     		push	{r3, lr}
  33              		.cfi_def_cfa_offset 8
  34              		.cfi_offset 3, -8
  35              		.cfi_offset 14, -4
 163:Generated_Source\PSoC5/IntBluetoothUART_1.c ****     #ifdef IntBluetoothUART_1_INTERRUPT_INTERRUPT_CALLBACK
 164:Generated_Source\PSoC5/IntBluetoothUART_1.c ****         IntBluetoothUART_1_Interrupt_InterruptCallback();
 165:Generated_Source\PSoC5/IntBluetoothUART_1.c ****     #endif /* IntBluetoothUART_1_INTERRUPT_INTERRUPT_CALLBACK */ 
 166:Generated_Source\PSoC5/IntBluetoothUART_1.c **** 
 167:Generated_Source\PSoC5/IntBluetoothUART_1.c ****     /*  Place your Interrupt code here. */
 168:Generated_Source\PSoC5/IntBluetoothUART_1.c ****     /* `#START IntBluetoothUART_1_Interrupt` */
 169:Generated_Source\PSoC5/IntBluetoothUART_1.c ****         static volatile int x = 0;
 170:Generated_Source\PSoC5/IntBluetoothUART_1.c ****         Counter_1_ReadStatusRegister();
  36              		.loc 1 170 0
  37 0002 FFF7FEFF 		bl	Counter_1_ReadStatusRegister
  38              	.LVL0:
 171:Generated_Source\PSoC5/IntBluetoothUART_1.c ****     
 172:Generated_Source\PSoC5/IntBluetoothUART_1.c ****         x++;
  39              		.loc 1 172 0
  40 0006 024A     		ldr	r2, .L3
  41 0008 1368     		ldr	r3, [r2]
  42 000a 0133     		adds	r3, r3, #1
  43 000c 1360     		str	r3, [r2]
  44 000e 08BD     		pop	{r3, pc}
  45              	.L4:
  46              		.align	2
  47              	.L3:
  48 0010 00000000 		.word	.LANCHOR0
  49              		.cfi_endproc
  50              	.LFE3:
  51              		.size	IntBluetoothUART_1_Interrupt, .-IntBluetoothUART_1_Interrupt
  52              		.section	.text.IntBluetoothUART_1_SetVector,"ax",%progbits
  53              		.align	2
  54              		.global	IntBluetoothUART_1_SetVector
  55              		.thumb
  56              		.thumb_func
ARM GAS  C:\Users\bchir\AppData\Local\Temp\cceQytf2.s 			page 5


  57              		.type	IntBluetoothUART_1_SetVector, %function
  58              	IntBluetoothUART_1_SetVector:
  59              	.LFB4:
 173:Generated_Source\PSoC5/IntBluetoothUART_1.c ****     /* `#END` */
 174:Generated_Source\PSoC5/IntBluetoothUART_1.c **** }
 175:Generated_Source\PSoC5/IntBluetoothUART_1.c **** 
 176:Generated_Source\PSoC5/IntBluetoothUART_1.c **** 
 177:Generated_Source\PSoC5/IntBluetoothUART_1.c **** /*******************************************************************************
 178:Generated_Source\PSoC5/IntBluetoothUART_1.c **** * Function Name: IntBluetoothUART_1_SetVector
 179:Generated_Source\PSoC5/IntBluetoothUART_1.c **** ********************************************************************************
 180:Generated_Source\PSoC5/IntBluetoothUART_1.c **** *
 181:Generated_Source\PSoC5/IntBluetoothUART_1.c **** * Summary:
 182:Generated_Source\PSoC5/IntBluetoothUART_1.c **** *   Change the ISR vector for the Interrupt. Note calling IntBluetoothUART_1_Start
 183:Generated_Source\PSoC5/IntBluetoothUART_1.c **** *   will override any effect this method would have had. To set the vector 
 184:Generated_Source\PSoC5/IntBluetoothUART_1.c **** *   before the component has been started use IntBluetoothUART_1_StartEx instead.
 185:Generated_Source\PSoC5/IntBluetoothUART_1.c **** * 
 186:Generated_Source\PSoC5/IntBluetoothUART_1.c **** *   When defining ISR functions, the CY_ISR and CY_ISR_PROTO macros should be 
 187:Generated_Source\PSoC5/IntBluetoothUART_1.c **** *   used to provide consistent definition across compilers:
 188:Generated_Source\PSoC5/IntBluetoothUART_1.c **** *
 189:Generated_Source\PSoC5/IntBluetoothUART_1.c **** *   Function definition example:
 190:Generated_Source\PSoC5/IntBluetoothUART_1.c **** *   CY_ISR(MyISR)
 191:Generated_Source\PSoC5/IntBluetoothUART_1.c **** *   {
 192:Generated_Source\PSoC5/IntBluetoothUART_1.c **** *   }
 193:Generated_Source\PSoC5/IntBluetoothUART_1.c **** *
 194:Generated_Source\PSoC5/IntBluetoothUART_1.c **** *   Function prototype example:
 195:Generated_Source\PSoC5/IntBluetoothUART_1.c **** *     CY_ISR_PROTO(MyISR);
 196:Generated_Source\PSoC5/IntBluetoothUART_1.c **** *
 197:Generated_Source\PSoC5/IntBluetoothUART_1.c **** * Parameters:
 198:Generated_Source\PSoC5/IntBluetoothUART_1.c **** *   address: Address of the ISR to set in the interrupt vector table.
 199:Generated_Source\PSoC5/IntBluetoothUART_1.c **** *
 200:Generated_Source\PSoC5/IntBluetoothUART_1.c **** * Return:
 201:Generated_Source\PSoC5/IntBluetoothUART_1.c **** *   None
 202:Generated_Source\PSoC5/IntBluetoothUART_1.c **** *
 203:Generated_Source\PSoC5/IntBluetoothUART_1.c **** *******************************************************************************/
 204:Generated_Source\PSoC5/IntBluetoothUART_1.c **** void IntBluetoothUART_1_SetVector(cyisraddress address)
 205:Generated_Source\PSoC5/IntBluetoothUART_1.c **** {
  60              		.loc 1 205 0
  61              		.cfi_startproc
  62              		@ args = 0, pretend = 0, frame = 0
  63              		@ frame_needed = 0, uses_anonymous_args = 0
  64              		@ link register save eliminated.
  65              	.LVL1:
 206:Generated_Source\PSoC5/IntBluetoothUART_1.c ****     cyisraddress * ramVectorTable;
 207:Generated_Source\PSoC5/IntBluetoothUART_1.c **** 
 208:Generated_Source\PSoC5/IntBluetoothUART_1.c ****     ramVectorTable = (cyisraddress *) *CYINT_VECT_TABLE;
  66              		.loc 1 208 0
  67 0000 014B     		ldr	r3, .L6
  68 0002 1B68     		ldr	r3, [r3]
  69              	.LVL2:
 209:Generated_Source\PSoC5/IntBluetoothUART_1.c **** 
 210:Generated_Source\PSoC5/IntBluetoothUART_1.c ****     ramVectorTable[CYINT_IRQ_BASE + (uint32)IntBluetoothUART_1__INTC_NUMBER] = address;
  70              		.loc 1 210 0
  71 0004 5864     		str	r0, [r3, #68]
  72 0006 7047     		bx	lr
  73              	.L7:
  74              		.align	2
  75              	.L6:
ARM GAS  C:\Users\bchir\AppData\Local\Temp\cceQytf2.s 			page 6


  76 0008 08ED00E0 		.word	-536810232
  77              		.cfi_endproc
  78              	.LFE4:
  79              		.size	IntBluetoothUART_1_SetVector, .-IntBluetoothUART_1_SetVector
  80              		.section	.text.IntBluetoothUART_1_GetVector,"ax",%progbits
  81              		.align	2
  82              		.global	IntBluetoothUART_1_GetVector
  83              		.thumb
  84              		.thumb_func
  85              		.type	IntBluetoothUART_1_GetVector, %function
  86              	IntBluetoothUART_1_GetVector:
  87              	.LFB5:
 211:Generated_Source\PSoC5/IntBluetoothUART_1.c **** }
 212:Generated_Source\PSoC5/IntBluetoothUART_1.c **** 
 213:Generated_Source\PSoC5/IntBluetoothUART_1.c **** 
 214:Generated_Source\PSoC5/IntBluetoothUART_1.c **** /*******************************************************************************
 215:Generated_Source\PSoC5/IntBluetoothUART_1.c **** * Function Name: IntBluetoothUART_1_GetVector
 216:Generated_Source\PSoC5/IntBluetoothUART_1.c **** ********************************************************************************
 217:Generated_Source\PSoC5/IntBluetoothUART_1.c **** *
 218:Generated_Source\PSoC5/IntBluetoothUART_1.c **** * Summary:
 219:Generated_Source\PSoC5/IntBluetoothUART_1.c **** *   Gets the "address" of the current ISR vector for the Interrupt.
 220:Generated_Source\PSoC5/IntBluetoothUART_1.c **** *
 221:Generated_Source\PSoC5/IntBluetoothUART_1.c **** * Parameters:
 222:Generated_Source\PSoC5/IntBluetoothUART_1.c **** *   None
 223:Generated_Source\PSoC5/IntBluetoothUART_1.c **** *
 224:Generated_Source\PSoC5/IntBluetoothUART_1.c **** * Return:
 225:Generated_Source\PSoC5/IntBluetoothUART_1.c **** *   Address of the ISR in the interrupt vector table.
 226:Generated_Source\PSoC5/IntBluetoothUART_1.c **** *
 227:Generated_Source\PSoC5/IntBluetoothUART_1.c **** *******************************************************************************/
 228:Generated_Source\PSoC5/IntBluetoothUART_1.c **** cyisraddress IntBluetoothUART_1_GetVector(void)
 229:Generated_Source\PSoC5/IntBluetoothUART_1.c **** {
  88              		.loc 1 229 0
  89              		.cfi_startproc
  90              		@ args = 0, pretend = 0, frame = 0
  91              		@ frame_needed = 0, uses_anonymous_args = 0
  92              		@ link register save eliminated.
 230:Generated_Source\PSoC5/IntBluetoothUART_1.c ****     cyisraddress * ramVectorTable;
 231:Generated_Source\PSoC5/IntBluetoothUART_1.c **** 
 232:Generated_Source\PSoC5/IntBluetoothUART_1.c ****     ramVectorTable = (cyisraddress *) *CYINT_VECT_TABLE;
  93              		.loc 1 232 0
  94 0000 014B     		ldr	r3, .L9
  95 0002 1B68     		ldr	r3, [r3]
  96              	.LVL3:
 233:Generated_Source\PSoC5/IntBluetoothUART_1.c **** 
 234:Generated_Source\PSoC5/IntBluetoothUART_1.c ****     return ramVectorTable[CYINT_IRQ_BASE + (uint32)IntBluetoothUART_1__INTC_NUMBER];
 235:Generated_Source\PSoC5/IntBluetoothUART_1.c **** }
  97              		.loc 1 235 0
  98 0004 586C     		ldr	r0, [r3, #68]
  99 0006 7047     		bx	lr
 100              	.L10:
 101              		.align	2
 102              	.L9:
 103 0008 08ED00E0 		.word	-536810232
 104              		.cfi_endproc
 105              	.LFE5:
 106              		.size	IntBluetoothUART_1_GetVector, .-IntBluetoothUART_1_GetVector
 107              		.section	.text.IntBluetoothUART_1_SetPriority,"ax",%progbits
ARM GAS  C:\Users\bchir\AppData\Local\Temp\cceQytf2.s 			page 7


 108              		.align	2
 109              		.global	IntBluetoothUART_1_SetPriority
 110              		.thumb
 111              		.thumb_func
 112              		.type	IntBluetoothUART_1_SetPriority, %function
 113              	IntBluetoothUART_1_SetPriority:
 114              	.LFB6:
 236:Generated_Source\PSoC5/IntBluetoothUART_1.c **** 
 237:Generated_Source\PSoC5/IntBluetoothUART_1.c **** 
 238:Generated_Source\PSoC5/IntBluetoothUART_1.c **** /*******************************************************************************
 239:Generated_Source\PSoC5/IntBluetoothUART_1.c **** * Function Name: IntBluetoothUART_1_SetPriority
 240:Generated_Source\PSoC5/IntBluetoothUART_1.c **** ********************************************************************************
 241:Generated_Source\PSoC5/IntBluetoothUART_1.c **** *
 242:Generated_Source\PSoC5/IntBluetoothUART_1.c **** * Summary:
 243:Generated_Source\PSoC5/IntBluetoothUART_1.c **** *   Sets the Priority of the Interrupt. 
 244:Generated_Source\PSoC5/IntBluetoothUART_1.c **** *
 245:Generated_Source\PSoC5/IntBluetoothUART_1.c **** *   Note calling IntBluetoothUART_1_Start or IntBluetoothUART_1_StartEx will 
 246:Generated_Source\PSoC5/IntBluetoothUART_1.c **** *   override any effect this API would have had. This API should only be called
 247:Generated_Source\PSoC5/IntBluetoothUART_1.c **** *   after IntBluetoothUART_1_Start or IntBluetoothUART_1_StartEx has been called. 
 248:Generated_Source\PSoC5/IntBluetoothUART_1.c **** *   To set the initial priority for the component, use the Design-Wide Resources
 249:Generated_Source\PSoC5/IntBluetoothUART_1.c **** *   Interrupt Editor.
 250:Generated_Source\PSoC5/IntBluetoothUART_1.c **** *
 251:Generated_Source\PSoC5/IntBluetoothUART_1.c **** *   Note This API has no effect on Non-maskable interrupt NMI).
 252:Generated_Source\PSoC5/IntBluetoothUART_1.c **** *
 253:Generated_Source\PSoC5/IntBluetoothUART_1.c **** * Parameters:
 254:Generated_Source\PSoC5/IntBluetoothUART_1.c **** *   priority: Priority of the interrupt, 0 being the highest priority
 255:Generated_Source\PSoC5/IntBluetoothUART_1.c **** *             PSoC 3 and PSoC 5LP: Priority is from 0 to 7.
 256:Generated_Source\PSoC5/IntBluetoothUART_1.c **** *             PSoC 4: Priority is from 0 to 3.
 257:Generated_Source\PSoC5/IntBluetoothUART_1.c **** *
 258:Generated_Source\PSoC5/IntBluetoothUART_1.c **** * Return:
 259:Generated_Source\PSoC5/IntBluetoothUART_1.c **** *   None
 260:Generated_Source\PSoC5/IntBluetoothUART_1.c **** *
 261:Generated_Source\PSoC5/IntBluetoothUART_1.c **** *******************************************************************************/
 262:Generated_Source\PSoC5/IntBluetoothUART_1.c **** void IntBluetoothUART_1_SetPriority(uint8 priority)
 263:Generated_Source\PSoC5/IntBluetoothUART_1.c **** {
 115              		.loc 1 263 0
 116              		.cfi_startproc
 117              		@ args = 0, pretend = 0, frame = 0
 118              		@ frame_needed = 0, uses_anonymous_args = 0
 119              		@ link register save eliminated.
 120              	.LVL4:
 264:Generated_Source\PSoC5/IntBluetoothUART_1.c ****     *IntBluetoothUART_1_INTC_PRIOR = priority << 5;
 121              		.loc 1 264 0
 122 0000 4001     		lsls	r0, r0, #5
 123              	.LVL5:
 124 0002 C0B2     		uxtb	r0, r0
 125 0004 014B     		ldr	r3, .L12
 126 0006 1870     		strb	r0, [r3]
 127 0008 7047     		bx	lr
 128              	.L13:
 129 000a 00BF     		.align	2
 130              	.L12:
 131 000c 01E400E0 		.word	-536812543
 132              		.cfi_endproc
 133              	.LFE6:
 134              		.size	IntBluetoothUART_1_SetPriority, .-IntBluetoothUART_1_SetPriority
 135              		.section	.text.IntBluetoothUART_1_GetPriority,"ax",%progbits
ARM GAS  C:\Users\bchir\AppData\Local\Temp\cceQytf2.s 			page 8


 136              		.align	2
 137              		.global	IntBluetoothUART_1_GetPriority
 138              		.thumb
 139              		.thumb_func
 140              		.type	IntBluetoothUART_1_GetPriority, %function
 141              	IntBluetoothUART_1_GetPriority:
 142              	.LFB7:
 265:Generated_Source\PSoC5/IntBluetoothUART_1.c **** }
 266:Generated_Source\PSoC5/IntBluetoothUART_1.c **** 
 267:Generated_Source\PSoC5/IntBluetoothUART_1.c **** 
 268:Generated_Source\PSoC5/IntBluetoothUART_1.c **** /*******************************************************************************
 269:Generated_Source\PSoC5/IntBluetoothUART_1.c **** * Function Name: IntBluetoothUART_1_GetPriority
 270:Generated_Source\PSoC5/IntBluetoothUART_1.c **** ********************************************************************************
 271:Generated_Source\PSoC5/IntBluetoothUART_1.c **** *
 272:Generated_Source\PSoC5/IntBluetoothUART_1.c **** * Summary:
 273:Generated_Source\PSoC5/IntBluetoothUART_1.c **** *   Gets the Priority of the Interrupt.
 274:Generated_Source\PSoC5/IntBluetoothUART_1.c **** *
 275:Generated_Source\PSoC5/IntBluetoothUART_1.c **** * Parameters:
 276:Generated_Source\PSoC5/IntBluetoothUART_1.c **** *   None
 277:Generated_Source\PSoC5/IntBluetoothUART_1.c **** *
 278:Generated_Source\PSoC5/IntBluetoothUART_1.c **** * Return:
 279:Generated_Source\PSoC5/IntBluetoothUART_1.c **** *   Priority of the interrupt, 0 being the highest priority
 280:Generated_Source\PSoC5/IntBluetoothUART_1.c **** *    PSoC 3 and PSoC 5LP: Priority is from 0 to 7.
 281:Generated_Source\PSoC5/IntBluetoothUART_1.c **** *    PSoC 4: Priority is from 0 to 3.
 282:Generated_Source\PSoC5/IntBluetoothUART_1.c **** *
 283:Generated_Source\PSoC5/IntBluetoothUART_1.c **** *******************************************************************************/
 284:Generated_Source\PSoC5/IntBluetoothUART_1.c **** uint8 IntBluetoothUART_1_GetPriority(void)
 285:Generated_Source\PSoC5/IntBluetoothUART_1.c **** {
 143              		.loc 1 285 0
 144              		.cfi_startproc
 145              		@ args = 0, pretend = 0, frame = 0
 146              		@ frame_needed = 0, uses_anonymous_args = 0
 147              		@ link register save eliminated.
 286:Generated_Source\PSoC5/IntBluetoothUART_1.c ****     uint8 priority;
 287:Generated_Source\PSoC5/IntBluetoothUART_1.c **** 
 288:Generated_Source\PSoC5/IntBluetoothUART_1.c **** 
 289:Generated_Source\PSoC5/IntBluetoothUART_1.c ****     priority = *IntBluetoothUART_1_INTC_PRIOR >> 5;
 148              		.loc 1 289 0
 149 0000 014B     		ldr	r3, .L15
 150 0002 1878     		ldrb	r0, [r3]	@ zero_extendqisi2
 151              	.LVL6:
 290:Generated_Source\PSoC5/IntBluetoothUART_1.c **** 
 291:Generated_Source\PSoC5/IntBluetoothUART_1.c ****     return priority;
 292:Generated_Source\PSoC5/IntBluetoothUART_1.c **** }
 152              		.loc 1 292 0
 153 0004 4009     		lsrs	r0, r0, #5
 154              	.LVL7:
 155 0006 7047     		bx	lr
 156              	.L16:
 157              		.align	2
 158              	.L15:
 159 0008 01E400E0 		.word	-536812543
 160              		.cfi_endproc
 161              	.LFE7:
 162              		.size	IntBluetoothUART_1_GetPriority, .-IntBluetoothUART_1_GetPriority
 163              		.section	.text.IntBluetoothUART_1_Enable,"ax",%progbits
 164              		.align	2
ARM GAS  C:\Users\bchir\AppData\Local\Temp\cceQytf2.s 			page 9


 165              		.global	IntBluetoothUART_1_Enable
 166              		.thumb
 167              		.thumb_func
 168              		.type	IntBluetoothUART_1_Enable, %function
 169              	IntBluetoothUART_1_Enable:
 170              	.LFB8:
 293:Generated_Source\PSoC5/IntBluetoothUART_1.c **** 
 294:Generated_Source\PSoC5/IntBluetoothUART_1.c **** 
 295:Generated_Source\PSoC5/IntBluetoothUART_1.c **** /*******************************************************************************
 296:Generated_Source\PSoC5/IntBluetoothUART_1.c **** * Function Name: IntBluetoothUART_1_Enable
 297:Generated_Source\PSoC5/IntBluetoothUART_1.c **** ********************************************************************************
 298:Generated_Source\PSoC5/IntBluetoothUART_1.c **** *
 299:Generated_Source\PSoC5/IntBluetoothUART_1.c **** * Summary:
 300:Generated_Source\PSoC5/IntBluetoothUART_1.c **** *   Enables the interrupt to the interrupt controller. Do not call this function
 301:Generated_Source\PSoC5/IntBluetoothUART_1.c **** *   unless ISR_Start() has been called or the functionality of the ISR_Start() 
 302:Generated_Source\PSoC5/IntBluetoothUART_1.c **** *   function, which sets the vector and the priority, has been called.
 303:Generated_Source\PSoC5/IntBluetoothUART_1.c **** *
 304:Generated_Source\PSoC5/IntBluetoothUART_1.c **** * Parameters:
 305:Generated_Source\PSoC5/IntBluetoothUART_1.c **** *   None
 306:Generated_Source\PSoC5/IntBluetoothUART_1.c **** *
 307:Generated_Source\PSoC5/IntBluetoothUART_1.c **** * Return:
 308:Generated_Source\PSoC5/IntBluetoothUART_1.c **** *   None
 309:Generated_Source\PSoC5/IntBluetoothUART_1.c **** *
 310:Generated_Source\PSoC5/IntBluetoothUART_1.c **** *******************************************************************************/
 311:Generated_Source\PSoC5/IntBluetoothUART_1.c **** void IntBluetoothUART_1_Enable(void)
 312:Generated_Source\PSoC5/IntBluetoothUART_1.c **** {
 171              		.loc 1 312 0
 172              		.cfi_startproc
 173              		@ args = 0, pretend = 0, frame = 0
 174              		@ frame_needed = 0, uses_anonymous_args = 0
 175              		@ link register save eliminated.
 313:Generated_Source\PSoC5/IntBluetoothUART_1.c ****     /* Enable the general interrupt. */
 314:Generated_Source\PSoC5/IntBluetoothUART_1.c ****     *IntBluetoothUART_1_INTC_SET_EN = IntBluetoothUART_1__INTC_MASK;
 176              		.loc 1 314 0
 177 0000 0222     		movs	r2, #2
 178 0002 014B     		ldr	r3, .L18
 179 0004 1A60     		str	r2, [r3]
 180 0006 7047     		bx	lr
 181              	.L19:
 182              		.align	2
 183              	.L18:
 184 0008 00E100E0 		.word	-536813312
 185              		.cfi_endproc
 186              	.LFE8:
 187              		.size	IntBluetoothUART_1_Enable, .-IntBluetoothUART_1_Enable
 188              		.section	.text.IntBluetoothUART_1_GetState,"ax",%progbits
 189              		.align	2
 190              		.global	IntBluetoothUART_1_GetState
 191              		.thumb
 192              		.thumb_func
 193              		.type	IntBluetoothUART_1_GetState, %function
 194              	IntBluetoothUART_1_GetState:
 195              	.LFB9:
 315:Generated_Source\PSoC5/IntBluetoothUART_1.c **** }
 316:Generated_Source\PSoC5/IntBluetoothUART_1.c **** 
 317:Generated_Source\PSoC5/IntBluetoothUART_1.c **** 
 318:Generated_Source\PSoC5/IntBluetoothUART_1.c **** /*******************************************************************************
ARM GAS  C:\Users\bchir\AppData\Local\Temp\cceQytf2.s 			page 10


 319:Generated_Source\PSoC5/IntBluetoothUART_1.c **** * Function Name: IntBluetoothUART_1_GetState
 320:Generated_Source\PSoC5/IntBluetoothUART_1.c **** ********************************************************************************
 321:Generated_Source\PSoC5/IntBluetoothUART_1.c **** *
 322:Generated_Source\PSoC5/IntBluetoothUART_1.c **** * Summary:
 323:Generated_Source\PSoC5/IntBluetoothUART_1.c **** *   Gets the state (enabled, disabled) of the Interrupt.
 324:Generated_Source\PSoC5/IntBluetoothUART_1.c **** *
 325:Generated_Source\PSoC5/IntBluetoothUART_1.c **** * Parameters:
 326:Generated_Source\PSoC5/IntBluetoothUART_1.c **** *   None
 327:Generated_Source\PSoC5/IntBluetoothUART_1.c **** *
 328:Generated_Source\PSoC5/IntBluetoothUART_1.c **** * Return:
 329:Generated_Source\PSoC5/IntBluetoothUART_1.c **** *   1 if enabled, 0 if disabled.
 330:Generated_Source\PSoC5/IntBluetoothUART_1.c **** *
 331:Generated_Source\PSoC5/IntBluetoothUART_1.c **** *******************************************************************************/
 332:Generated_Source\PSoC5/IntBluetoothUART_1.c **** uint8 IntBluetoothUART_1_GetState(void)
 333:Generated_Source\PSoC5/IntBluetoothUART_1.c **** {
 196              		.loc 1 333 0
 197              		.cfi_startproc
 198              		@ args = 0, pretend = 0, frame = 0
 199              		@ frame_needed = 0, uses_anonymous_args = 0
 200              		@ link register save eliminated.
 334:Generated_Source\PSoC5/IntBluetoothUART_1.c ****     /* Get the state of the general interrupt. */
 335:Generated_Source\PSoC5/IntBluetoothUART_1.c ****     return ((*IntBluetoothUART_1_INTC_SET_EN & (uint32)IntBluetoothUART_1__INTC_MASK) != 0u) ? 1u:0
 201              		.loc 1 335 0
 202 0000 044B     		ldr	r3, .L23
 203 0002 1B68     		ldr	r3, [r3]
 204 0004 13F0020F 		tst	r3, #2
 205 0008 01D0     		beq	.L22
 206 000a 0120     		movs	r0, #1
 207 000c 7047     		bx	lr
 208              	.L22:
 209 000e 0020     		movs	r0, #0
 336:Generated_Source\PSoC5/IntBluetoothUART_1.c **** }
 210              		.loc 1 336 0
 211 0010 7047     		bx	lr
 212              	.L24:
 213 0012 00BF     		.align	2
 214              	.L23:
 215 0014 00E100E0 		.word	-536813312
 216              		.cfi_endproc
 217              	.LFE9:
 218              		.size	IntBluetoothUART_1_GetState, .-IntBluetoothUART_1_GetState
 219              		.section	.text.IntBluetoothUART_1_Disable,"ax",%progbits
 220              		.align	2
 221              		.global	IntBluetoothUART_1_Disable
 222              		.thumb
 223              		.thumb_func
 224              		.type	IntBluetoothUART_1_Disable, %function
 225              	IntBluetoothUART_1_Disable:
 226              	.LFB10:
 337:Generated_Source\PSoC5/IntBluetoothUART_1.c **** 
 338:Generated_Source\PSoC5/IntBluetoothUART_1.c **** 
 339:Generated_Source\PSoC5/IntBluetoothUART_1.c **** /*******************************************************************************
 340:Generated_Source\PSoC5/IntBluetoothUART_1.c **** * Function Name: IntBluetoothUART_1_Disable
 341:Generated_Source\PSoC5/IntBluetoothUART_1.c **** ********************************************************************************
 342:Generated_Source\PSoC5/IntBluetoothUART_1.c **** *
 343:Generated_Source\PSoC5/IntBluetoothUART_1.c **** * Summary:
 344:Generated_Source\PSoC5/IntBluetoothUART_1.c **** *   Disables the Interrupt in the interrupt controller.
ARM GAS  C:\Users\bchir\AppData\Local\Temp\cceQytf2.s 			page 11


 345:Generated_Source\PSoC5/IntBluetoothUART_1.c **** *
 346:Generated_Source\PSoC5/IntBluetoothUART_1.c **** * Parameters:
 347:Generated_Source\PSoC5/IntBluetoothUART_1.c **** *   None
 348:Generated_Source\PSoC5/IntBluetoothUART_1.c **** *
 349:Generated_Source\PSoC5/IntBluetoothUART_1.c **** * Return:
 350:Generated_Source\PSoC5/IntBluetoothUART_1.c **** *   None
 351:Generated_Source\PSoC5/IntBluetoothUART_1.c **** *
 352:Generated_Source\PSoC5/IntBluetoothUART_1.c **** *******************************************************************************/
 353:Generated_Source\PSoC5/IntBluetoothUART_1.c **** void IntBluetoothUART_1_Disable(void)
 354:Generated_Source\PSoC5/IntBluetoothUART_1.c **** {
 227              		.loc 1 354 0
 228              		.cfi_startproc
 229              		@ args = 0, pretend = 0, frame = 0
 230              		@ frame_needed = 0, uses_anonymous_args = 0
 231              		@ link register save eliminated.
 355:Generated_Source\PSoC5/IntBluetoothUART_1.c ****     /* Disable the general interrupt. */
 356:Generated_Source\PSoC5/IntBluetoothUART_1.c ****     *IntBluetoothUART_1_INTC_CLR_EN = IntBluetoothUART_1__INTC_MASK;
 232              		.loc 1 356 0
 233 0000 0222     		movs	r2, #2
 234 0002 014B     		ldr	r3, .L26
 235 0004 1A60     		str	r2, [r3]
 236 0006 7047     		bx	lr
 237              	.L27:
 238              		.align	2
 239              	.L26:
 240 0008 80E100E0 		.word	-536813184
 241              		.cfi_endproc
 242              	.LFE10:
 243              		.size	IntBluetoothUART_1_Disable, .-IntBluetoothUART_1_Disable
 244              		.section	.text.IntBluetoothUART_1_Start,"ax",%progbits
 245              		.align	2
 246              		.global	IntBluetoothUART_1_Start
 247              		.thumb
 248              		.thumb_func
 249              		.type	IntBluetoothUART_1_Start, %function
 250              	IntBluetoothUART_1_Start:
 251              	.LFB0:
  63:Generated_Source\PSoC5/IntBluetoothUART_1.c ****     /* For all we know the interrupt is active. */
 252              		.loc 1 63 0
 253              		.cfi_startproc
 254              		@ args = 0, pretend = 0, frame = 0
 255              		@ frame_needed = 0, uses_anonymous_args = 0
 256 0000 08B5     		push	{r3, lr}
 257              		.cfi_def_cfa_offset 8
 258              		.cfi_offset 3, -8
 259              		.cfi_offset 14, -4
  65:Generated_Source\PSoC5/IntBluetoothUART_1.c **** 
 260              		.loc 1 65 0
 261 0002 FFF7FEFF 		bl	IntBluetoothUART_1_Disable
 262              	.LVL8:
  68:Generated_Source\PSoC5/IntBluetoothUART_1.c **** 
 263              		.loc 1 68 0
 264 0006 0448     		ldr	r0, .L30
 265 0008 FFF7FEFF 		bl	IntBluetoothUART_1_SetVector
 266              	.LVL9:
  71:Generated_Source\PSoC5/IntBluetoothUART_1.c **** 
 267              		.loc 1 71 0
ARM GAS  C:\Users\bchir\AppData\Local\Temp\cceQytf2.s 			page 12


 268 000c 0720     		movs	r0, #7
 269 000e FFF7FEFF 		bl	IntBluetoothUART_1_SetPriority
 270              	.LVL10:
  74:Generated_Source\PSoC5/IntBluetoothUART_1.c **** }
 271              		.loc 1 74 0
 272 0012 FFF7FEFF 		bl	IntBluetoothUART_1_Enable
 273              	.LVL11:
 274 0016 08BD     		pop	{r3, pc}
 275              	.L31:
 276              		.align	2
 277              	.L30:
 278 0018 00000000 		.word	IntBluetoothUART_1_Interrupt
 279              		.cfi_endproc
 280              	.LFE0:
 281              		.size	IntBluetoothUART_1_Start, .-IntBluetoothUART_1_Start
 282              		.section	.text.IntBluetoothUART_1_StartEx,"ax",%progbits
 283              		.align	2
 284              		.global	IntBluetoothUART_1_StartEx
 285              		.thumb
 286              		.thumb_func
 287              		.type	IntBluetoothUART_1_StartEx, %function
 288              	IntBluetoothUART_1_StartEx:
 289              	.LFB1:
 106:Generated_Source\PSoC5/IntBluetoothUART_1.c ****     /* For all we know the interrupt is active. */
 290              		.loc 1 106 0
 291              		.cfi_startproc
 292              		@ args = 0, pretend = 0, frame = 0
 293              		@ frame_needed = 0, uses_anonymous_args = 0
 294              	.LVL12:
 295 0000 10B5     		push	{r4, lr}
 296              		.cfi_def_cfa_offset 8
 297              		.cfi_offset 4, -8
 298              		.cfi_offset 14, -4
 299 0002 0446     		mov	r4, r0
 108:Generated_Source\PSoC5/IntBluetoothUART_1.c **** 
 300              		.loc 1 108 0
 301 0004 FFF7FEFF 		bl	IntBluetoothUART_1_Disable
 302              	.LVL13:
 111:Generated_Source\PSoC5/IntBluetoothUART_1.c **** 
 303              		.loc 1 111 0
 304 0008 2046     		mov	r0, r4
 305 000a FFF7FEFF 		bl	IntBluetoothUART_1_SetVector
 306              	.LVL14:
 114:Generated_Source\PSoC5/IntBluetoothUART_1.c **** 
 307              		.loc 1 114 0
 308 000e 0720     		movs	r0, #7
 309 0010 FFF7FEFF 		bl	IntBluetoothUART_1_SetPriority
 310              	.LVL15:
 117:Generated_Source\PSoC5/IntBluetoothUART_1.c **** }
 311              		.loc 1 117 0
 312 0014 FFF7FEFF 		bl	IntBluetoothUART_1_Enable
 313              	.LVL16:
 314 0018 10BD     		pop	{r4, pc}
 315              		.cfi_endproc
 316              	.LFE1:
 317              		.size	IntBluetoothUART_1_StartEx, .-IntBluetoothUART_1_StartEx
 318 001a 00BF     		.section	.text.IntBluetoothUART_1_Stop,"ax",%progbits
ARM GAS  C:\Users\bchir\AppData\Local\Temp\cceQytf2.s 			page 13


 319              		.align	2
 320              		.global	IntBluetoothUART_1_Stop
 321              		.thumb
 322              		.thumb_func
 323              		.type	IntBluetoothUART_1_Stop, %function
 324              	IntBluetoothUART_1_Stop:
 325              	.LFB2:
 136:Generated_Source\PSoC5/IntBluetoothUART_1.c ****     /* Disable this interrupt. */
 326              		.loc 1 136 0
 327              		.cfi_startproc
 328              		@ args = 0, pretend = 0, frame = 0
 329              		@ frame_needed = 0, uses_anonymous_args = 0
 330 0000 08B5     		push	{r3, lr}
 331              		.cfi_def_cfa_offset 8
 332              		.cfi_offset 3, -8
 333              		.cfi_offset 14, -4
 138:Generated_Source\PSoC5/IntBluetoothUART_1.c **** 
 334              		.loc 1 138 0
 335 0002 FFF7FEFF 		bl	IntBluetoothUART_1_Disable
 336              	.LVL17:
 141:Generated_Source\PSoC5/IntBluetoothUART_1.c **** }
 337              		.loc 1 141 0
 338 0006 0248     		ldr	r0, .L36
 339 0008 FFF7FEFF 		bl	IntBluetoothUART_1_SetVector
 340              	.LVL18:
 341 000c 08BD     		pop	{r3, pc}
 342              	.L37:
 343 000e 00BF     		.align	2
 344              	.L36:
 345 0010 00000000 		.word	IntDefaultHandler
 346              		.cfi_endproc
 347              	.LFE2:
 348              		.size	IntBluetoothUART_1_Stop, .-IntBluetoothUART_1_Stop
 349              		.section	.text.IntBluetoothUART_1_SetPending,"ax",%progbits
 350              		.align	2
 351              		.global	IntBluetoothUART_1_SetPending
 352              		.thumb
 353              		.thumb_func
 354              		.type	IntBluetoothUART_1_SetPending, %function
 355              	IntBluetoothUART_1_SetPending:
 356              	.LFB11:
 357:Generated_Source\PSoC5/IntBluetoothUART_1.c **** }
 358:Generated_Source\PSoC5/IntBluetoothUART_1.c **** 
 359:Generated_Source\PSoC5/IntBluetoothUART_1.c **** 
 360:Generated_Source\PSoC5/IntBluetoothUART_1.c **** /*******************************************************************************
 361:Generated_Source\PSoC5/IntBluetoothUART_1.c **** * Function Name: IntBluetoothUART_1_SetPending
 362:Generated_Source\PSoC5/IntBluetoothUART_1.c **** ********************************************************************************
 363:Generated_Source\PSoC5/IntBluetoothUART_1.c **** *
 364:Generated_Source\PSoC5/IntBluetoothUART_1.c **** * Summary:
 365:Generated_Source\PSoC5/IntBluetoothUART_1.c **** *   Causes the Interrupt to enter the pending state, a software method of
 366:Generated_Source\PSoC5/IntBluetoothUART_1.c **** *   generating the interrupt.
 367:Generated_Source\PSoC5/IntBluetoothUART_1.c **** *
 368:Generated_Source\PSoC5/IntBluetoothUART_1.c **** * Parameters:
 369:Generated_Source\PSoC5/IntBluetoothUART_1.c **** *   None
 370:Generated_Source\PSoC5/IntBluetoothUART_1.c **** *
 371:Generated_Source\PSoC5/IntBluetoothUART_1.c **** * Return:
 372:Generated_Source\PSoC5/IntBluetoothUART_1.c **** *   None
ARM GAS  C:\Users\bchir\AppData\Local\Temp\cceQytf2.s 			page 14


 373:Generated_Source\PSoC5/IntBluetoothUART_1.c **** *
 374:Generated_Source\PSoC5/IntBluetoothUART_1.c **** * Side Effects:
 375:Generated_Source\PSoC5/IntBluetoothUART_1.c **** *   If interrupts are enabled and the interrupt is set up properly, the ISR is
 376:Generated_Source\PSoC5/IntBluetoothUART_1.c **** *   entered (depending on the priority of this interrupt and other pending 
 377:Generated_Source\PSoC5/IntBluetoothUART_1.c **** *   interrupts).
 378:Generated_Source\PSoC5/IntBluetoothUART_1.c **** *
 379:Generated_Source\PSoC5/IntBluetoothUART_1.c **** *******************************************************************************/
 380:Generated_Source\PSoC5/IntBluetoothUART_1.c **** void IntBluetoothUART_1_SetPending(void)
 381:Generated_Source\PSoC5/IntBluetoothUART_1.c **** {
 357              		.loc 1 381 0
 358              		.cfi_startproc
 359              		@ args = 0, pretend = 0, frame = 0
 360              		@ frame_needed = 0, uses_anonymous_args = 0
 361              		@ link register save eliminated.
 382:Generated_Source\PSoC5/IntBluetoothUART_1.c ****     *IntBluetoothUART_1_INTC_SET_PD = IntBluetoothUART_1__INTC_MASK;
 362              		.loc 1 382 0
 363 0000 0222     		movs	r2, #2
 364 0002 014B     		ldr	r3, .L39
 365 0004 1A60     		str	r2, [r3]
 366 0006 7047     		bx	lr
 367              	.L40:
 368              		.align	2
 369              	.L39:
 370 0008 00E200E0 		.word	-536813056
 371              		.cfi_endproc
 372              	.LFE11:
 373              		.size	IntBluetoothUART_1_SetPending, .-IntBluetoothUART_1_SetPending
 374              		.section	.text.IntBluetoothUART_1_ClearPending,"ax",%progbits
 375              		.align	2
 376              		.global	IntBluetoothUART_1_ClearPending
 377              		.thumb
 378              		.thumb_func
 379              		.type	IntBluetoothUART_1_ClearPending, %function
 380              	IntBluetoothUART_1_ClearPending:
 381              	.LFB12:
 383:Generated_Source\PSoC5/IntBluetoothUART_1.c **** }
 384:Generated_Source\PSoC5/IntBluetoothUART_1.c **** 
 385:Generated_Source\PSoC5/IntBluetoothUART_1.c **** 
 386:Generated_Source\PSoC5/IntBluetoothUART_1.c **** /*******************************************************************************
 387:Generated_Source\PSoC5/IntBluetoothUART_1.c **** * Function Name: IntBluetoothUART_1_ClearPending
 388:Generated_Source\PSoC5/IntBluetoothUART_1.c **** ********************************************************************************
 389:Generated_Source\PSoC5/IntBluetoothUART_1.c **** *
 390:Generated_Source\PSoC5/IntBluetoothUART_1.c **** * Summary:
 391:Generated_Source\PSoC5/IntBluetoothUART_1.c **** *   Clears a pending interrupt in the interrupt controller.
 392:Generated_Source\PSoC5/IntBluetoothUART_1.c **** *
 393:Generated_Source\PSoC5/IntBluetoothUART_1.c **** *   Note Some interrupt sources are clear-on-read and require the block 
 394:Generated_Source\PSoC5/IntBluetoothUART_1.c **** *   interrupt/status register to be read/cleared with the appropriate block API 
 395:Generated_Source\PSoC5/IntBluetoothUART_1.c **** *   (GPIO, UART, and so on). Otherwise the ISR will continue to remain in 
 396:Generated_Source\PSoC5/IntBluetoothUART_1.c **** *   pending state even though the interrupt itself is cleared using this API.
 397:Generated_Source\PSoC5/IntBluetoothUART_1.c **** *
 398:Generated_Source\PSoC5/IntBluetoothUART_1.c **** * Parameters:
 399:Generated_Source\PSoC5/IntBluetoothUART_1.c **** *   None
 400:Generated_Source\PSoC5/IntBluetoothUART_1.c **** *
 401:Generated_Source\PSoC5/IntBluetoothUART_1.c **** * Return:
 402:Generated_Source\PSoC5/IntBluetoothUART_1.c **** *   None
 403:Generated_Source\PSoC5/IntBluetoothUART_1.c **** *
 404:Generated_Source\PSoC5/IntBluetoothUART_1.c **** *******************************************************************************/
ARM GAS  C:\Users\bchir\AppData\Local\Temp\cceQytf2.s 			page 15


 405:Generated_Source\PSoC5/IntBluetoothUART_1.c **** void IntBluetoothUART_1_ClearPending(void)
 406:Generated_Source\PSoC5/IntBluetoothUART_1.c **** {
 382              		.loc 1 406 0
 383              		.cfi_startproc
 384              		@ args = 0, pretend = 0, frame = 0
 385              		@ frame_needed = 0, uses_anonymous_args = 0
 386              		@ link register save eliminated.
 407:Generated_Source\PSoC5/IntBluetoothUART_1.c ****     *IntBluetoothUART_1_INTC_CLR_PD = IntBluetoothUART_1__INTC_MASK;
 387              		.loc 1 407 0
 388 0000 0222     		movs	r2, #2
 389 0002 014B     		ldr	r3, .L42
 390 0004 1A60     		str	r2, [r3]
 391 0006 7047     		bx	lr
 392              	.L43:
 393              		.align	2
 394              	.L42:
 395 0008 80E200E0 		.word	-536812928
 396              		.cfi_endproc
 397              	.LFE12:
 398              		.size	IntBluetoothUART_1_ClearPending, .-IntBluetoothUART_1_ClearPending
 399              		.bss
 400              		.align	2
 401              		.set	.LANCHOR0,. + 0
 402              		.type	x.5016, %object
 403              		.size	x.5016, 4
 404              	x.5016:
 405 0000 00000000 		.space	4
 406              		.text
 407              	.Letext0:
 408              		.file 2 "Generated_Source\\PSoC5/cytypes.h"
 409              		.file 3 "Generated_Source\\PSoC5\\Counter_1.h"
 410              		.section	.debug_info,"",%progbits
 411              	.Ldebug_info0:
 412 0000 FB020000 		.4byte	0x2fb
 413 0004 0400     		.2byte	0x4
 414 0006 00000000 		.4byte	.Ldebug_abbrev0
 415 000a 04       		.byte	0x4
 416 000b 01       		.uleb128 0x1
 417 000c DC000000 		.4byte	.LASF34
 418 0010 0C       		.byte	0xc
 419 0011 24030000 		.4byte	.LASF35
 420 0015 AC020000 		.4byte	.LASF36
 421 0019 00000000 		.4byte	.Ldebug_ranges0+0
 422 001d 00000000 		.4byte	0
 423 0021 00000000 		.4byte	.Ldebug_line0
 424 0025 02       		.uleb128 0x2
 425 0026 04       		.byte	0x4
 426 0027 05       		.byte	0x5
 427 0028 696E7400 		.ascii	"int\000"
 428 002c 03       		.uleb128 0x3
 429 002d 04       		.byte	0x4
 430 002e 07       		.byte	0x7
 431 002f F6010000 		.4byte	.LASF0
 432 0033 03       		.uleb128 0x3
 433 0034 08       		.byte	0x8
 434 0035 05       		.byte	0x5
 435 0036 8A020000 		.4byte	.LASF1
ARM GAS  C:\Users\bchir\AppData\Local\Temp\cceQytf2.s 			page 16


 436 003a 03       		.uleb128 0x3
 437 003b 08       		.byte	0x8
 438 003c 04       		.byte	0x4
 439 003d F3020000 		.4byte	.LASF2
 440 0041 03       		.uleb128 0x3
 441 0042 01       		.byte	0x1
 442 0043 06       		.byte	0x6
 443 0044 FF020000 		.4byte	.LASF3
 444 0048 03       		.uleb128 0x3
 445 0049 01       		.byte	0x1
 446 004a 08       		.byte	0x8
 447 004b CE000000 		.4byte	.LASF4
 448 004f 03       		.uleb128 0x3
 449 0050 02       		.byte	0x2
 450 0051 05       		.byte	0x5
 451 0052 E0020000 		.4byte	.LASF5
 452 0056 03       		.uleb128 0x3
 453 0057 02       		.byte	0x2
 454 0058 07       		.byte	0x7
 455 0059 25000000 		.4byte	.LASF6
 456 005d 03       		.uleb128 0x3
 457 005e 04       		.byte	0x4
 458 005f 05       		.byte	0x5
 459 0060 EA020000 		.4byte	.LASF7
 460 0064 03       		.uleb128 0x3
 461 0065 04       		.byte	0x4
 462 0066 07       		.byte	0x7
 463 0067 6F010000 		.4byte	.LASF8
 464 006b 03       		.uleb128 0x3
 465 006c 08       		.byte	0x8
 466 006d 07       		.byte	0x7
 467 006e 0B020000 		.4byte	.LASF9
 468 0072 03       		.uleb128 0x3
 469 0073 04       		.byte	0x4
 470 0074 07       		.byte	0x7
 471 0075 81020000 		.4byte	.LASF10
 472 0079 03       		.uleb128 0x3
 473 007a 01       		.byte	0x1
 474 007b 08       		.byte	0x8
 475 007c 98020000 		.4byte	.LASF11
 476 0080 04       		.uleb128 0x4
 477 0081 04       		.byte	0x4
 478 0082 86000000 		.4byte	0x86
 479 0086 05       		.uleb128 0x5
 480 0087 06       		.uleb128 0x6
 481 0088 81010000 		.4byte	.LASF12
 482 008c 02       		.byte	0x2
 483 008d E901     		.2byte	0x1e9
 484 008f 48000000 		.4byte	0x48
 485 0093 06       		.uleb128 0x6
 486 0094 EF010000 		.4byte	.LASF13
 487 0098 02       		.byte	0x2
 488 0099 EB01     		.2byte	0x1eb
 489 009b 64000000 		.4byte	0x64
 490 009f 03       		.uleb128 0x3
 491 00a0 04       		.byte	0x4
 492 00a1 04       		.byte	0x4
ARM GAS  C:\Users\bchir\AppData\Local\Temp\cceQytf2.s 			page 17


 493 00a2 8B000000 		.4byte	.LASF14
 494 00a6 03       		.uleb128 0x3
 495 00a7 08       		.byte	0x8
 496 00a8 04       		.byte	0x4
 497 00a9 CC010000 		.4byte	.LASF15
 498 00ad 06       		.uleb128 0x6
 499 00ae 6A010000 		.4byte	.LASF16
 500 00b2 02       		.byte	0x2
 501 00b3 9302     		.2byte	0x293
 502 00b5 B9000000 		.4byte	0xb9
 503 00b9 07       		.uleb128 0x7
 504 00ba 87000000 		.4byte	0x87
 505 00be 06       		.uleb128 0x6
 506 00bf 00000000 		.4byte	.LASF17
 507 00c3 02       		.byte	0x2
 508 00c4 9502     		.2byte	0x295
 509 00c6 CA000000 		.4byte	0xca
 510 00ca 07       		.uleb128 0x7
 511 00cb 93000000 		.4byte	0x93
 512 00cf 06       		.uleb128 0x6
 513 00d0 22020000 		.4byte	.LASF18
 514 00d4 02       		.byte	0x2
 515 00d5 A502     		.2byte	0x2a5
 516 00d7 80000000 		.4byte	0x80
 517 00db 08       		.uleb128 0x8
 518 00dc 64020000 		.4byte	.LASF19
 519 00e0 01       		.byte	0x1
 520 00e1 A1       		.byte	0xa1
 521 00e2 00000000 		.4byte	.LFB3
 522 00e6 14000000 		.4byte	.LFE3-.LFB3
 523 00ea 01       		.uleb128 0x1
 524 00eb 9C       		.byte	0x9c
 525 00ec 09010000 		.4byte	0x109
 526 00f0 09       		.uleb128 0x9
 527 00f1 7800     		.ascii	"x\000"
 528 00f3 01       		.byte	0x1
 529 00f4 A9       		.byte	0xa9
 530 00f5 09010000 		.4byte	0x109
 531 00f9 05       		.uleb128 0x5
 532 00fa 03       		.byte	0x3
 533 00fb 00000000 		.4byte	x.5016
 534 00ff 0A       		.uleb128 0xa
 535 0100 06000000 		.4byte	.LVL0
 536 0104 F3020000 		.4byte	0x2f3
 537 0108 00       		.byte	0
 538 0109 07       		.uleb128 0x7
 539 010a 25000000 		.4byte	0x25
 540 010e 08       		.uleb128 0x8
 541 010f B1000000 		.4byte	.LASF20
 542 0113 01       		.byte	0x1
 543 0114 CC       		.byte	0xcc
 544 0115 00000000 		.4byte	.LFB4
 545 0119 0C000000 		.4byte	.LFE4-.LFB4
 546 011d 01       		.uleb128 0x1
 547 011e 9C       		.byte	0x9c
 548 011f 3E010000 		.4byte	0x13e
 549 0123 0B       		.uleb128 0xb
ARM GAS  C:\Users\bchir\AppData\Local\Temp\cceQytf2.s 			page 18


 550 0124 03020000 		.4byte	.LASF23
 551 0128 01       		.byte	0x1
 552 0129 CC       		.byte	0xcc
 553 012a CF000000 		.4byte	0xcf
 554 012e 01       		.uleb128 0x1
 555 012f 50       		.byte	0x50
 556 0130 0C       		.uleb128 0xc
 557 0131 9D020000 		.4byte	.LASF21
 558 0135 01       		.byte	0x1
 559 0136 CE       		.byte	0xce
 560 0137 3E010000 		.4byte	0x13e
 561 013b 01       		.uleb128 0x1
 562 013c 53       		.byte	0x53
 563 013d 00       		.byte	0
 564 013e 04       		.uleb128 0x4
 565 013f 04       		.byte	0x4
 566 0140 CF000000 		.4byte	0xcf
 567 0144 0D       		.uleb128 0xd
 568 0145 47020000 		.4byte	.LASF25
 569 0149 01       		.byte	0x1
 570 014a E4       		.byte	0xe4
 571 014b CF000000 		.4byte	0xcf
 572 014f 00000000 		.4byte	.LFB5
 573 0153 0C000000 		.4byte	.LFE5-.LFB5
 574 0157 01       		.uleb128 0x1
 575 0158 9C       		.byte	0x9c
 576 0159 6B010000 		.4byte	0x16b
 577 015d 0C       		.uleb128 0xc
 578 015e 9D020000 		.4byte	.LASF21
 579 0162 01       		.byte	0x1
 580 0163 E6       		.byte	0xe6
 581 0164 3E010000 		.4byte	0x13e
 582 0168 01       		.uleb128 0x1
 583 0169 53       		.byte	0x53
 584 016a 00       		.byte	0
 585 016b 0E       		.uleb128 0xe
 586 016c 87010000 		.4byte	.LASF22
 587 0170 01       		.byte	0x1
 588 0171 0601     		.2byte	0x106
 589 0173 00000000 		.4byte	.LFB6
 590 0177 10000000 		.4byte	.LFE6-.LFB6
 591 017b 01       		.uleb128 0x1
 592 017c 9C       		.byte	0x9c
 593 017d 92010000 		.4byte	0x192
 594 0181 0F       		.uleb128 0xf
 595 0182 A6010000 		.4byte	.LASF24
 596 0186 01       		.byte	0x1
 597 0187 0601     		.2byte	0x106
 598 0189 87000000 		.4byte	0x87
 599 018d 00000000 		.4byte	.LLST0
 600 0191 00       		.byte	0
 601 0192 10       		.uleb128 0x10
 602 0193 06000000 		.4byte	.LASF26
 603 0197 01       		.byte	0x1
 604 0198 1C01     		.2byte	0x11c
 605 019a 87000000 		.4byte	0x87
 606 019e 00000000 		.4byte	.LFB7
ARM GAS  C:\Users\bchir\AppData\Local\Temp\cceQytf2.s 			page 19


 607 01a2 0C000000 		.4byte	.LFE7-.LFB7
 608 01a6 01       		.uleb128 0x1
 609 01a7 9C       		.byte	0x9c
 610 01a8 BD010000 		.4byte	0x1bd
 611 01ac 11       		.uleb128 0x11
 612 01ad A6010000 		.4byte	.LASF24
 613 01b1 01       		.byte	0x1
 614 01b2 1E01     		.2byte	0x11e
 615 01b4 87000000 		.4byte	0x87
 616 01b8 21000000 		.4byte	.LLST1
 617 01bc 00       		.byte	0
 618 01bd 12       		.uleb128 0x12
 619 01be 71000000 		.4byte	.LASF27
 620 01c2 01       		.byte	0x1
 621 01c3 3701     		.2byte	0x137
 622 01c5 00000000 		.4byte	.LFB8
 623 01c9 0C000000 		.4byte	.LFE8-.LFB8
 624 01cd 01       		.uleb128 0x1
 625 01ce 9C       		.byte	0x9c
 626 01cf 13       		.uleb128 0x13
 627 01d0 D3010000 		.4byte	.LASF37
 628 01d4 01       		.byte	0x1
 629 01d5 4C01     		.2byte	0x14c
 630 01d7 87000000 		.4byte	0x87
 631 01db 00000000 		.4byte	.LFB9
 632 01df 18000000 		.4byte	.LFE9-.LFB9
 633 01e3 01       		.uleb128 0x1
 634 01e4 9C       		.byte	0x9c
 635 01e5 12       		.uleb128 0x12
 636 01e6 56000000 		.4byte	.LASF28
 637 01ea 01       		.byte	0x1
 638 01eb 6101     		.2byte	0x161
 639 01ed 00000000 		.4byte	.LFB10
 640 01f1 0C000000 		.4byte	.LFE10-.LFB10
 641 01f5 01       		.uleb128 0x1
 642 01f6 9C       		.byte	0x9c
 643 01f7 08       		.uleb128 0x8
 644 01f8 0B030000 		.4byte	.LASF29
 645 01fc 01       		.byte	0x1
 646 01fd 3E       		.byte	0x3e
 647 01fe 00000000 		.4byte	.LFB0
 648 0202 1C000000 		.4byte	.LFE0-.LFB0
 649 0206 01       		.uleb128 0x1
 650 0207 9C       		.byte	0x9c
 651 0208 49020000 		.4byte	0x249
 652 020c 0A       		.uleb128 0xa
 653 020d 06000000 		.4byte	.LVL8
 654 0211 E5010000 		.4byte	0x1e5
 655 0215 14       		.uleb128 0x14
 656 0216 0C000000 		.4byte	.LVL9
 657 021a 0E010000 		.4byte	0x10e
 658 021e 2C020000 		.4byte	0x22c
 659 0222 15       		.uleb128 0x15
 660 0223 01       		.uleb128 0x1
 661 0224 50       		.byte	0x50
 662 0225 05       		.uleb128 0x5
 663 0226 03       		.byte	0x3
ARM GAS  C:\Users\bchir\AppData\Local\Temp\cceQytf2.s 			page 20


 664 0227 00000000 		.4byte	IntBluetoothUART_1_Interrupt
 665 022b 00       		.byte	0
 666 022c 14       		.uleb128 0x14
 667 022d 12000000 		.4byte	.LVL10
 668 0231 6B010000 		.4byte	0x16b
 669 0235 3F020000 		.4byte	0x23f
 670 0239 15       		.uleb128 0x15
 671 023a 01       		.uleb128 0x1
 672 023b 50       		.byte	0x50
 673 023c 01       		.uleb128 0x1
 674 023d 37       		.byte	0x37
 675 023e 00       		.byte	0
 676 023f 0A       		.uleb128 0xa
 677 0240 16000000 		.4byte	.LVL11
 678 0244 BD010000 		.4byte	0x1bd
 679 0248 00       		.byte	0
 680 0249 08       		.uleb128 0x8
 681 024a 50030000 		.4byte	.LASF30
 682 024e 01       		.byte	0x1
 683 024f 69       		.byte	0x69
 684 0250 00000000 		.4byte	.LFB1
 685 0254 1A000000 		.4byte	.LFE1-.LFB1
 686 0258 01       		.uleb128 0x1
 687 0259 9C       		.byte	0x9c
 688 025a A7020000 		.4byte	0x2a7
 689 025e 16       		.uleb128 0x16
 690 025f 03020000 		.4byte	.LASF23
 691 0263 01       		.byte	0x1
 692 0264 69       		.byte	0x69
 693 0265 CF000000 		.4byte	0xcf
 694 0269 38000000 		.4byte	.LLST2
 695 026d 0A       		.uleb128 0xa
 696 026e 08000000 		.4byte	.LVL13
 697 0272 E5010000 		.4byte	0x1e5
 698 0276 14       		.uleb128 0x14
 699 0277 0E000000 		.4byte	.LVL14
 700 027b 0E010000 		.4byte	0x10e
 701 027f 8A020000 		.4byte	0x28a
 702 0283 15       		.uleb128 0x15
 703 0284 01       		.uleb128 0x1
 704 0285 50       		.byte	0x50
 705 0286 02       		.uleb128 0x2
 706 0287 74       		.byte	0x74
 707 0288 00       		.sleb128 0
 708 0289 00       		.byte	0
 709 028a 14       		.uleb128 0x14
 710 028b 14000000 		.4byte	.LVL15
 711 028f 6B010000 		.4byte	0x16b
 712 0293 9D020000 		.4byte	0x29d
 713 0297 15       		.uleb128 0x15
 714 0298 01       		.uleb128 0x1
 715 0299 50       		.byte	0x50
 716 029a 01       		.uleb128 0x1
 717 029b 37       		.byte	0x37
 718 029c 00       		.byte	0
 719 029d 0A       		.uleb128 0xa
 720 029e 18000000 		.4byte	.LVL16
ARM GAS  C:\Users\bchir\AppData\Local\Temp\cceQytf2.s 			page 21


 721 02a2 BD010000 		.4byte	0x1bd
 722 02a6 00       		.byte	0
 723 02a7 08       		.uleb128 0x8
 724 02a8 2F020000 		.4byte	.LASF31
 725 02ac 01       		.byte	0x1
 726 02ad 87       		.byte	0x87
 727 02ae 00000000 		.4byte	.LFB2
 728 02b2 14000000 		.4byte	.LFE2-.LFB2
 729 02b6 01       		.uleb128 0x1
 730 02b7 9C       		.byte	0x9c
 731 02b8 CF020000 		.4byte	0x2cf
 732 02bc 0A       		.uleb128 0xa
 733 02bd 06000000 		.4byte	.LVL17
 734 02c1 E5010000 		.4byte	0x1e5
 735 02c5 0A       		.uleb128 0xa
 736 02c6 0C000000 		.4byte	.LVL18
 737 02ca 0E010000 		.4byte	0x10e
 738 02ce 00       		.byte	0
 739 02cf 12       		.uleb128 0x12
 740 02d0 38000000 		.4byte	.LASF32
 741 02d4 01       		.byte	0x1
 742 02d5 7C01     		.2byte	0x17c
 743 02d7 00000000 		.4byte	.LFB11
 744 02db 0C000000 		.4byte	.LFE11-.LFB11
 745 02df 01       		.uleb128 0x1
 746 02e0 9C       		.byte	0x9c
 747 02e1 12       		.uleb128 0x12
 748 02e2 91000000 		.4byte	.LASF33
 749 02e6 01       		.byte	0x1
 750 02e7 9501     		.2byte	0x195
 751 02e9 00000000 		.4byte	.LFB12
 752 02ed 0C000000 		.4byte	.LFE12-.LFB12
 753 02f1 01       		.uleb128 0x1
 754 02f2 9C       		.byte	0x9c
 755 02f3 17       		.uleb128 0x17
 756 02f4 AF010000 		.4byte	.LASF38
 757 02f8 AF010000 		.4byte	.LASF38
 758 02fc 03       		.byte	0x3
 759 02fd 52       		.byte	0x52
 760 02fe 00       		.byte	0
 761              		.section	.debug_abbrev,"",%progbits
 762              	.Ldebug_abbrev0:
 763 0000 01       		.uleb128 0x1
 764 0001 11       		.uleb128 0x11
 765 0002 01       		.byte	0x1
 766 0003 25       		.uleb128 0x25
 767 0004 0E       		.uleb128 0xe
 768 0005 13       		.uleb128 0x13
 769 0006 0B       		.uleb128 0xb
 770 0007 03       		.uleb128 0x3
 771 0008 0E       		.uleb128 0xe
 772 0009 1B       		.uleb128 0x1b
 773 000a 0E       		.uleb128 0xe
 774 000b 55       		.uleb128 0x55
 775 000c 17       		.uleb128 0x17
 776 000d 11       		.uleb128 0x11
 777 000e 01       		.uleb128 0x1
ARM GAS  C:\Users\bchir\AppData\Local\Temp\cceQytf2.s 			page 22


 778 000f 10       		.uleb128 0x10
 779 0010 17       		.uleb128 0x17
 780 0011 00       		.byte	0
 781 0012 00       		.byte	0
 782 0013 02       		.uleb128 0x2
 783 0014 24       		.uleb128 0x24
 784 0015 00       		.byte	0
 785 0016 0B       		.uleb128 0xb
 786 0017 0B       		.uleb128 0xb
 787 0018 3E       		.uleb128 0x3e
 788 0019 0B       		.uleb128 0xb
 789 001a 03       		.uleb128 0x3
 790 001b 08       		.uleb128 0x8
 791 001c 00       		.byte	0
 792 001d 00       		.byte	0
 793 001e 03       		.uleb128 0x3
 794 001f 24       		.uleb128 0x24
 795 0020 00       		.byte	0
 796 0021 0B       		.uleb128 0xb
 797 0022 0B       		.uleb128 0xb
 798 0023 3E       		.uleb128 0x3e
 799 0024 0B       		.uleb128 0xb
 800 0025 03       		.uleb128 0x3
 801 0026 0E       		.uleb128 0xe
 802 0027 00       		.byte	0
 803 0028 00       		.byte	0
 804 0029 04       		.uleb128 0x4
 805 002a 0F       		.uleb128 0xf
 806 002b 00       		.byte	0
 807 002c 0B       		.uleb128 0xb
 808 002d 0B       		.uleb128 0xb
 809 002e 49       		.uleb128 0x49
 810 002f 13       		.uleb128 0x13
 811 0030 00       		.byte	0
 812 0031 00       		.byte	0
 813 0032 05       		.uleb128 0x5
 814 0033 15       		.uleb128 0x15
 815 0034 00       		.byte	0
 816 0035 27       		.uleb128 0x27
 817 0036 19       		.uleb128 0x19
 818 0037 00       		.byte	0
 819 0038 00       		.byte	0
 820 0039 06       		.uleb128 0x6
 821 003a 16       		.uleb128 0x16
 822 003b 00       		.byte	0
 823 003c 03       		.uleb128 0x3
 824 003d 0E       		.uleb128 0xe
 825 003e 3A       		.uleb128 0x3a
 826 003f 0B       		.uleb128 0xb
 827 0040 3B       		.uleb128 0x3b
 828 0041 05       		.uleb128 0x5
 829 0042 49       		.uleb128 0x49
 830 0043 13       		.uleb128 0x13
 831 0044 00       		.byte	0
 832 0045 00       		.byte	0
 833 0046 07       		.uleb128 0x7
 834 0047 35       		.uleb128 0x35
ARM GAS  C:\Users\bchir\AppData\Local\Temp\cceQytf2.s 			page 23


 835 0048 00       		.byte	0
 836 0049 49       		.uleb128 0x49
 837 004a 13       		.uleb128 0x13
 838 004b 00       		.byte	0
 839 004c 00       		.byte	0
 840 004d 08       		.uleb128 0x8
 841 004e 2E       		.uleb128 0x2e
 842 004f 01       		.byte	0x1
 843 0050 3F       		.uleb128 0x3f
 844 0051 19       		.uleb128 0x19
 845 0052 03       		.uleb128 0x3
 846 0053 0E       		.uleb128 0xe
 847 0054 3A       		.uleb128 0x3a
 848 0055 0B       		.uleb128 0xb
 849 0056 3B       		.uleb128 0x3b
 850 0057 0B       		.uleb128 0xb
 851 0058 27       		.uleb128 0x27
 852 0059 19       		.uleb128 0x19
 853 005a 11       		.uleb128 0x11
 854 005b 01       		.uleb128 0x1
 855 005c 12       		.uleb128 0x12
 856 005d 06       		.uleb128 0x6
 857 005e 40       		.uleb128 0x40
 858 005f 18       		.uleb128 0x18
 859 0060 9742     		.uleb128 0x2117
 860 0062 19       		.uleb128 0x19
 861 0063 01       		.uleb128 0x1
 862 0064 13       		.uleb128 0x13
 863 0065 00       		.byte	0
 864 0066 00       		.byte	0
 865 0067 09       		.uleb128 0x9
 866 0068 34       		.uleb128 0x34
 867 0069 00       		.byte	0
 868 006a 03       		.uleb128 0x3
 869 006b 08       		.uleb128 0x8
 870 006c 3A       		.uleb128 0x3a
 871 006d 0B       		.uleb128 0xb
 872 006e 3B       		.uleb128 0x3b
 873 006f 0B       		.uleb128 0xb
 874 0070 49       		.uleb128 0x49
 875 0071 13       		.uleb128 0x13
 876 0072 02       		.uleb128 0x2
 877 0073 18       		.uleb128 0x18
 878 0074 00       		.byte	0
 879 0075 00       		.byte	0
 880 0076 0A       		.uleb128 0xa
 881 0077 898201   		.uleb128 0x4109
 882 007a 00       		.byte	0
 883 007b 11       		.uleb128 0x11
 884 007c 01       		.uleb128 0x1
 885 007d 31       		.uleb128 0x31
 886 007e 13       		.uleb128 0x13
 887 007f 00       		.byte	0
 888 0080 00       		.byte	0
 889 0081 0B       		.uleb128 0xb
 890 0082 05       		.uleb128 0x5
 891 0083 00       		.byte	0
ARM GAS  C:\Users\bchir\AppData\Local\Temp\cceQytf2.s 			page 24


 892 0084 03       		.uleb128 0x3
 893 0085 0E       		.uleb128 0xe
 894 0086 3A       		.uleb128 0x3a
 895 0087 0B       		.uleb128 0xb
 896 0088 3B       		.uleb128 0x3b
 897 0089 0B       		.uleb128 0xb
 898 008a 49       		.uleb128 0x49
 899 008b 13       		.uleb128 0x13
 900 008c 02       		.uleb128 0x2
 901 008d 18       		.uleb128 0x18
 902 008e 00       		.byte	0
 903 008f 00       		.byte	0
 904 0090 0C       		.uleb128 0xc
 905 0091 34       		.uleb128 0x34
 906 0092 00       		.byte	0
 907 0093 03       		.uleb128 0x3
 908 0094 0E       		.uleb128 0xe
 909 0095 3A       		.uleb128 0x3a
 910 0096 0B       		.uleb128 0xb
 911 0097 3B       		.uleb128 0x3b
 912 0098 0B       		.uleb128 0xb
 913 0099 49       		.uleb128 0x49
 914 009a 13       		.uleb128 0x13
 915 009b 02       		.uleb128 0x2
 916 009c 18       		.uleb128 0x18
 917 009d 00       		.byte	0
 918 009e 00       		.byte	0
 919 009f 0D       		.uleb128 0xd
 920 00a0 2E       		.uleb128 0x2e
 921 00a1 01       		.byte	0x1
 922 00a2 3F       		.uleb128 0x3f
 923 00a3 19       		.uleb128 0x19
 924 00a4 03       		.uleb128 0x3
 925 00a5 0E       		.uleb128 0xe
 926 00a6 3A       		.uleb128 0x3a
 927 00a7 0B       		.uleb128 0xb
 928 00a8 3B       		.uleb128 0x3b
 929 00a9 0B       		.uleb128 0xb
 930 00aa 27       		.uleb128 0x27
 931 00ab 19       		.uleb128 0x19
 932 00ac 49       		.uleb128 0x49
 933 00ad 13       		.uleb128 0x13
 934 00ae 11       		.uleb128 0x11
 935 00af 01       		.uleb128 0x1
 936 00b0 12       		.uleb128 0x12
 937 00b1 06       		.uleb128 0x6
 938 00b2 40       		.uleb128 0x40
 939 00b3 18       		.uleb128 0x18
 940 00b4 9742     		.uleb128 0x2117
 941 00b6 19       		.uleb128 0x19
 942 00b7 01       		.uleb128 0x1
 943 00b8 13       		.uleb128 0x13
 944 00b9 00       		.byte	0
 945 00ba 00       		.byte	0
 946 00bb 0E       		.uleb128 0xe
 947 00bc 2E       		.uleb128 0x2e
 948 00bd 01       		.byte	0x1
ARM GAS  C:\Users\bchir\AppData\Local\Temp\cceQytf2.s 			page 25


 949 00be 3F       		.uleb128 0x3f
 950 00bf 19       		.uleb128 0x19
 951 00c0 03       		.uleb128 0x3
 952 00c1 0E       		.uleb128 0xe
 953 00c2 3A       		.uleb128 0x3a
 954 00c3 0B       		.uleb128 0xb
 955 00c4 3B       		.uleb128 0x3b
 956 00c5 05       		.uleb128 0x5
 957 00c6 27       		.uleb128 0x27
 958 00c7 19       		.uleb128 0x19
 959 00c8 11       		.uleb128 0x11
 960 00c9 01       		.uleb128 0x1
 961 00ca 12       		.uleb128 0x12
 962 00cb 06       		.uleb128 0x6
 963 00cc 40       		.uleb128 0x40
 964 00cd 18       		.uleb128 0x18
 965 00ce 9742     		.uleb128 0x2117
 966 00d0 19       		.uleb128 0x19
 967 00d1 01       		.uleb128 0x1
 968 00d2 13       		.uleb128 0x13
 969 00d3 00       		.byte	0
 970 00d4 00       		.byte	0
 971 00d5 0F       		.uleb128 0xf
 972 00d6 05       		.uleb128 0x5
 973 00d7 00       		.byte	0
 974 00d8 03       		.uleb128 0x3
 975 00d9 0E       		.uleb128 0xe
 976 00da 3A       		.uleb128 0x3a
 977 00db 0B       		.uleb128 0xb
 978 00dc 3B       		.uleb128 0x3b
 979 00dd 05       		.uleb128 0x5
 980 00de 49       		.uleb128 0x49
 981 00df 13       		.uleb128 0x13
 982 00e0 02       		.uleb128 0x2
 983 00e1 17       		.uleb128 0x17
 984 00e2 00       		.byte	0
 985 00e3 00       		.byte	0
 986 00e4 10       		.uleb128 0x10
 987 00e5 2E       		.uleb128 0x2e
 988 00e6 01       		.byte	0x1
 989 00e7 3F       		.uleb128 0x3f
 990 00e8 19       		.uleb128 0x19
 991 00e9 03       		.uleb128 0x3
 992 00ea 0E       		.uleb128 0xe
 993 00eb 3A       		.uleb128 0x3a
 994 00ec 0B       		.uleb128 0xb
 995 00ed 3B       		.uleb128 0x3b
 996 00ee 05       		.uleb128 0x5
 997 00ef 27       		.uleb128 0x27
 998 00f0 19       		.uleb128 0x19
 999 00f1 49       		.uleb128 0x49
 1000 00f2 13       		.uleb128 0x13
 1001 00f3 11       		.uleb128 0x11
 1002 00f4 01       		.uleb128 0x1
 1003 00f5 12       		.uleb128 0x12
 1004 00f6 06       		.uleb128 0x6
 1005 00f7 40       		.uleb128 0x40
ARM GAS  C:\Users\bchir\AppData\Local\Temp\cceQytf2.s 			page 26


 1006 00f8 18       		.uleb128 0x18
 1007 00f9 9742     		.uleb128 0x2117
 1008 00fb 19       		.uleb128 0x19
 1009 00fc 01       		.uleb128 0x1
 1010 00fd 13       		.uleb128 0x13
 1011 00fe 00       		.byte	0
 1012 00ff 00       		.byte	0
 1013 0100 11       		.uleb128 0x11
 1014 0101 34       		.uleb128 0x34
 1015 0102 00       		.byte	0
 1016 0103 03       		.uleb128 0x3
 1017 0104 0E       		.uleb128 0xe
 1018 0105 3A       		.uleb128 0x3a
 1019 0106 0B       		.uleb128 0xb
 1020 0107 3B       		.uleb128 0x3b
 1021 0108 05       		.uleb128 0x5
 1022 0109 49       		.uleb128 0x49
 1023 010a 13       		.uleb128 0x13
 1024 010b 02       		.uleb128 0x2
 1025 010c 17       		.uleb128 0x17
 1026 010d 00       		.byte	0
 1027 010e 00       		.byte	0
 1028 010f 12       		.uleb128 0x12
 1029 0110 2E       		.uleb128 0x2e
 1030 0111 00       		.byte	0
 1031 0112 3F       		.uleb128 0x3f
 1032 0113 19       		.uleb128 0x19
 1033 0114 03       		.uleb128 0x3
 1034 0115 0E       		.uleb128 0xe
 1035 0116 3A       		.uleb128 0x3a
 1036 0117 0B       		.uleb128 0xb
 1037 0118 3B       		.uleb128 0x3b
 1038 0119 05       		.uleb128 0x5
 1039 011a 27       		.uleb128 0x27
 1040 011b 19       		.uleb128 0x19
 1041 011c 11       		.uleb128 0x11
 1042 011d 01       		.uleb128 0x1
 1043 011e 12       		.uleb128 0x12
 1044 011f 06       		.uleb128 0x6
 1045 0120 40       		.uleb128 0x40
 1046 0121 18       		.uleb128 0x18
 1047 0122 9742     		.uleb128 0x2117
 1048 0124 19       		.uleb128 0x19
 1049 0125 00       		.byte	0
 1050 0126 00       		.byte	0
 1051 0127 13       		.uleb128 0x13
 1052 0128 2E       		.uleb128 0x2e
 1053 0129 00       		.byte	0
 1054 012a 3F       		.uleb128 0x3f
 1055 012b 19       		.uleb128 0x19
 1056 012c 03       		.uleb128 0x3
 1057 012d 0E       		.uleb128 0xe
 1058 012e 3A       		.uleb128 0x3a
 1059 012f 0B       		.uleb128 0xb
 1060 0130 3B       		.uleb128 0x3b
 1061 0131 05       		.uleb128 0x5
 1062 0132 27       		.uleb128 0x27
ARM GAS  C:\Users\bchir\AppData\Local\Temp\cceQytf2.s 			page 27


 1063 0133 19       		.uleb128 0x19
 1064 0134 49       		.uleb128 0x49
 1065 0135 13       		.uleb128 0x13
 1066 0136 11       		.uleb128 0x11
 1067 0137 01       		.uleb128 0x1
 1068 0138 12       		.uleb128 0x12
 1069 0139 06       		.uleb128 0x6
 1070 013a 40       		.uleb128 0x40
 1071 013b 18       		.uleb128 0x18
 1072 013c 9742     		.uleb128 0x2117
 1073 013e 19       		.uleb128 0x19
 1074 013f 00       		.byte	0
 1075 0140 00       		.byte	0
 1076 0141 14       		.uleb128 0x14
 1077 0142 898201   		.uleb128 0x4109
 1078 0145 01       		.byte	0x1
 1079 0146 11       		.uleb128 0x11
 1080 0147 01       		.uleb128 0x1
 1081 0148 31       		.uleb128 0x31
 1082 0149 13       		.uleb128 0x13
 1083 014a 01       		.uleb128 0x1
 1084 014b 13       		.uleb128 0x13
 1085 014c 00       		.byte	0
 1086 014d 00       		.byte	0
 1087 014e 15       		.uleb128 0x15
 1088 014f 8A8201   		.uleb128 0x410a
 1089 0152 00       		.byte	0
 1090 0153 02       		.uleb128 0x2
 1091 0154 18       		.uleb128 0x18
 1092 0155 9142     		.uleb128 0x2111
 1093 0157 18       		.uleb128 0x18
 1094 0158 00       		.byte	0
 1095 0159 00       		.byte	0
 1096 015a 16       		.uleb128 0x16
 1097 015b 05       		.uleb128 0x5
 1098 015c 00       		.byte	0
 1099 015d 03       		.uleb128 0x3
 1100 015e 0E       		.uleb128 0xe
 1101 015f 3A       		.uleb128 0x3a
 1102 0160 0B       		.uleb128 0xb
 1103 0161 3B       		.uleb128 0x3b
 1104 0162 0B       		.uleb128 0xb
 1105 0163 49       		.uleb128 0x49
 1106 0164 13       		.uleb128 0x13
 1107 0165 02       		.uleb128 0x2
 1108 0166 17       		.uleb128 0x17
 1109 0167 00       		.byte	0
 1110 0168 00       		.byte	0
 1111 0169 17       		.uleb128 0x17
 1112 016a 2E       		.uleb128 0x2e
 1113 016b 00       		.byte	0
 1114 016c 3F       		.uleb128 0x3f
 1115 016d 19       		.uleb128 0x19
 1116 016e 3C       		.uleb128 0x3c
 1117 016f 19       		.uleb128 0x19
 1118 0170 6E       		.uleb128 0x6e
 1119 0171 0E       		.uleb128 0xe
ARM GAS  C:\Users\bchir\AppData\Local\Temp\cceQytf2.s 			page 28


 1120 0172 03       		.uleb128 0x3
 1121 0173 0E       		.uleb128 0xe
 1122 0174 3A       		.uleb128 0x3a
 1123 0175 0B       		.uleb128 0xb
 1124 0176 3B       		.uleb128 0x3b
 1125 0177 0B       		.uleb128 0xb
 1126 0178 00       		.byte	0
 1127 0179 00       		.byte	0
 1128 017a 00       		.byte	0
 1129              		.section	.debug_loc,"",%progbits
 1130              	.Ldebug_loc0:
 1131              	.LLST0:
 1132 0000 00000000 		.4byte	.LVL4
 1133 0004 02000000 		.4byte	.LVL5
 1134 0008 0100     		.2byte	0x1
 1135 000a 50       		.byte	0x50
 1136 000b 02000000 		.4byte	.LVL5
 1137 000f 10000000 		.4byte	.LFE6
 1138 0013 0400     		.2byte	0x4
 1139 0015 F3       		.byte	0xf3
 1140 0016 01       		.uleb128 0x1
 1141 0017 50       		.byte	0x50
 1142 0018 9F       		.byte	0x9f
 1143 0019 00000000 		.4byte	0
 1144 001d 00000000 		.4byte	0
 1145              	.LLST1:
 1146 0021 04000000 		.4byte	.LVL6
 1147 0025 06000000 		.4byte	.LVL7
 1148 0029 0500     		.2byte	0x5
 1149 002b 70       		.byte	0x70
 1150 002c 00       		.sleb128 0
 1151 002d 35       		.byte	0x35
 1152 002e 25       		.byte	0x25
 1153 002f 9F       		.byte	0x9f
 1154 0030 00000000 		.4byte	0
 1155 0034 00000000 		.4byte	0
 1156              	.LLST2:
 1157 0038 00000000 		.4byte	.LVL12
 1158 003c 07000000 		.4byte	.LVL13-1
 1159 0040 0100     		.2byte	0x1
 1160 0042 50       		.byte	0x50
 1161 0043 07000000 		.4byte	.LVL13-1
 1162 0047 1A000000 		.4byte	.LFE1
 1163 004b 0100     		.2byte	0x1
 1164 004d 54       		.byte	0x54
 1165 004e 00000000 		.4byte	0
 1166 0052 00000000 		.4byte	0
 1167              		.section	.debug_aranges,"",%progbits
 1168 0000 7C000000 		.4byte	0x7c
 1169 0004 0200     		.2byte	0x2
 1170 0006 00000000 		.4byte	.Ldebug_info0
 1171 000a 04       		.byte	0x4
 1172 000b 00       		.byte	0
 1173 000c 0000     		.2byte	0
 1174 000e 0000     		.2byte	0
 1175 0010 00000000 		.4byte	.LFB3
 1176 0014 14000000 		.4byte	.LFE3-.LFB3
ARM GAS  C:\Users\bchir\AppData\Local\Temp\cceQytf2.s 			page 29


 1177 0018 00000000 		.4byte	.LFB4
 1178 001c 0C000000 		.4byte	.LFE4-.LFB4
 1179 0020 00000000 		.4byte	.LFB5
 1180 0024 0C000000 		.4byte	.LFE5-.LFB5
 1181 0028 00000000 		.4byte	.LFB6
 1182 002c 10000000 		.4byte	.LFE6-.LFB6
 1183 0030 00000000 		.4byte	.LFB7
 1184 0034 0C000000 		.4byte	.LFE7-.LFB7
 1185 0038 00000000 		.4byte	.LFB8
 1186 003c 0C000000 		.4byte	.LFE8-.LFB8
 1187 0040 00000000 		.4byte	.LFB9
 1188 0044 18000000 		.4byte	.LFE9-.LFB9
 1189 0048 00000000 		.4byte	.LFB10
 1190 004c 0C000000 		.4byte	.LFE10-.LFB10
 1191 0050 00000000 		.4byte	.LFB0
 1192 0054 1C000000 		.4byte	.LFE0-.LFB0
 1193 0058 00000000 		.4byte	.LFB1
 1194 005c 1A000000 		.4byte	.LFE1-.LFB1
 1195 0060 00000000 		.4byte	.LFB2
 1196 0064 14000000 		.4byte	.LFE2-.LFB2
 1197 0068 00000000 		.4byte	.LFB11
 1198 006c 0C000000 		.4byte	.LFE11-.LFB11
 1199 0070 00000000 		.4byte	.LFB12
 1200 0074 0C000000 		.4byte	.LFE12-.LFB12
 1201 0078 00000000 		.4byte	0
 1202 007c 00000000 		.4byte	0
 1203              		.section	.debug_ranges,"",%progbits
 1204              	.Ldebug_ranges0:
 1205 0000 00000000 		.4byte	.LFB3
 1206 0004 14000000 		.4byte	.LFE3
 1207 0008 00000000 		.4byte	.LFB4
 1208 000c 0C000000 		.4byte	.LFE4
 1209 0010 00000000 		.4byte	.LFB5
 1210 0014 0C000000 		.4byte	.LFE5
 1211 0018 00000000 		.4byte	.LFB6
 1212 001c 10000000 		.4byte	.LFE6
 1213 0020 00000000 		.4byte	.LFB7
 1214 0024 0C000000 		.4byte	.LFE7
 1215 0028 00000000 		.4byte	.LFB8
 1216 002c 0C000000 		.4byte	.LFE8
 1217 0030 00000000 		.4byte	.LFB9
 1218 0034 18000000 		.4byte	.LFE9
 1219 0038 00000000 		.4byte	.LFB10
 1220 003c 0C000000 		.4byte	.LFE10
 1221 0040 00000000 		.4byte	.LFB0
 1222 0044 1C000000 		.4byte	.LFE0
 1223 0048 00000000 		.4byte	.LFB1
 1224 004c 1A000000 		.4byte	.LFE1
 1225 0050 00000000 		.4byte	.LFB2
 1226 0054 14000000 		.4byte	.LFE2
 1227 0058 00000000 		.4byte	.LFB11
 1228 005c 0C000000 		.4byte	.LFE11
 1229 0060 00000000 		.4byte	.LFB12
 1230 0064 0C000000 		.4byte	.LFE12
 1231 0068 00000000 		.4byte	0
 1232 006c 00000000 		.4byte	0
 1233              		.section	.debug_line,"",%progbits
ARM GAS  C:\Users\bchir\AppData\Local\Temp\cceQytf2.s 			page 30


 1234              	.Ldebug_line0:
 1235 0000 4C010000 		.section	.debug_str,"MS",%progbits,1
 1235      02005E00 
 1235      00000201 
 1235      FB0E0D00 
 1235      01010101 
 1236              	.LASF17:
 1237 0000 72656733 		.ascii	"reg32\000"
 1237      3200
 1238              	.LASF26:
 1239 0006 496E7442 		.ascii	"IntBluetoothUART_1_GetPriority\000"
 1239      6C756574 
 1239      6F6F7468 
 1239      55415254 
 1239      5F315F47 
 1240              	.LASF6:
 1241 0025 73686F72 		.ascii	"short unsigned int\000"
 1241      7420756E 
 1241      7369676E 
 1241      65642069 
 1241      6E7400
 1242              	.LASF32:
 1243 0038 496E7442 		.ascii	"IntBluetoothUART_1_SetPending\000"
 1243      6C756574 
 1243      6F6F7468 
 1243      55415254 
 1243      5F315F53 
 1244              	.LASF28:
 1245 0056 496E7442 		.ascii	"IntBluetoothUART_1_Disable\000"
 1245      6C756574 
 1245      6F6F7468 
 1245      55415254 
 1245      5F315F44 
 1246              	.LASF27:
 1247 0071 496E7442 		.ascii	"IntBluetoothUART_1_Enable\000"
 1247      6C756574 
 1247      6F6F7468 
 1247      55415254 
 1247      5F315F45 
 1248              	.LASF14:
 1249 008b 666C6F61 		.ascii	"float\000"
 1249      7400
 1250              	.LASF33:
 1251 0091 496E7442 		.ascii	"IntBluetoothUART_1_ClearPending\000"
 1251      6C756574 
 1251      6F6F7468 
 1251      55415254 
 1251      5F315F43 
 1252              	.LASF20:
 1253 00b1 496E7442 		.ascii	"IntBluetoothUART_1_SetVector\000"
 1253      6C756574 
 1253      6F6F7468 
 1253      55415254 
 1253      5F315F53 
 1254              	.LASF4:
 1255 00ce 756E7369 		.ascii	"unsigned char\000"
 1255      676E6564 
ARM GAS  C:\Users\bchir\AppData\Local\Temp\cceQytf2.s 			page 31


 1255      20636861 
 1255      7200
 1256              	.LASF34:
 1257 00dc 474E5520 		.ascii	"GNU C11 5.4.1 20160609 (release) [ARM/embedded-5-br"
 1257      43313120 
 1257      352E342E 
 1257      31203230 
 1257      31363036 
 1258 010f 616E6368 		.ascii	"anch revision 237715] -mcpu=cortex-m3 -mthumb -g -O"
 1258      20726576 
 1258      6973696F 
 1258      6E203233 
 1258      37373135 
 1259 0142 67202D66 		.ascii	"g -ffunction-sections -ffat-lto-objects\000"
 1259      66756E63 
 1259      74696F6E 
 1259      2D736563 
 1259      74696F6E 
 1260              	.LASF16:
 1261 016a 72656738 		.ascii	"reg8\000"
 1261      00
 1262              	.LASF8:
 1263 016f 6C6F6E67 		.ascii	"long unsigned int\000"
 1263      20756E73 
 1263      69676E65 
 1263      6420696E 
 1263      7400
 1264              	.LASF12:
 1265 0181 75696E74 		.ascii	"uint8\000"
 1265      3800
 1266              	.LASF22:
 1267 0187 496E7442 		.ascii	"IntBluetoothUART_1_SetPriority\000"
 1267      6C756574 
 1267      6F6F7468 
 1267      55415254 
 1267      5F315F53 
 1268              	.LASF24:
 1269 01a6 7072696F 		.ascii	"priority\000"
 1269      72697479 
 1269      00
 1270              	.LASF38:
 1271 01af 436F756E 		.ascii	"Counter_1_ReadStatusRegister\000"
 1271      7465725F 
 1271      315F5265 
 1271      61645374 
 1271      61747573 
 1272              	.LASF15:
 1273 01cc 646F7562 		.ascii	"double\000"
 1273      6C6500
 1274              	.LASF37:
 1275 01d3 496E7442 		.ascii	"IntBluetoothUART_1_GetState\000"
 1275      6C756574 
 1275      6F6F7468 
 1275      55415254 
 1275      5F315F47 
 1276              	.LASF13:
 1277 01ef 75696E74 		.ascii	"uint32\000"
ARM GAS  C:\Users\bchir\AppData\Local\Temp\cceQytf2.s 			page 32


 1277      333200
 1278              	.LASF0:
 1279 01f6 756E7369 		.ascii	"unsigned int\000"
 1279      676E6564 
 1279      20696E74 
 1279      00
 1280              	.LASF23:
 1281 0203 61646472 		.ascii	"address\000"
 1281      65737300 
 1282              	.LASF9:
 1283 020b 6C6F6E67 		.ascii	"long long unsigned int\000"
 1283      206C6F6E 
 1283      6720756E 
 1283      7369676E 
 1283      65642069 
 1284              	.LASF18:
 1285 0222 63796973 		.ascii	"cyisraddress\000"
 1285      72616464 
 1285      72657373 
 1285      00
 1286              	.LASF31:
 1287 022f 496E7442 		.ascii	"IntBluetoothUART_1_Stop\000"
 1287      6C756574 
 1287      6F6F7468 
 1287      55415254 
 1287      5F315F53 
 1288              	.LASF25:
 1289 0247 496E7442 		.ascii	"IntBluetoothUART_1_GetVector\000"
 1289      6C756574 
 1289      6F6F7468 
 1289      55415254 
 1289      5F315F47 
 1290              	.LASF19:
 1291 0264 496E7442 		.ascii	"IntBluetoothUART_1_Interrupt\000"
 1291      6C756574 
 1291      6F6F7468 
 1291      55415254 
 1291      5F315F49 
 1292              	.LASF10:
 1293 0281 73697A65 		.ascii	"sizetype\000"
 1293      74797065 
 1293      00
 1294              	.LASF1:
 1295 028a 6C6F6E67 		.ascii	"long long int\000"
 1295      206C6F6E 
 1295      6720696E 
 1295      7400
 1296              	.LASF11:
 1297 0298 63686172 		.ascii	"char\000"
 1297      00
 1298              	.LASF21:
 1299 029d 72616D56 		.ascii	"ramVectorTable\000"
 1299      6563746F 
 1299      72546162 
 1299      6C6500
 1300              	.LASF36:
 1301 02ac 453A5C47 		.ascii	"E:\\GIT Hub Project\\protocov\\Protocov\\Protocov.c"
ARM GAS  C:\Users\bchir\AppData\Local\Temp\cceQytf2.s 			page 33


 1301      49542048 
 1301      75622050 
 1301      726F6A65 
 1301      63745C70 
 1302 02db 7964736E 		.ascii	"ydsn\000"
 1302      00
 1303              	.LASF5:
 1304 02e0 73686F72 		.ascii	"short int\000"
 1304      7420696E 
 1304      7400
 1305              	.LASF7:
 1306 02ea 6C6F6E67 		.ascii	"long int\000"
 1306      20696E74 
 1306      00
 1307              	.LASF2:
 1308 02f3 6C6F6E67 		.ascii	"long double\000"
 1308      20646F75 
 1308      626C6500 
 1309              	.LASF3:
 1310 02ff 7369676E 		.ascii	"signed char\000"
 1310      65642063 
 1310      68617200 
 1311              	.LASF29:
 1312 030b 496E7442 		.ascii	"IntBluetoothUART_1_Start\000"
 1312      6C756574 
 1312      6F6F7468 
 1312      55415254 
 1312      5F315F53 
 1313              	.LASF35:
 1314 0324 47656E65 		.ascii	"Generated_Source\\PSoC5\\IntBluetoothUART_1.c\000"
 1314      72617465 
 1314      645F536F 
 1314      75726365 
 1314      5C50536F 
 1315              	.LASF30:
 1316 0350 496E7442 		.ascii	"IntBluetoothUART_1_StartEx\000"
 1316      6C756574 
 1316      6F6F7468 
 1316      55415254 
 1316      5F315F53 
 1317              		.ident	"GCC: (GNU Tools for ARM Embedded Processors) 5.4.1 20160609 (release) [ARM/embedded-5-bran
