Archive member included to satisfy reference by file (symbol)

.\CortexM3\ARM_GCC_541\Debug\Protocov.a(PlayPauseButton.o)
                              .\CortexM3\ARM_GCC_541\Debug\UserButtonControl.o (PlayPauseButton_SetDriveMode)
.\CortexM3\ARM_GCC_541\Debug\Protocov.a(PowerEnableSelf.o)
                              .\CortexM3\ARM_GCC_541\Debug\PowerMonitoringAndControl.o (PowerEnableSelf_Write)
.\CortexM3\ARM_GCC_541\Debug\Protocov.a(PowerEnableBatt.o)
                              .\CortexM3\ARM_GCC_541\Debug\PowerMonitoringAndControl.o (PowerEnableBatt_Write)
.\CortexM3\ARM_GCC_541\Debug\Protocov.a(PowerEnableACC.o)
                              .\CortexM3\ARM_GCC_541\Debug\PowerMonitoringAndControl.o (PowerEnableACC_Write)
.\CortexM3\ARM_GCC_541\Debug\Protocov.a(CyLib.o)
                              .\CortexM3\ARM_GCC_541\Debug\Cm3Start.o (CyHalt)
.\CortexM3\ARM_GCC_541\Debug\Protocov.a(cyPm.o)
                              .\CortexM3\ARM_GCC_541\Debug\Protocov.a(CyLib.o) (CyPmReadStatus)
.\CortexM3\ARM_GCC_541\Debug\Protocov.a(BluetoothUART.o)
                              .\CortexM3\ARM_GCC_541\Debug\BluetoothComms.o (BluetoothUART_Start)
.\CortexM3\ARM_GCC_541\Debug\Protocov.a(BluetoothUART_IntClock.o)
                              .\CortexM3\ARM_GCC_541\Debug\Protocov.a(BluetoothUART.o) (BluetoothUART_IntClock_Start)
.\CortexM3\ARM_GCC_541\Debug\Protocov.a(IntBluetoothUART.o)
                              .\CortexM3\ARM_GCC_541\Debug\BluetoothComms.o (bluetoothISRDataBuff)
.\CortexM3\ARM_GCC_541\Debug\Protocov.a(Clock_1.o)
                              .\CortexM3\ARM_GCC_541\Debug\BluetoothComms.o (Clock_1_Start)
.\CortexM3\ARM_GCC_541\Debug\Protocov.a(Counter_1.o)
                              .\CortexM3\ARM_GCC_541\Debug\Protocov.a(IntBluetoothUART.o) (Counter_1_ReadStatusRegister)
.\CortexM3\ARM_GCC_541\Debug\Protocov.a(Clock_2.o)
                              .\CortexM3\ARM_GCC_541\Debug\BluetoothComms.o (Clock_2_Start)
.\CortexM3\ARM_GCC_541\Debug\Protocov.a(VehicleCAN.o)
                              .\CortexM3\ARM_GCC_541\Debug\CanBusMessageRead.o (VehicleCAN_Start)
.\CortexM3\ARM_GCC_541\Debug\Protocov.a(VehicleCAN_INT.o)
                              .\CortexM3\ARM_GCC_541\Debug\Protocov.a(VehicleCAN.o) (VehicleCAN_ISR)
.\CortexM3\ARM_GCC_541\Debug\Protocov.a(VehicleCAN_TX_RX_func.o)
                              .\CortexM3\ARM_GCC_541\Debug\Protocov.a(VehicleCAN_INT.o) (VehicleCAN_ReceiveMsg)
.\CortexM3\ARM_GCC_541\Debug\Protocov.a(VehicleBattVoltageAdc.o)
                              .\CortexM3\ARM_GCC_541\Debug\VehicleBatteryVoltage.o (VehicleBattVoltageAdc_Start)
.\CortexM3\ARM_GCC_541\Debug\Protocov.a(VehicleBattVoltageAdc_INT.o)
                              .\CortexM3\ARM_GCC_541\Debug\Protocov.a(VehicleBattVoltageAdc.o) (VehicleBattVoltageAdc_ISR)
.\CortexM3\ARM_GCC_541\Debug\Protocov.a(ClockVehicleBattVoltageADC.o)
                              .\CortexM3\ARM_GCC_541\Debug\VehicleBatteryVoltage.o (ClockVehicleBattVoltageADC_Start)
.\CortexM3\ARM_GCC_541\Debug\Protocov.a(BlueLedd.o)
                              .\CortexM3\ARM_GCC_541\Debug\main.o (BlueLedd_Write)
.\CortexM3\ARM_GCC_541\Debug\Protocov.a(CyBootAsmGnu.o)
                              .\CortexM3\ARM_GCC_541\Debug\cyfitter_cfg.o (CyDelayCycles)
.\CortexM3\ARM_GCC_541\Debug\Protocov.a(CyFlash.o)
                              .\CortexM3\ARM_GCC_541\Debug\Protocov.a(cyPm.o) (CyFlash_SetWaitCycles)
.\CortexM3\ARM_GCC_541\Debug\Protocov.a(CySpc.o)
                              .\CortexM3\ARM_GCC_541\Debug\Protocov.a(CyFlash.o) (CySpcStart)
c:/program files (x86)/cypress/psoc creator/4.4/psoc creator/import/gnu/arm/5.4.1/bin/../lib/gcc/arm-none-eabi/5.4.1/armv7-m\libgcc.a(_arm_addsubsf3.o)
                              .\CortexM3\ARM_GCC_541\Debug\VehicleBatteryVoltage.o (__aeabi_fsub)
c:/program files (x86)/cypress/psoc creator/4.4/psoc creator/import/gnu/arm/5.4.1/bin/../lib/gcc/arm-none-eabi/5.4.1/armv7-m\libgcc.a(_arm_muldivsf3.o)
                              .\CortexM3\ARM_GCC_541\Debug\VehicleBatteryVoltage.o (__aeabi_fmul)
c:/program files (x86)/cypress/psoc creator/4.4/psoc creator/import/gnu/arm/5.4.1/bin/../lib/gcc/arm-none-eabi/5.4.1/armv7-m\libgcc.a(_arm_cmpsf2.o)
                              .\CortexM3\ARM_GCC_541\Debug\PowerMonitoringAndControl.o (__aeabi_fcmplt)
c:/program files (x86)/cypress/psoc creator/4.4/psoc creator/import/gnu/arm/5.4.1/bin/../lib/gcc/arm-none-eabi/5.4.1/armv7-m\libgcc.a(_aeabi_ldivmod.o)
                              .\CortexM3\ARM_GCC_541\Debug\Protocov.a(VehicleBattVoltageAdc.o) (__aeabi_ldivmod)
c:/program files (x86)/cypress/psoc creator/4.4/psoc creator/import/gnu/arm/5.4.1/bin/../lib/gcc/arm-none-eabi/5.4.1/armv7-m\libgcc.a(_udivmoddi4.o)
                              c:/program files (x86)/cypress/psoc creator/4.4/psoc creator/import/gnu/arm/5.4.1/bin/../lib/gcc/arm-none-eabi/5.4.1/armv7-m\libgcc.a(_aeabi_ldivmod.o) (__udivmoddi4)
[...]
Memory Configuration

Name             Origin             Length             Attributes
rom              0x00000000         0x00040000         xr
ram              0x1fff8000         0x00010000         xrw
*default*        0x00000000         0xffffffff

Linker script and memory map

LOAD c:/program files (x86)/cypress/psoc creator/4.4/psoc creator/import/gnu/arm/5.4.1/bin/../lib/gcc/arm-none-eabi/5.4.1/armv7-m/crti.o
LOAD c:/program files (x86)/cypress/psoc creator/4.4/psoc creator/import/gnu/arm/5.4.1/bin/../lib/gcc/arm-none-eabi/5.4.1/armv7-m/crtbegin.o
LOAD c:/program files (x86)/cypress/psoc creator/4.4/psoc creator/import/gnu/arm/5.4.1/bin/../lib/gcc/arm-none-eabi/5.4.1/../../../../arm-none-eabi/lib/armv7-m/crt0.o
START GROUP
LOAD .\CortexM3\ARM_GCC_541\Debug\main.o
LOAD .\CortexM3\ARM_GCC_541\Debug\BluetoothComms.o
LOAD .\CortexM3\ARM_GCC_541\Debug\CanBusMessageRead.o
LOAD .\CortexM3\ARM_GCC_541\Debug\UserButtonControl.o
LOAD .\CortexM3\ARM_GCC_541\Debug\VehicleBatteryVoltage.o
LOAD .\CortexM3\ARM_GCC_541\Debug\SystemMessenger.o
LOAD .\CortexM3\ARM_GCC_541\Debug\PowerMonitoringAndControl.o
LOAD .\CortexM3\ARM_GCC_541\Debug\port.o
LOAD .\CortexM3\ARM_GCC_541\Debug\list.o
LOAD .\CortexM3\ARM_GCC_541\Debug\queue.o
LOAD .\CortexM3\ARM_GCC_541\Debug\tasks.o
LOAD .\CortexM3\ARM_GCC_541\Debug\timers.o
LOAD .\CortexM3\ARM_GCC_541\Debug\heap_1.o
LOAD .\CortexM3\ARM_GCC_541\Debug\cyfitter_cfg.o
LOAD .\CortexM3\ARM_GCC_541\Debug\cymetadata.o
LOAD .\CortexM3\ARM_GCC_541\Debug\Cm3Start.o
LOAD .\CortexM3\ARM_GCC_541\Debug\Protocov.a
LOAD C:\Program Files (x86)\Cypress\PSoC Creator\4.4\PSoC Creator\psoc\content\cycomponentlibrary\CyComponentLibrary.cylib\CortexM3\ARM_GCC_541\Debug\CyComponentLibrary.a
END GROUP
START GROUP
LOAD c:/program files (x86)/cypress/psoc creator/4.4/psoc creator/import/gnu/arm/5.4.1/bin/../lib/gcc/arm-none-eabi/5.4.1/armv7-m\libgcc.a
LOAD c:/program files (x86)/cypress/psoc creator/4.4/psoc creator/import/gnu/arm/5.4.1/bin/../lib/gcc/arm-none-eabi/5.4.1/../../../../arm-none-eabi/lib/armv7-m\libg_nano.a
LOAD c:/program files (x86)/cypress/psoc creator/4.4/psoc creator/import/gnu/arm/5.4.1/bin/../lib/gcc/arm-none-eabi/5.4.1/../../../../arm-none-eabi/lib/armv7-m\libc_nano.a
END GROUP
START GROUP
LOAD c:/program files (x86)/cypress/psoc creator/4.4/psoc creator/import/gnu/arm/5.4.1/bin/../lib/gcc/arm-none-eabi/5.4.1/armv7-m\libgcc.a
LOAD c:/program files (x86)/cypress/psoc creator/4.4/psoc creator/import/gnu/arm/5.4.1/bin/../lib/gcc/arm-none-eabi/5.4.1/../../../../arm-none-eabi/lib/armv7-m\libc_nano.a
END GROUP
LOAD c:/program files (x86)/cypress/psoc creator/4.4/psoc creator/import/gnu/arm/5.4.1/bin/../lib/gcc/arm-none-eabi/5.4.1/armv7-m/crtend.o
LOAD c:/program files (x86)/cypress/psoc creator/4.4/psoc creator/import/gnu/arm/5.4.1/bin/../lib/gcc/arm-none-eabi/5.4.1/armv7-m/crtn.o
START GROUP
LOAD c:/program files (x86)/cypress/psoc creator/4.4/psoc creator/import/gnu/arm/5.4.1/bin/../lib/gcc/arm-none-eabi/5.4.1/armv7-m\libgcc.a
LOAD c:/program files (x86)/cypress/psoc creator/4.4/psoc creator/import/gnu/arm/5.4.1/bin/../lib/gcc/arm-none-eabi/5.4.1/../../../../arm-none-eabi/lib/armv7-m\libc.a
LOAD c:/program files (x86)/cypress/psoc creator/4.4/psoc creator/import/gnu/arm/5.4.1/bin/../lib/gcc/arm-none-eabi/5.4.1/../../../../arm-none-eabi/lib/armv7-m\libnosys.a
END GROUP
                0x00000000                CY_APPL_ORIGIN = 0x0
                0x00000100                CY_FLASH_ROW_SIZE = 0x100
                0x00000020                CY_ECC_ROW_SIZE = 0x20
                0x00000000                CY_EE_IN_BTLDR = 0x0
                0x00000000                CY_APPL_LOADABLE = 0x0
                0x00000800                CY_EE_SIZE = 0x800
                0x00000001                CY_APPL_NUM = 0x1
                0x00000001                CY_APPL_MAX = 0x1
                0x00000040                CY_METADATA_SIZE = 0x40
                0x00000000                CY_APPL_LOADABLE = 0x0
                0x00000000                CY_CHECKSUM_EXCLUDE_SIZE = ALIGN (0x0, CY_FLASH_ROW_SIZE)
                [!provide]                PROVIDE (__cy_heap_start, _end)
                0x00000001                PROVIDE (__cy_region_num, ((__cy_regions_end - __cy_regions) / 0x10))
                0x20008000                PROVIDE (__cy_stack, (ORIGIN (ram) + LENGTH (ram)))
                [!provide]                PROVIDE (__cy_heap_end, (__cy_stack - 0x800))

.cybootloader   0x00000000        0x0
 *(.cybootloader)
                0x00000000                appl1_start = CY_APPL_ORIGIN?CY_APPL_ORIGIN:ALIGN (CY_FLASH_ROW_SIZE)
                0x0001ff00                appl2_start = (appl1_start + ALIGN ((((LENGTH (rom) - appl1_start) - (0x2 * CY_FLASH_ROW_SIZE)) / 0x2), CY_FLASH_ROW_SIZE))
                0x00000000                appl_start = (CY_APPL_NUM == 0x1)?appl1_start:appl2_start
                0x00000000                ecc_offset = ((appl_start / CY_FLASH_ROW_SIZE) * CY_ECC_ROW_SIZE)
                0x00000000                ee_offset = (CY_APPL_LOADABLE && ! (CY_EE_IN_BTLDR))?((CY_EE_SIZE / CY_APPL_MAX) * (CY_APPL_NUM - 0x1)):0x0
                0x00000800                ee_size = (CY_APPL_LOADABLE && ! (CY_EE_IN_BTLDR))?(CY_EE_SIZE / CY_APPL_MAX):CY_EE_SIZE
                [!provide]                PROVIDE (CY_ECC_OFFSET, ecc_offset)

.text           0x00000000     0x291c
 CREATE_OBJECT_SYMBOLS
                0x00000000                PROVIDE (__cy_interrupt_vector, RomVectors)
 *(.romvectors)
 .romvectors    0x00000000       0x10 .\CortexM3\ARM_GCC_541\Debug\Cm3Start.o
                0x00000000                RomVectors
                0x00000001                ASSERT ((. != __cy_interrupt_vector), No interrupt vector)
                0x00000001                ASSERT (CY_APPL_ORIGIN?(SIZEOF (.cybootloader) <= CY_APPL_ORIGIN):0x1, Wrong image location)
                0x00000010                PROVIDE (__cy_reset, Reset)
 *(.text.Reset)
 .text.Reset    0x00000010       0x18 .\CortexM3\ARM_GCC_541\Debug\Cm3Start.o
                0x00000010                Reset
                0x00000001                ASSERT ((. != __cy_reset), No reset code)
 *(.dma_init)
                0x00000001                ASSERT ((((appl_start + .) <= 0x10000) || 0x1), DMA Init must be within the first 64k of flash)
 *(.text .text.* .gnu.linkonce.t.*)
 .text          0x00000028       0x5c c:/program files (x86)/cypress/psoc creator/4.4/psoc creator/import/gnu/arm/5.4.1/bin/../lib/gcc/arm-none-eabi/5.4.1/armv7-m/crtbegin.o
 .text.prvHardwareSetup
                0x00000084       0x20 .\CortexM3\ARM_GCC_541\Debug\main.o
 .text.startSystemTasks
                0x000000a4       0x18 .\CortexM3\ARM_GCC_541\Debug\main.o
 .text.main     0x000000bc       0x20 .\CortexM3\ARM_GCC_541\Debug\main.o
                0x000000bc                main
 .text.vApplicationStackOverflowHook
                0x000000dc       0x14 .\CortexM3\ARM_GCC_541\Debug\main.o
                0x000000dc                vApplicationStackOverflowHook
 .text.TaskBluetoothComms
                0x000000f0       0x78 .\CortexM3\ARM_GCC_541\Debug\BluetoothComms.o
 .text.getBluetoothCommsTaskHandle
                0x00000168        0xc .\CortexM3\ARM_GCC_541\Debug\BluetoothComms.o
                0x00000168                getBluetoothCommsTaskHandle
 .text.startTaskBluetoothComms
                0x00000174       0x2c .\CortexM3\ARM_GCC_541\Debug\BluetoothComms.o
                0x00000174                startTaskBluetoothComms
 .text.TaskUserButtonControl
                0x000001a0       0x10 .\CortexM3\ARM_GCC_541\Debug\UserButtonControl.o
 .text.startTaskUserButtonControl
                0x000001b0       0x2c .\CortexM3\ARM_GCC_541\Debug\UserButtonControl.o
                0x000001b0                startTaskUserButtonControl
 .text.TaskVehicleBatteryVoltage
                0x000001dc       0xd4 .\CortexM3\ARM_GCC_541\Debug\VehicleBatteryVoltage.o
 .text.startTaskVehicleBatteryVoltage
                0x000002b0       0x2c .\CortexM3\ARM_GCC_541\Debug\VehicleBatteryVoltage.o
                0x000002b0                startTaskVehicleBatteryVoltage
 .text.TaskSystemMessenger
                0x000002dc       0x90 .\CortexM3\ARM_GCC_541\Debug\SystemMessenger.o
 .text.createSystemMsgPacket
                0x0000036c       0x5c .\CortexM3\ARM_GCC_541\Debug\SystemMessenger.o
                0x0000036c                createSystemMsgPacket
 .text.getSysMessegesgQ
                0x000003c8        0xc .\CortexM3\ARM_GCC_541\Debug\SystemMessenger.o
                0x000003c8                getSysMessegesgQ
 .text.startTaskSystemMessenger
                0x000003d4       0x2c .\CortexM3\ARM_GCC_541\Debug\SystemMessenger.o
                0x000003d4                startTaskSystemMessenger
 .text.TaskPowerMonitoringAndControl
                0x00000400       0x64 .\CortexM3\ARM_GCC_541\Debug\PowerMonitoringAndControl.o
 .text.getPowerMonitoringAndControlTaskHandle
                0x00000464        0xc .\CortexM3\ARM_GCC_541\Debug\PowerMonitoringAndControl.o
                0x00000464                getPowerMonitoringAndControlTaskHandle
 .text.startTaskPowerMonitoringAndControl
                0x00000470       0x2c .\CortexM3\ARM_GCC_541\Debug\PowerMonitoringAndControl.o
                0x00000470                startTaskPowerMonitoringAndControl
 .text.prvTaskExitError
                0x0000049c       0x20 .\CortexM3\ARM_GCC_541\Debug\port.o
 .text.prvPortStartFirstTask
                0x000004bc       0x20 .\CortexM3\ARM_GCC_541\Debug\port.o
 .text.pxPortInitialiseStack
                0x000004dc       0x24 .\CortexM3\ARM_GCC_541\Debug\port.o
                0x000004dc                pxPortInitialiseStack
 .text.vPortSVCHandler
                0x00000500       0x24 .\CortexM3\ARM_GCC_541\Debug\port.o
                0x00000500                vPortSVCHandler
 .text.vPortEnterCritical
                0x00000524       0x20 .\CortexM3\ARM_GCC_541\Debug\port.o
                0x00000524                vPortEnterCritical
 .text.vPortExitCritical
                0x00000544       0x14 .\CortexM3\ARM_GCC_541\Debug\port.o
                0x00000544                vPortExitCritical
 *fill*         0x00000558        0x8 
 .text.xPortPendSVHandler
                0x00000560       0x44 .\CortexM3\ARM_GCC_541\Debug\port.o
                0x00000560                xPortPendSVHandler
 .text.xPortSysTickHandler
                0x000005a4       0x2c .\CortexM3\ARM_GCC_541\Debug\port.o
                0x000005a4                xPortSysTickHandler
 .text.vPortSetupTimerInterrupt
                0x000005d0       0x28 .\CortexM3\ARM_GCC_541\Debug\port.o
                0x000005d0                vPortSetupTimerInterrupt
 .text.xPortStartScheduler
                0x000005f8       0x38 .\CortexM3\ARM_GCC_541\Debug\port.o
                0x000005f8                xPortStartScheduler
 .text.vListInitialise
                0x00000630       0x18 .\CortexM3\ARM_GCC_541\Debug\list.o
                0x00000630                vListInitialise
 .text.vListInitialiseItem
                0x00000648        0x8 .\CortexM3\ARM_GCC_541\Debug\list.o
                0x00000648                vListInitialiseItem
 .text.vListInsert
                0x00000650       0x34 .\CortexM3\ARM_GCC_541\Debug\list.o
                0x00000650                vListInsert
 .text.uxListRemove
                0x00000684       0x28 .\CortexM3\ARM_GCC_541\Debug\list.o
                0x00000684                uxListRemove
 .text.prvIsQueueFull
                0x000006ac       0x20 .\CortexM3\ARM_GCC_541\Debug\queue.o
 .text.prvIsQueueEmpty
                0x000006cc       0x1c .\CortexM3\ARM_GCC_541\Debug\queue.o
 .text.prvCopyDataToQueue
                0x000006e8       0x78 .\CortexM3\ARM_GCC_541\Debug\queue.o
 .text.prvCopyDataFromQueue
                0x00000760       0x24 .\CortexM3\ARM_GCC_541\Debug\queue.o
 .text.prvUnlockQueue
                0x00000784       0x68 .\CortexM3\ARM_GCC_541\Debug\queue.o
 .text.xQueueGenericReset
                0x000007ec       0x94 .\CortexM3\ARM_GCC_541\Debug\queue.o
                0x000007ec                xQueueGenericReset
 .text.prvInitialiseNewQueue
                0x00000880       0x1c .\CortexM3\ARM_GCC_541\Debug\queue.o
 .text.xQueueGenericCreate
                0x0000089c       0x50 .\CortexM3\ARM_GCC_541\Debug\queue.o
                0x0000089c                xQueueGenericCreate
 .text.xQueueGenericSend
                0x000008ec      0x108 .\CortexM3\ARM_GCC_541\Debug\queue.o
                0x000008ec                xQueueGenericSend
 .text.xQueueReceive
                0x000009f4       0xf8 .\CortexM3\ARM_GCC_541\Debug\queue.o
                0x000009f4                xQueueReceive
 .text.prvResetNextTaskUnblockTime
                0x00000aec       0x24 .\CortexM3\ARM_GCC_541\Debug\tasks.o
 .text.prvDeleteTCB
                0x00000b10       0x14 .\CortexM3\ARM_GCC_541\Debug\tasks.o
 .text.prvInitialiseNewTask
                0x00000b24       0x8c .\CortexM3\ARM_GCC_541\Debug\tasks.o
 .text.prvInitialiseTaskLists
                0x00000bb0       0x58 .\CortexM3\ARM_GCC_541\Debug\tasks.o
 .text.prvAddNewTaskToReadyList
                0x00000c08       0xd4 .\CortexM3\ARM_GCC_541\Debug\tasks.o
 .text.prvCheckTasksWaitingTermination
                0x00000cdc       0x44 .\CortexM3\ARM_GCC_541\Debug\tasks.o
 .text.prvIdleTask
                0x00000d20        0x8 .\CortexM3\ARM_GCC_541\Debug\tasks.o
 .text.prvAddCurrentTaskToDelayedList
                0x00000d28       0xa8 .\CortexM3\ARM_GCC_541\Debug\tasks.o
 .text.xTaskCreate
                0x00000dd0       0x6c .\CortexM3\ARM_GCC_541\Debug\tasks.o
                0x00000dd0                xTaskCreate
 .text.vTaskStartScheduler
                0x00000e3c       0x60 .\CortexM3\ARM_GCC_541\Debug\tasks.o
                0x00000e3c                vTaskStartScheduler
 .text.vTaskSuspendAll
                0x00000e9c       0x14 .\CortexM3\ARM_GCC_541\Debug\tasks.o
                0x00000e9c                vTaskSuspendAll
 .text.xTaskGetTickCountFromISR
                0x00000eb0        0xc .\CortexM3\ARM_GCC_541\Debug\tasks.o
                0x00000eb0                xTaskGetTickCountFromISR
 .text.xTaskIncrementTick
                0x00000ebc      0x150 .\CortexM3\ARM_GCC_541\Debug\tasks.o
                0x00000ebc                xTaskIncrementTick
 .text.xTaskResumeAll
                0x0000100c      0x144 .\CortexM3\ARM_GCC_541\Debug\tasks.o
                0x0000100c                xTaskResumeAll
 .text.vTaskDelay
                0x00001150       0x34 .\CortexM3\ARM_GCC_541\Debug\tasks.o
                0x00001150                vTaskDelay
 .text.vTaskSwitchContext
                0x00001184       0xa4 .\CortexM3\ARM_GCC_541\Debug\tasks.o
                0x00001184                vTaskSwitchContext
 .text.vTaskPlaceOnEventList
                0x00001228       0x20 .\CortexM3\ARM_GCC_541\Debug\tasks.o
                0x00001228                vTaskPlaceOnEventList
 .text.xTaskRemoveFromEventList
                0x00001248       0xe8 .\CortexM3\ARM_GCC_541\Debug\tasks.o
                0x00001248                xTaskRemoveFromEventList
 .text.vTaskInternalSetTimeOutState
                0x00001330       0x14 .\CortexM3\ARM_GCC_541\Debug\tasks.o
                0x00001330                vTaskInternalSetTimeOutState
 .text.xTaskCheckForTimeOut
                0x00001344       0x5c .\CortexM3\ARM_GCC_541\Debug\tasks.o
                0x00001344                xTaskCheckForTimeOut
 .text.vTaskMissedYield
                0x000013a0       0x10 .\CortexM3\ARM_GCC_541\Debug\tasks.o
                0x000013a0                vTaskMissedYield
 .text.xTaskPriorityDisinherit
                0x000013b0       0xa0 .\CortexM3\ARM_GCC_541\Debug\tasks.o
                0x000013b0                xTaskPriorityDisinherit
 .text.ulTaskGenericNotifyTake
                0x00001450       0xa0 .\CortexM3\ARM_GCC_541\Debug\tasks.o
                0x00001450                ulTaskGenericNotifyTake
 .text.xTaskGenericNotify
                0x000014f0      0x124 .\CortexM3\ARM_GCC_541\Debug\tasks.o
                0x000014f0                xTaskGenericNotify
 .text.vTaskGenericNotifyGiveFromISR
                0x00001614       0xf8 .\CortexM3\ARM_GCC_541\Debug\tasks.o
                0x00001614                vTaskGenericNotifyGiveFromISR
 .text.pvPortMalloc
                0x0000170c       0x70 .\CortexM3\ARM_GCC_541\Debug\heap_1.o
                0x0000170c                pvPortMalloc
 .text.vPortFree
                0x0000177c        0x4 .\CortexM3\ARM_GCC_541\Debug\heap_1.o
                0x0000177c                vPortFree
 .text.CyClockStartupError
                0x00001780        0x4 .\CortexM3\ARM_GCC_541\Debug\cyfitter_cfg.o
 .text.cfg_write_bytes32
                0x00001784       0x34 .\CortexM3\ARM_GCC_541\Debug\cyfitter_cfg.o
 .text.CYMEMZERO
                0x000017b8        0xc .\CortexM3\ARM_GCC_541\Debug\cyfitter_cfg.o
 .text.AnalogSetDefault
                0x000017c4       0x70 .\CortexM3\ARM_GCC_541\Debug\cyfitter_cfg.o
 .text.CYCONFIGCPY
                0x00001834        0x8 .\CortexM3\ARM_GCC_541\Debug\cyfitter_cfg.o
 .text.ClockSetup
                0x0000183c       0xfc .\CortexM3\ARM_GCC_541\Debug\cyfitter_cfg.o
 .text.cyfitter_cfg
                0x00001938      0x124 .\CortexM3\ARM_GCC_541\Debug\cyfitter_cfg.o
                0x00001938                cyfitter_cfg
 .text.IntDefaultHandler
                0x00001a5c       0x10 .\CortexM3\ARM_GCC_541\Debug\Cm3Start.o
                0x00001a5c                IntDefaultHandler
 .text._sbrk    0x00001a6c       0x30 .\CortexM3\ARM_GCC_541\Debug\Cm3Start.o
                0x00001a6c                _sbrk
 .text.Start_c  0x00001a9c       0x4c .\CortexM3\ARM_GCC_541\Debug\Cm3Start.o
                0x00001a9c                Start_c
 .text.initialize_psoc
                0x00001ae8       0x68 .\CortexM3\ARM_GCC_541\Debug\Cm3Start.o
                0x00001ae8                initialize_psoc
 .text.PlayPauseButton_SetDriveMode
                0x00001b50       0x18 .\CortexM3\ARM_GCC_541\Debug\Protocov.a(PlayPauseButton.o)
                0x00001b50                PlayPauseButton_SetDriveMode
 .text.PowerEnableSelf_Write
                0x00001b68       0x18 .\CortexM3\ARM_GCC_541\Debug\Protocov.a(PowerEnableSelf.o)
                0x00001b68                PowerEnableSelf_Write
 .text.PowerEnableBatt_Write
                0x00001b80       0x18 .\CortexM3\ARM_GCC_541\Debug\Protocov.a(PowerEnableBatt.o)
                0x00001b80                PowerEnableBatt_Write
 .text.PowerEnableACC_Write
                0x00001b98       0x18 .\CortexM3\ARM_GCC_541\Debug\Protocov.a(PowerEnableACC.o)
                0x00001b98                PowerEnableACC_Write
 .text.CyHalt   0x00001bb0        0x4 .\CortexM3\ARM_GCC_541\Debug\Protocov.a(CyLib.o)
                0x00001bb0                CyHalt
 .text.CyDelay  0x00001bb4       0x2c .\CortexM3\ARM_GCC_541\Debug\Protocov.a(CyLib.o)
                0x00001bb4                CyDelay
 .text.CyDelayUs
                0x00001be0       0x14 .\CortexM3\ARM_GCC_541\Debug\Protocov.a(CyLib.o)
                0x00001be0                CyDelayUs
 .text.CyIntSetVector
                0x00001bf4       0x28 .\CortexM3\ARM_GCC_541\Debug\Protocov.a(CyLib.o)
                0x00001bf4                CyIntSetVector
 .text.CyIntSetPriority
                0x00001c1c       0x30 .\CortexM3\ARM_GCC_541\Debug\Protocov.a(CyLib.o)
                0x00001c1c                CyIntSetPriority
 .text.BluetoothUART_Init
                0x00001c4c       0x28 .\CortexM3\ARM_GCC_541\Debug\Protocov.a(BluetoothUART.o)
                0x00001c4c                BluetoothUART_Init
 .text.BluetoothUART_Enable
                0x00001c74       0x38 .\CortexM3\ARM_GCC_541\Debug\Protocov.a(BluetoothUART.o)
                0x00001c74                BluetoothUART_Enable
 .text.BluetoothUART_Start
                0x00001cac       0x1c .\CortexM3\ARM_GCC_541\Debug\Protocov.a(BluetoothUART.o)
                0x00001cac                BluetoothUART_Start
 .text.BluetoothUART_WriteTxData
                0x00001cc8       0x14 .\CortexM3\ARM_GCC_541\Debug\Protocov.a(BluetoothUART.o)
                0x00001cc8                BluetoothUART_WriteTxData
 .text.BluetoothUART_IntClock_Start
                0x00001cdc       0x1c .\CortexM3\ARM_GCC_541\Debug\Protocov.a(BluetoothUART_IntClock.o)
                0x00001cdc                BluetoothUART_IntClock_Start
 .text.IntBluetoothUART_Interrupt
                0x00001cf8       0xec .\CortexM3\ARM_GCC_541\Debug\Protocov.a(IntBluetoothUART.o)
                0x00001cf8                IntBluetoothUART_Interrupt
 .text.IntBluetoothUART_SetVector
                0x00001de4        0xc .\CortexM3\ARM_GCC_541\Debug\Protocov.a(IntBluetoothUART.o)
                0x00001de4                IntBluetoothUART_SetVector
 .text.IntBluetoothUART_SetPriority
                0x00001df0       0x10 .\CortexM3\ARM_GCC_541\Debug\Protocov.a(IntBluetoothUART.o)
                0x00001df0                IntBluetoothUART_SetPriority
 .text.IntBluetoothUART_Enable
                0x00001e00        0xc .\CortexM3\ARM_GCC_541\Debug\Protocov.a(IntBluetoothUART.o)
                0x00001e00                IntBluetoothUART_Enable
 .text.IntBluetoothUART_Disable
                0x00001e0c        0xc .\CortexM3\ARM_GCC_541\Debug\Protocov.a(IntBluetoothUART.o)
                0x00001e0c                IntBluetoothUART_Disable
 .text.IntBluetoothUART_Start
                0x00001e18       0x1c .\CortexM3\ARM_GCC_541\Debug\Protocov.a(IntBluetoothUART.o)
                0x00001e18                IntBluetoothUART_Start
 .text.Clock_1_Start
                0x00001e34       0x1c .\CortexM3\ARM_GCC_541\Debug\Protocov.a(Clock_1.o)
                0x00001e34                Clock_1_Start
 .text.Counter_1_Enable
                0x00001e50       0x10 .\CortexM3\ARM_GCC_541\Debug\Protocov.a(Counter_1.o)
                0x00001e50                Counter_1_Enable
 .text.Counter_1_SetInterruptMode
                0x00001e60        0xc .\CortexM3\ARM_GCC_541\Debug\Protocov.a(Counter_1.o)
                0x00001e60                Counter_1_SetInterruptMode
 .text.Counter_1_ReadStatusRegister
                0x00001e6c        0xc .\CortexM3\ARM_GCC_541\Debug\Protocov.a(Counter_1.o)
                0x00001e6c                Counter_1_ReadStatusRegister
 .text.Counter_1_WriteCounter
                0x00001e78        0xc .\CortexM3\ARM_GCC_541\Debug\Protocov.a(Counter_1.o)
                0x00001e78                Counter_1_WriteCounter
 .text.Counter_1_ReadCapture
                0x00001e84        0xc .\CortexM3\ARM_GCC_541\Debug\Protocov.a(Counter_1.o)
                0x00001e84                Counter_1_ReadCapture
 .text.Counter_1_WritePeriod
                0x00001e90        0xc .\CortexM3\ARM_GCC_541\Debug\Protocov.a(Counter_1.o)
                0x00001e90                Counter_1_WritePeriod
 .text.Counter_1_WriteCompare
                0x00001e9c        0xc .\CortexM3\ARM_GCC_541\Debug\Protocov.a(Counter_1.o)
                0x00001e9c                Counter_1_WriteCompare
 .text.Counter_1_ClearFIFO
                0x00001ea8       0x14 .\CortexM3\ARM_GCC_541\Debug\Protocov.a(Counter_1.o)
                0x00001ea8                Counter_1_ClearFIFO
 .text.Counter_1_Init
                0x00001ebc       0x58 .\CortexM3\ARM_GCC_541\Debug\Protocov.a(Counter_1.o)
                0x00001ebc                Counter_1_Init
 .text.Counter_1_Start
                0x00001f14       0x1c .\CortexM3\ARM_GCC_541\Debug\Protocov.a(Counter_1.o)
                0x00001f14                Counter_1_Start
 .text.Clock_2_Start
                0x00001f30       0x1c .\CortexM3\ARM_GCC_541\Debug\Protocov.a(Clock_2.o)
                0x00001f30                Clock_2_Start
 .text.VehicleBattVoltageAdc_CalcGain
                0x00001f4c       0x5c .\CortexM3\ARM_GCC_541\Debug\Protocov.a(VehicleBattVoltageAdc.o)
 .text.VehicleBattVoltageAdc_Enable
                0x00001fa8       0x80 .\CortexM3\ARM_GCC_541\Debug\Protocov.a(VehicleBattVoltageAdc.o)
                0x00001fa8                VehicleBattVoltageAdc_Enable
 .text.VehicleBattVoltageAdc_SetResolution
                0x00002028       0x38 .\CortexM3\ARM_GCC_541\Debug\Protocov.a(VehicleBattVoltageAdc.o)
                0x00002028                VehicleBattVoltageAdc_SetResolution
 .text.VehicleBattVoltageAdc_Init
                0x00002060       0x38 .\CortexM3\ARM_GCC_541\Debug\Protocov.a(VehicleBattVoltageAdc.o)
                0x00002060                VehicleBattVoltageAdc_Init
 .text.VehicleBattVoltageAdc_Start
                0x00002098       0x1c .\CortexM3\ARM_GCC_541\Debug\Protocov.a(VehicleBattVoltageAdc.o)
                0x00002098                VehicleBattVoltageAdc_Start
 .text.VehicleBattVoltageAdc_StartConvert
                0x000020b4       0x10 .\CortexM3\ARM_GCC_541\Debug\Protocov.a(VehicleBattVoltageAdc.o)
                0x000020b4                VehicleBattVoltageAdc_StartConvert
 .text.VehicleBattVoltageAdc_GetResult16
                0x000020c4       0x18 .\CortexM3\ARM_GCC_541\Debug\Protocov.a(VehicleBattVoltageAdc.o)
                0x000020c4                VehicleBattVoltageAdc_GetResult16
 .text.VehicleBattVoltageAdc_CountsTo_mVolts
                0x000020dc       0x58 .\CortexM3\ARM_GCC_541\Debug\Protocov.a(VehicleBattVoltageAdc.o)
                0x000020dc                VehicleBattVoltageAdc_CountsTo_mVolts
 .text.VehicleBattVoltageAdc_ISR
                0x00002134        0x4 .\CortexM3\ARM_GCC_541\Debug\Protocov.a(VehicleBattVoltageAdc_INT.o)
                0x00002134                VehicleBattVoltageAdc_ISR
 .text.ClockVehicleBattVoltageADC_Start
                0x00002138       0x1c .\CortexM3\ARM_GCC_541\Debug\Protocov.a(ClockVehicleBattVoltageADC.o)
                0x00002138                ClockVehicleBattVoltageADC_Start
 .text.BlueLedd_Write
                0x00002154       0x18 .\CortexM3\ARM_GCC_541\Debug\Protocov.a(BlueLedd.o)
                0x00002154                BlueLedd_Write
 *fill*         0x0000216c        0x4 
 .text          0x00002170       0x20 .\CortexM3\ARM_GCC_541\Debug\Protocov.a(CyBootAsmGnu.o)
                0x00002170                CyDelayCycles
                0x00002180                CyEnterCriticalSection
                0x00002188                CyExitCriticalSection
 .text          0x00002190      0x21c c:/program files (x86)/cypress/psoc creator/4.4/psoc creator/import/gnu/arm/5.4.1/bin/../lib/gcc/arm-none-eabi/5.4.1/armv7-m\libgcc.a(_arm_addsubsf3.o)
                0x00002190                __aeabi_frsub
                0x00002198                __subsf3
                0x00002198                __aeabi_fsub
                0x0000219c                __aeabi_fadd
                0x0000219c                __addsf3
                0x000022fc                __aeabi_ui2f
                0x000022fc                __floatunsisf
                0x00002304                __aeabi_i2f
                0x00002304                __floatsisf
                0x00002320                __aeabi_ul2f
                0x00002320                __floatundisf
                0x00002330                __aeabi_l2f
                0x00002330                __floatdisf
 .text          0x000023ac      0x2a0 c:/program files (x86)/cypress/psoc creator/4.4/psoc creator/import/gnu/arm/5.4.1/bin/../lib/gcc/arm-none-eabi/5.4.1/armv7-m\libgcc.a(_arm_muldivsf3.o)
                0x000023ac                __mulsf3
                0x000023ac                __aeabi_fmul
                0x00002514                __aeabi_fdiv
                0x00002514                __divsf3
 .text          0x0000264c       0xec c:/program files (x86)/cypress/psoc creator/4.4/psoc creator/import/gnu/arm/5.4.1/bin/../lib/gcc/arm-none-eabi/5.4.1/armv7-m\libgcc.a(_arm_cmpsf2.o)
                0x0000264c                __gesf2
                0x0000264c                __gtsf2
                0x00002654                __lesf2
                0x00002654                __ltsf2
                0x0000265c                __nesf2
                0x0000265c                __eqsf2
                0x0000265c                __cmpsf2
                0x000026bc                __aeabi_cfrcmple
                0x000026c4                __aeabi_cfcmpeq
                0x000026c4                __aeabi_cfcmple
                0x000026d4                __aeabi_fcmpeq
                0x000026e8                __aeabi_fcmplt
                0x000026fc                __aeabi_fcmple
                0x00002710                __aeabi_fcmpge
                0x00002724                __aeabi_fcmpgt
 .text.__errno  0x00002738        0xc c:/program files (x86)/cypress/psoc creator/4.4/psoc creator/import/gnu/arm/5.4.1/bin/../lib/gcc/arm-none-eabi/5.4.1/../../../../arm-none-eabi/lib/armv7-m\libg_nano.a(lib_a-errno.o)
                0x00002738                __errno
 .text.__libc_init_array
                0x00002744       0x4c c:/program files (x86)/cypress/psoc creator/4.4/psoc creator/import/gnu/arm/5.4.1/bin/../lib/gcc/arm-none-eabi/5.4.1/../../../../arm-none-eabi/lib/armv7-m\libg_nano.a(lib_a-init.o)
                0x00002744                __libc_init_array
 .text.memcpy   0x00002790       0x16 c:/program files (x86)/cypress/psoc creator/4.4/psoc creator/import/gnu/arm/5.4.1/bin/../lib/gcc/arm-none-eabi/5.4.1/../../../../arm-none-eabi/lib/armv7-m\libg_nano.a(lib_a-memcpy-stub.o)
                0x00002790                memcpy
 .text.memset   0x000027a6       0x10 c:/program files (x86)/cypress/psoc creator/4.4/psoc creator/import/gnu/arm/5.4.1/bin/../lib/gcc/arm-none-eabi/5.4.1/../../../../arm-none-eabi/lib/armv7-m\libg_nano.a(lib_a-memset.o)
                0x000027a6                memset
 *fill*         0x000027b6        0x2 
 .text.rand     0x000027b8       0x74 c:/program files (x86)/cypress/psoc creator/4.4/psoc creator/import/gnu/arm/5.4.1/bin/../lib/gcc/arm-none-eabi/5.4.1/../../../../arm-none-eabi/lib/armv7-m\libg_nano.a(lib_a-rand.o)
                0x000027b8                rand
 .text.malloc   0x0000282c       0x10 c:/program files (x86)/cypress/psoc creator/4.4/psoc creator/import/gnu/arm/5.4.1/bin/../lib/gcc/arm-none-eabi/5.4.1/../../../../arm-none-eabi/lib/armv7-m\libg_nano.a(lib_a-malloc.o)
                0x0000282c                malloc
 .text._malloc_r
                0x0000283c       0xbc c:/program files (x86)/cypress/psoc creator/4.4/psoc creator/import/gnu/arm/5.4.1/bin/../lib/gcc/arm-none-eabi/5.4.1/../../../../arm-none-eabi/lib/armv7-m\libg_nano.a(lib_a-nano-mallocr.o)
                0x0000283c                _malloc_r
 .text._sbrk_r  0x000028f8       0x20 c:/program files (x86)/cypress/psoc creator/4.4/psoc creator/import/gnu/arm/5.4.1/bin/../lib/gcc/arm-none-eabi/5.4.1/../../../../arm-none-eabi/lib/armv7-m\libg_nano.a(lib_a-sbrkr.o)
                0x000028f8                _sbrk_r
 .text.__malloc_lock
                0x00002918        0x2 c:/program files (x86)/cypress/psoc creator/4.4/psoc creator/import/gnu/arm/5.4.1/bin/../lib/gcc/arm-none-eabi/5.4.1/../../../../arm-none-eabi/lib/armv7-m\libg_nano.a(lib_a-mlock.o)
                0x00002918                __malloc_lock
 .text.__malloc_unlock
                0x0000291a        0x2 c:/program files (x86)/cypress/psoc creator/4.4/psoc creator/import/gnu/arm/5.4.1/bin/../lib/gcc/arm-none-eabi/5.4.1/../../../../arm-none-eabi/lib/armv7-m\libg_nano.a(lib_a-mlock.o)
                0x0000291a                __malloc_unlock
 *(.plt)
 *(.gnu.warning)
 *(.glue_7t)
 .glue_7t       0x0000291c        0x0 linker stubs
 *(.glue_7)
 .glue_7        0x0000291c        0x0 linker stubs
 *(.vfp11_veneer)
 .vfp11_veneer  0x0000291c        0x0 linker stubs
 *(.bootloader)
 *(.ARM.extab* .gnu.linkonce.armextab.*)
 *(.gcc_except_table)

.v4_bx          0x0000291c        0x0
 .v4_bx         0x0000291c        0x0 linker stubs

.iplt           0x0000291c        0x0
 .iplt          0x0000291c        0x0 c:/program files (x86)/cypress/psoc creator/4.4/psoc creator/import/gnu/arm/5.4.1/bin/../lib/gcc/arm-none-eabi/5.4.1/armv7-m/crtbegin.o

.eh_frame_hdr
 *(.eh_frame_hdr)

.eh_frame       0x0000291c        0x4
 *(.eh_frame)
 .eh_frame      0x0000291c        0x0 c:/program files (x86)/cypress/psoc creator/4.4/psoc creator/import/gnu/arm/5.4.1/bin/../lib/gcc/arm-none-eabi/5.4.1/armv7-m/crtbegin.o
 .eh_frame      0x0000291c        0x4 c:/program files (x86)/cypress/psoc creator/4.4/psoc creator/import/gnu/arm/5.4.1/bin/../lib/gcc/arm-none-eabi/5.4.1/armv7-m/crtend.o
                [!provide]                PROVIDE (__exidx_start, .)

.ARM.exidx
 *(.ARM.exidx* .gnu.linkonce.armexidx.*)
                0x00002920                __exidx_end = .

.rodata         0x00002920      0x108
 *(.rodata .rodata.* .gnu.linkonce.r.*)
 .rodata.str1.4
                0x00002920       0x16 .\CortexM3\ARM_GCC_541\Debug\BluetoothComms.o
 *fill*         0x00002936        0x2 
 .rodata.str1.4
                0x00002938       0x12 .\CortexM3\ARM_GCC_541\Debug\UserButtonControl.o
 *fill*         0x0000294a        0x2 
 .rodata.str1.4
                0x0000294c       0x16 .\CortexM3\ARM_GCC_541\Debug\VehicleBatteryVoltage.o
 *fill*         0x00002962        0x2 
 .rodata        0x00002964        0x6 .\CortexM3\ARM_GCC_541\Debug\SystemMessenger.o
                0x00002964                msgStartSeq
                0x00002968                msgEndSeq
 *fill*         0x0000296a        0x2 
 .rodata.str1.4
                0x0000296c       0x10 .\CortexM3\ARM_GCC_541\Debug\SystemMessenger.o
 .rodata.str1.4
                0x0000297c       0x1a .\CortexM3\ARM_GCC_541\Debug\PowerMonitoringAndControl.o
 *fill*         0x00002996        0x2 
 .rodata.str1.4
                0x00002998        0x8 .\CortexM3\ARM_GCC_541\Debug\tasks.o
                                  0x5 (size before relaxing)
 .rodata        0x000029a0       0x4c .\CortexM3\ARM_GCC_541\Debug\cyfitter_cfg.o
 .rodata.str1.1
                0x000029ec        0x2 c:/program files (x86)/cypress/psoc creator/4.4/psoc creator/import/gnu/arm/5.4.1/bin/../lib/gcc/arm-none-eabi/5.4.1/../../../../arm-none-eabi/lib/armv7-m\libg_nano.a(lib_a-impure.o)
                0x000029f0                . = ALIGN (0x4)
 *fill*         0x000029ee        0x2 
 *(.init)
 .init          0x000029f0        0x4 c:/program files (x86)/cypress/psoc creator/4.4/psoc creator/import/gnu/arm/5.4.1/bin/../lib/gcc/arm-none-eabi/5.4.1/armv7-m/crti.o
                0x000029f0                _init
 .init          0x000029f4        0x8 c:/program files (x86)/cypress/psoc creator/4.4/psoc creator/import/gnu/arm/5.4.1/bin/../lib/gcc/arm-none-eabi/5.4.1/armv7-m/crtn.o
                0x000029fc                . = ALIGN (0x4)
                0x000029fc                __preinit_array_start = .
 *(.preinit_array)
                0x000029fc                __preinit_array_end = .
                0x000029fc                . = ALIGN (0x4)
                0x000029fc                __init_array_start = .
 *(SORT(.init_array.*))
 *(.init_array)
 .init_array    0x000029fc        0x4 c:/program files (x86)/cypress/psoc creator/4.4/psoc creator/import/gnu/arm/5.4.1/bin/../lib/gcc/arm-none-eabi/5.4.1/armv7-m/crtbegin.o
 .init_array    0x00002a00        0x4 .\CortexM3\ARM_GCC_541\Debug\Cm3Start.o
                0x00002a04                __init_array_end = .
                0x00002a04                . = ALIGN (0x4)
 *(.fini)
 .fini          0x00002a04        0x4 c:/program files (x86)/cypress/psoc creator/4.4/psoc creator/import/gnu/arm/5.4.1/bin/../lib/gcc/arm-none-eabi/5.4.1/armv7-m/crti.o
                0x00002a04                _fini
 .fini          0x00002a08        0x8 c:/program files (x86)/cypress/psoc creator/4.4/psoc creator/import/gnu/arm/5.4.1/bin/../lib/gcc/arm-none-eabi/5.4.1/armv7-m/crtn.o
                0x00002a10                . = ALIGN (0x4)
                0x00002a10                __fini_array_start = .
 *(.fini_array)
 .fini_array    0x00002a10        0x4 c:/program files (x86)/cypress/psoc creator/4.4/psoc creator/import/gnu/arm/5.4.1/bin/../lib/gcc/arm-none-eabi/5.4.1/armv7-m/crtbegin.o
 *(SORT(.fini_array.*))
                0x00002a14                __fini_array_end = .
                0x00002a14                . = ALIGN (0x4)
 *crtbegin.o(.ctors)
 *(EXCLUDE_FILE(*crtend.o) .ctors)
 *(SORT(.ctors.*))
 *crtend.o(.ctors)
                0x00002a14                . = ALIGN (0x4)
 *crtbegin.o(.dtors)
 *(EXCLUDE_FILE(*crtend.o) .dtors)
 *(SORT(.dtors.*))
 *crtend.o(.dtors)
                0x00002a14                . = ALIGN (0x4)
                0x00002a14                __cy_regions = .
                0x00002a14        0x4 LONG 0x2a28 __cy_region_init_ram
                0x00002a18        0x4 LONG 0x1fff80c8 __cy_region_start_data
                0x00002a1c        0x4 LONG 0x90 __cy_region_init_size_ram
                0x00002a20        0x4 LONG 0x8518 __cy_region_zero_size_ram
                0x00002a24                __cy_regions_end = .
                0x00002a28                . = ALIGN (0x8)
 *fill*         0x00002a24        0x4 
                0x00002a28                _etext = .

.cy_checksum_exclude
                0x00002a28        0x0
 *(.cy_checksum_exclude)

.ramvectors     0x1fff8000       0xc0
                0x1fff8000                __cy_region_start_ram = .
 *(.ramvectors)
 .ramvectors    0x1fff8000       0xc0 .\CortexM3\ARM_GCC_541\Debug\Cm3Start.o
                0x1fff8000                CyRamVectors

.noinit         0x1fff80c0        0x1
 *(.noinit)
 .noinit        0x1fff80c0        0x1 .\CortexM3\ARM_GCC_541\Debug\Protocov.a(CyLib.o)
                0x1fff80c0                CyResetStatus

.data           0x1fff80c8       0x90 load address 0x00002a28
                0x1fff80c8                __cy_region_start_data = .
 *(.jcr)
 .jcr           0x1fff80c8        0x0 c:/program files (x86)/cypress/psoc creator/4.4/psoc creator/import/gnu/arm/5.4.1/bin/../lib/gcc/arm-none-eabi/5.4.1/armv7-m/crtbegin.o
 .jcr           0x1fff80c8        0x4 c:/program files (x86)/cypress/psoc creator/4.4/psoc creator/import/gnu/arm/5.4.1/bin/../lib/gcc/arm-none-eabi/5.4.1/armv7-m/crtend.o
 *(.got.plt)
 *(.got)
 *(.shdata)
 *(.data .data.* .gnu.linkonce.d.*)
 .data          0x1fff80cc        0x4 .\CortexM3\ARM_GCC_541\Debug\BluetoothComms.o
                0x1fff80cc                bluetoothRecTimeout_ms
 .data          0x1fff80d0        0x2 .\CortexM3\ARM_GCC_541\Debug\SystemMessenger.o
                0x1fff80d0                sysQSize
                0x1fff80d1                taskMessageQSize
 *fill*         0x1fff80d2        0x2 
 .data          0x1fff80d4        0x4 .\CortexM3\ARM_GCC_541\Debug\port.o
 .data          0x1fff80d8        0x4 .\CortexM3\ARM_GCC_541\Debug\tasks.o
                0x1fff80d8                uxTopUsedPriority
 .data          0x1fff80dc        0x4 .\CortexM3\ARM_GCC_541\Debug\Cm3Start.o
 .data          0x1fff80e0       0x10 .\CortexM3\ARM_GCC_541\Debug\Protocov.a(CyLib.o)
                0x1fff80e0                cydelay_32k_ms
                0x1fff80e4                cydelay_freq_khz
                0x1fff80e8                cydelay_freq_mhz
                0x1fff80ec                cydelay_freq_hz
 .data.impure_data
                0x1fff80f0       0x60 c:/program files (x86)/cypress/psoc creator/4.4/psoc creator/import/gnu/arm/5.4.1/bin/../lib/gcc/arm-none-eabi/5.4.1/../../../../arm-none-eabi/lib/armv7-m\libg_nano.a(lib_a-impure.o)
 .data._impure_ptr
                0x1fff8150        0x4 c:/program files (x86)/cypress/psoc creator/4.4/psoc creator/import/gnu/arm/5.4.1/bin/../lib/gcc/arm-none-eabi/5.4.1/../../../../arm-none-eabi/lib/armv7-m\libg_nano.a(lib_a-impure.o)
                0x1fff8150                _impure_ptr
                0x1fff8158                . = ALIGN (0x8)
 *fill*         0x1fff8154        0x4 
 *(.ram)
                0x1fff8158                _edata = .

.igot.plt       0x1fff8158        0x0 load address 0x00002ab8
 .igot.plt      0x1fff8158        0x0 c:/program files (x86)/cypress/psoc creator/4.4/psoc creator/import/gnu/arm/5.4.1/bin/../lib/gcc/arm-none-eabi/5.4.1/armv7-m/crtbegin.o

.bss            0x1fff8158     0x8518 load address 0x00002ab8
                0x1fff8158                PROVIDE (__bss_start__, .)
 *(.shbss)
 *(.bss .bss.* .gnu.linkonce.b.*)
 .bss           0x1fff8158       0x1c c:/program files (x86)/cypress/psoc creator/4.4/psoc creator/import/gnu/arm/5.4.1/bin/../lib/gcc/arm-none-eabi/5.4.1/armv7-m/crtbegin.o
 .bss           0x1fff8174        0x4 .\CortexM3\ARM_GCC_541\Debug\BluetoothComms.o
 .bss           0x1fff8178        0x4 .\CortexM3\ARM_GCC_541\Debug\UserButtonControl.o
 .bss           0x1fff817c        0x4 .\CortexM3\ARM_GCC_541\Debug\VehicleBatteryVoltage.o
 .bss           0x1fff8180        0x4 .\CortexM3\ARM_GCC_541\Debug\PowerMonitoringAndControl.o
 .bss           0x1fff8184      0x104 .\CortexM3\ARM_GCC_541\Debug\tasks.o
                0x1fff825c                pxCurrentTCB
 .bss           0x1fff8288     0x8008 .\CortexM3\ARM_GCC_541\Debug\heap_1.o
 .bss           0x20000290        0x2 .\CortexM3\ARM_GCC_541\Debug\Protocov.a(BluetoothUART.o)
                0x20000290                BluetoothUART_initVar
 *fill*         0x20000292        0x6 
 .bss           0x20000298       0x14 .\CortexM3\ARM_GCC_541\Debug\Protocov.a(IntBluetoothUART.o)
                0x20000298                bluetoothMsgCount
                0x200002a0                oldTickCount
                0x200002a4                bluetoothDataAvailable
                0x200002a8                newTickCount
 .bss           0x200002ac        0x1 .\CortexM3\ARM_GCC_541\Debug\Protocov.a(Counter_1.o)
                0x200002ac                Counter_1_initVar
 .bss           0x200002ad        0x1 .\CortexM3\ARM_GCC_541\Debug\Protocov.a(VehicleBattVoltageAdc.o)
                0x200002ad                VehicleBattVoltageAdc_initVar
 *fill*         0x200002ae        0x2 
 .bss.__malloc_sbrk_start
                0x200002b0        0x4 c:/program files (x86)/cypress/psoc creator/4.4/psoc creator/import/gnu/arm/5.4.1/bin/../lib/gcc/arm-none-eabi/5.4.1/../../../../arm-none-eabi/lib/armv7-m\libg_nano.a(lib_a-nano-mallocr.o)
                0x200002b0                __malloc_sbrk_start
 .bss.__malloc_free_list
                0x200002b4        0x4 c:/program files (x86)/cypress/psoc creator/4.4/psoc creator/import/gnu/arm/5.4.1/bin/../lib/gcc/arm-none-eabi/5.4.1/../../../../arm-none-eabi/lib/armv7-m\libg_nano.a(lib_a-nano-mallocr.o)
                0x200002b4                __malloc_free_list
 *(COMMON)
 COMMON         0x200002b8        0x8 .\CortexM3\ARM_GCC_541\Debug\main.o
                0x200002b8                powerMonConMessegesQ
                0x200002bc                taskMessegesQ
 COMMON         0x200002c0       0x40 .\CortexM3\ARM_GCC_541\Debug\BluetoothComms.o
                0x200002c0                bluetoothUserDataBuff
 COMMON         0x20000300       0x48 .\CortexM3\ARM_GCC_541\Debug\SystemMessenger.o
                0x20000300                sysMessegesQ
                0x20000304                pwrMonControlPacket
                0x20000308                msgPacket
 COMMON         0x20000348      0x318 .\CortexM3\ARM_GCC_541\Debug\Protocov.a(IntBluetoothUART.o)
                0x20000348                bluetoothLastRecMsg_ms
                0x20000350                message
                0x2000035c                readData
                0x20000360                bluetoothISRDataBuff
 COMMON         0x20000660        0xa .\CortexM3\ARM_GCC_541\Debug\Protocov.a(VehicleBattVoltageAdc.o)
                0x20000660                VehicleBattVoltageAdc_offset
                0x20000662                VehicleBattVoltageAdc_shift
                0x20000664                VehicleBattVoltageAdc_countsPer10Volt
                0x20000668                VehicleBattVoltageAdc_countsPerVolt
 *fill*         0x2000066a        0x2 
 COMMON         0x2000066c        0x4 c:/program files (x86)/cypress/psoc creator/4.4/psoc creator/import/gnu/arm/5.4.1/bin/../lib/gcc/arm-none-eabi/5.4.1/../../../../arm-none-eabi/lib/armv7-m\libg_nano.a(lib_a-reent.o)
                0x2000066c                errno
                0x20000670                . = ALIGN (0x8)
 *(.ram.b)
                0x20000670                _end = .
                0x20000670                __end = .
                0x20000670                PROVIDE (end, .)
                0x20000670                PROVIDE (__bss_end__, .)
                0x00002a28                __cy_region_init_ram = LOADADDR (.data)
                0x00000090                __cy_region_init_size_ram = (_edata - ADDR (.data))
                0x00008518                __cy_region_zero_size_ram = (_end - _edata)

.heap           0x20000670       0x80 load address 0x00002ab8
                0x20000670                . = _end
                0x200006f0                . = (. + 0x80)
 *fill*         0x20000670       0x80 
                0x200006f0                __cy_heap_limit = .

.stack          0x20007800      0x800
                0x20007800                __cy_stack_limit = .
                0x20008000                . = (. + 0x800)
 *fill*         0x20007800      0x800 
                0x00000001                ASSERT ((__cy_stack_limit >= __cy_heap_limit), region RAM overflowed with stack)
                0x00000000                cy_checksum_exclude_size = (CY_APPL_LOADABLE == 0x1)?SIZEOF (.cy_checksum_exclude):0x0
                0x00000001                ASSERT ((cy_checksum_exclude_size <= CY_CHECKSUM_EXCLUDE_SIZE), CY_BOOT: Section .cy_checksum_exclude size exceedes specified limit.)

.cyloadermeta
 *(.cyloadermeta)

.cyloadablemeta
 *(.cyloadablemeta)

.cyconfigecc    0x80000000      0x660
 *(.cyconfigecc)
 .cyconfigecc   0x80000000      0x660 .\CortexM3\ARM_GCC_541\Debug\cymetadata.o
                0x80000000                cy_meta_configecc

.cycustnvl      0x90000000        0x4
 *(.cycustnvl)
 .cycustnvl     0x90000000        0x4 .\CortexM3\ARM_GCC_541\Debug\cymetadata.o
                0x90000000                cy_meta_custnvl

.cywolatch      0x90100000        0x4
 *(.cywolatch)
 .cywolatch     0x90100000        0x4 .\CortexM3\ARM_GCC_541\Debug\cymetadata.o
                0x90100000                cy_meta_wonvl

.cyeeprom       0x90200000        0x0
 *(.cyeeprom)
                0x00000001                ASSERT ((. <= ((0x90200000 + ee_offset) + ee_size)), .cyeeprom data will not fit in EEPROM)

.cyflashprotect
                0x90400000      0x100
 *(.cyflashprotect)
 .cyflashprotect
                0x90400000      0x100 .\CortexM3\ARM_GCC_541\Debug\cymetadata.o
                0x90400000                cy_meta_flashprotect

.cymeta         0x90500000        0xc
 *(.cymeta)
 .cymeta        0x90500000        0xc .\CortexM3\ARM_GCC_541\Debug\cymetadata.o
                0x90500000                cy_metadata

.rel.dyn        0x00002ab8        0x0 load address 0x9050000c
 .rel.iplt      0x00002ab8        0x0 c:/program files (x86)/cypress/psoc creator/4.4/psoc creator/import/gnu/arm/5.4.1/bin/../lib/gcc/arm-none-eabi/5.4.1/armv7-m/crtbegin.o

.stab
 *(.stab)

.stabstr
 *(.stabstr)

.debug
 *(.debug)

.line
 *(.line)

.debug_srcinfo
 *(.debug_srcinfo)

.debug_sfnames
 *(.debug_sfnames)

.debug_aranges  0x00000000     0x1120
 *(.debug_aranges)
 .debug_aranges
                0x00000000       0x38 .\CortexM3\ARM_GCC_541\Debug\main.o
 .debug_aranges
                0x00000038       0x30 .\CortexM3\ARM_GCC_541\Debug\BluetoothComms.o
 .debug_aranges
                0x00000068       0x28 .\CortexM3\ARM_GCC_541\Debug\CanBusMessageRead.o
 .debug_aranges
                0x00000090       0x28 .\CortexM3\ARM_GCC_541\Debug\UserButtonControl.o
 .debug_aranges
                0x000000b8       0x28 .\CortexM3\ARM_GCC_541\Debug\VehicleBatteryVoltage.o
 .debug_aranges
                0x000000e0       0x38 .\CortexM3\ARM_GCC_541\Debug\SystemMessenger.o
 .debug_aranges
                0x00000118       0x30 .\CortexM3\ARM_GCC_541\Debug\PowerMonitoringAndControl.o
 .debug_aranges
                0x00000148       0x70 .\CortexM3\ARM_GCC_541\Debug\port.o
 .debug_aranges
                0x000001b8       0x40 .\CortexM3\ARM_GCC_541\Debug\list.o
 .debug_aranges
                0x000001f8      0x110 .\CortexM3\ARM_GCC_541\Debug\queue.o
 .debug_aranges
                0x00000308      0x1c8 .\CortexM3\ARM_GCC_541\Debug\tasks.o
 .debug_aranges
                0x000004d0       0x18 .\CortexM3\ARM_GCC_541\Debug\timers.o
 .debug_aranges
                0x000004e8       0x38 .\CortexM3\ARM_GCC_541\Debug\heap_1.o
 .debug_aranges
                0x00000520       0x58 .\CortexM3\ARM_GCC_541\Debug\cyfitter_cfg.o
 .debug_aranges
                0x00000578       0x18 .\CortexM3\ARM_GCC_541\Debug\cymetadata.o
 .debug_aranges
                0x00000590       0x48 .\CortexM3\ARM_GCC_541\Debug\Cm3Start.o
 .debug_aranges
                0x000005d8       0x38 .\CortexM3\ARM_GCC_541\Debug\Protocov.a(PlayPauseButton.o)
 .debug_aranges
                0x00000610       0x38 .\CortexM3\ARM_GCC_541\Debug\Protocov.a(PowerEnableSelf.o)
 .debug_aranges
                0x00000648       0x38 .\CortexM3\ARM_GCC_541\Debug\Protocov.a(PowerEnableBatt.o)
 .debug_aranges
                0x00000680       0x38 .\CortexM3\ARM_GCC_541\Debug\Protocov.a(PowerEnableACC.o)
 .debug_aranges
                0x000006b8      0x2a0 .\CortexM3\ARM_GCC_541\Debug\Protocov.a(CyLib.o)
 .debug_aranges
                0x00000958       0x98 .\CortexM3\ARM_GCC_541\Debug\Protocov.a(cyPm.o)
 .debug_aranges
                0x000009f0       0xf0 .\CortexM3\ARM_GCC_541\Debug\Protocov.a(BluetoothUART.o)
 .debug_aranges
                0x00000ae0       0x70 .\CortexM3\ARM_GCC_541\Debug\Protocov.a(BluetoothUART_IntClock.o)
 .debug_aranges
                0x00000b50       0x80 .\CortexM3\ARM_GCC_541\Debug\Protocov.a(IntBluetoothUART.o)
 .debug_aranges
                0x00000bd0       0x70 .\CortexM3\ARM_GCC_541\Debug\Protocov.a(Clock_1.o)
 .debug_aranges
                0x00000c40       0x98 .\CortexM3\ARM_GCC_541\Debug\Protocov.a(Counter_1.o)
 .debug_aranges
                0x00000cd8       0x70 .\CortexM3\ARM_GCC_541\Debug\Protocov.a(Clock_2.o)
 .debug_aranges
                0x00000d48       0xc8 .\CortexM3\ARM_GCC_541\Debug\Protocov.a(VehicleCAN.o)
 .debug_aranges
                0x00000e10       0x38 .\CortexM3\ARM_GCC_541\Debug\Protocov.a(VehicleCAN_INT.o)
 .debug_aranges
                0x00000e48       0x30 .\CortexM3\ARM_GCC_541\Debug\Protocov.a(VehicleCAN_TX_RX_func.o)
 .debug_aranges
                0x00000e78       0xa8 .\CortexM3\ARM_GCC_541\Debug\Protocov.a(VehicleBattVoltageAdc.o)
 .debug_aranges
                0x00000f20       0x20 .\CortexM3\ARM_GCC_541\Debug\Protocov.a(VehicleBattVoltageAdc_INT.o)
 .debug_aranges
                0x00000f40       0x80 .\CortexM3\ARM_GCC_541\Debug\Protocov.a(ClockVehicleBattVoltageADC.o)
 .debug_aranges
                0x00000fc0       0x38 .\CortexM3\ARM_GCC_541\Debug\Protocov.a(BlueLedd.o)
 .debug_aranges
                0x00000ff8       0x20 .\CortexM3\ARM_GCC_541\Debug\Protocov.a(CyBootAsmGnu.o)
 .debug_aranges
                0x00001018       0x88 .\CortexM3\ARM_GCC_541\Debug\Protocov.a(CyFlash.o)
 .debug_aranges
                0x000010a0       0x80 .\CortexM3\ARM_GCC_541\Debug\Protocov.a(CySpc.o)

.debug_pubnames
 *(.debug_pubnames)

.debug_info     0x00000000     0xc6fb
 *(.debug_info .gnu.linkonce.wi.*)
 .debug_info    0x00000000      0x2df .\CortexM3\ARM_GCC_541\Debug\main.o
 .debug_info    0x000002df      0x360 .\CortexM3\ARM_GCC_541\Debug\BluetoothComms.o
 .debug_info    0x0000063f      0x2a6 .\CortexM3\ARM_GCC_541\Debug\CanBusMessageRead.o
 .debug_info    0x000008e5      0x1ad .\CortexM3\ARM_GCC_541\Debug\UserButtonControl.o
 .debug_info    0x00000a92      0x466 .\CortexM3\ARM_GCC_541\Debug\VehicleBatteryVoltage.o
 .debug_info    0x00000ef8      0x587 .\CortexM3\ARM_GCC_541\Debug\SystemMessenger.o
 .debug_info    0x0000147f      0x335 .\CortexM3\ARM_GCC_541\Debug\PowerMonitoringAndControl.o
 .debug_info    0x000017b4      0x363 .\CortexM3\ARM_GCC_541\Debug\port.o
 .debug_info    0x00001b17      0x2e5 .\CortexM3\ARM_GCC_541\Debug\list.o
 .debug_info    0x00001dfc     0x1a1f .\CortexM3\ARM_GCC_541\Debug\queue.o
 .debug_info    0x0000381b     0x2326 .\CortexM3\ARM_GCC_541\Debug\tasks.o
 .debug_info    0x00005b41       0xae .\CortexM3\ARM_GCC_541\Debug\timers.o
 .debug_info    0x00005bef      0x1e3 .\CortexM3\ARM_GCC_541\Debug\heap_1.o
 .debug_info    0x00005dd2      0x63d .\CortexM3\ARM_GCC_541\Debug\cyfitter_cfg.o
 .debug_info    0x0000640f      0x138 .\CortexM3\ARM_GCC_541\Debug\cymetadata.o
 .debug_info    0x00006547      0x3bb .\CortexM3\ARM_GCC_541\Debug\Cm3Start.o
 .debug_info    0x00006902      0x11f .\CortexM3\ARM_GCC_541\Debug\Protocov.a(PlayPauseButton.o)
 .debug_info    0x00006a21      0x11f .\CortexM3\ARM_GCC_541\Debug\Protocov.a(PowerEnableSelf.o)
 .debug_info    0x00006b40      0x11f .\CortexM3\ARM_GCC_541\Debug\Protocov.a(PowerEnableBatt.o)
 .debug_info    0x00006c5f      0x11f .\CortexM3\ARM_GCC_541\Debug\Protocov.a(PowerEnableACC.o)
 .debug_info    0x00006d7e     0x1374 .\CortexM3\ARM_GCC_541\Debug\Protocov.a(CyLib.o)
 .debug_info    0x000080f2      0xa2a .\CortexM3\ARM_GCC_541\Debug\Protocov.a(cyPm.o)
 .debug_info    0x00008b1c      0x60c .\CortexM3\ARM_GCC_541\Debug\Protocov.a(BluetoothUART.o)
 .debug_info    0x00009128      0x283 .\CortexM3\ARM_GCC_541\Debug\Protocov.a(BluetoothUART_IntClock.o)
 .debug_info    0x000093ab      0x554 .\CortexM3\ARM_GCC_541\Debug\Protocov.a(IntBluetoothUART.o)
 .debug_info    0x000098ff      0x283 .\CortexM3\ARM_GCC_541\Debug\Protocov.a(Clock_1.o)
 .debug_info    0x00009b82      0x346 .\CortexM3\ARM_GCC_541\Debug\Protocov.a(Counter_1.o)
 .debug_info    0x00009ec8      0x283 .\CortexM3\ARM_GCC_541\Debug\Protocov.a(Clock_2.o)
 .debug_info    0x0000a14b      0x90f .\CortexM3\ARM_GCC_541\Debug\Protocov.a(VehicleCAN.o)
 .debug_info    0x0000aa5a      0x271 .\CortexM3\ARM_GCC_541\Debug\Protocov.a(VehicleCAN_INT.o)
 .debug_info    0x0000accb      0x3fa .\CortexM3\ARM_GCC_541\Debug\Protocov.a(VehicleCAN_TX_RX_func.o)
 .debug_info    0x0000b0c5      0x5a2 .\CortexM3\ARM_GCC_541\Debug\Protocov.a(VehicleBattVoltageAdc.o)
 .debug_info    0x0000b667       0x92 .\CortexM3\ARM_GCC_541\Debug\Protocov.a(VehicleBattVoltageAdc_INT.o)
 .debug_info    0x0000b6f9      0x2c4 .\CortexM3\ARM_GCC_541\Debug\Protocov.a(ClockVehicleBattVoltageADC.o)
 .debug_info    0x0000b9bd      0x11f .\CortexM3\ARM_GCC_541\Debug\Protocov.a(BlueLedd.o)
 .debug_info    0x0000badc       0x82 .\CortexM3\ARM_GCC_541\Debug\Protocov.a(CyBootAsmGnu.o)
 .debug_info    0x0000bb5e      0x64d .\CortexM3\ARM_GCC_541\Debug\Protocov.a(CyFlash.o)
 .debug_info    0x0000c1ab      0x550 .\CortexM3\ARM_GCC_541\Debug\Protocov.a(CySpc.o)

.debug_abbrev   0x00000000     0x3260
 *(.debug_abbrev)
 .debug_abbrev  0x00000000      0x1b2 .\CortexM3\ARM_GCC_541\Debug\main.o
 .debug_abbrev  0x000001b2      0x19b .\CortexM3\ARM_GCC_541\Debug\BluetoothComms.o
 .debug_abbrev  0x0000034d      0x167 .\CortexM3\ARM_GCC_541\Debug\CanBusMessageRead.o
 .debug_abbrev  0x000004b4      0x10c .\CortexM3\ARM_GCC_541\Debug\UserButtonControl.o
 .debug_abbrev  0x000005c0      0x174 .\CortexM3\ARM_GCC_541\Debug\VehicleBatteryVoltage.o
 .debug_abbrev  0x00000734      0x1d6 .\CortexM3\ARM_GCC_541\Debug\SystemMessenger.o
 .debug_abbrev  0x0000090a      0x15a .\CortexM3\ARM_GCC_541\Debug\PowerMonitoringAndControl.o
 .debug_abbrev  0x00000a64      0x1db .\CortexM3\ARM_GCC_541\Debug\port.o
 .debug_abbrev  0x00000c3f       0xf6 .\CortexM3\ARM_GCC_541\Debug\list.o
 .debug_abbrev  0x00000d35      0x29d .\CortexM3\ARM_GCC_541\Debug\queue.o
 .debug_abbrev  0x00000fd2      0x334 .\CortexM3\ARM_GCC_541\Debug\tasks.o
 .debug_abbrev  0x00001306       0x4b .\CortexM3\ARM_GCC_541\Debug\timers.o
 .debug_abbrev  0x00001351      0x131 .\CortexM3\ARM_GCC_541\Debug\heap_1.o
 .debug_abbrev  0x00001482      0x20d .\CortexM3\ARM_GCC_541\Debug\cyfitter_cfg.o
 .debug_abbrev  0x0000168f       0x77 .\CortexM3\ARM_GCC_541\Debug\cymetadata.o
 .debug_abbrev  0x00001706      0x1e8 .\CortexM3\ARM_GCC_541\Debug\Cm3Start.o
 .debug_abbrev  0x000018ee       0x90 .\CortexM3\ARM_GCC_541\Debug\Protocov.a(PlayPauseButton.o)
 .debug_abbrev  0x0000197e       0x90 .\CortexM3\ARM_GCC_541\Debug\Protocov.a(PowerEnableSelf.o)
 .debug_abbrev  0x00001a0e       0x90 .\CortexM3\ARM_GCC_541\Debug\Protocov.a(PowerEnableBatt.o)
 .debug_abbrev  0x00001a9e       0x90 .\CortexM3\ARM_GCC_541\Debug\Protocov.a(PowerEnableACC.o)
 .debug_abbrev  0x00001b2e      0x254 .\CortexM3\ARM_GCC_541\Debug\Protocov.a(CyLib.o)
 .debug_abbrev  0x00001d82      0x1ab .\CortexM3\ARM_GCC_541\Debug\Protocov.a(cyPm.o)
 .debug_abbrev  0x00001f2d      0x175 .\CortexM3\ARM_GCC_541\Debug\Protocov.a(BluetoothUART.o)
 .debug_abbrev  0x000020a2      0x139 .\CortexM3\ARM_GCC_541\Debug\Protocov.a(BluetoothUART_IntClock.o)
 .debug_abbrev  0x000021db      0x21d .\CortexM3\ARM_GCC_541\Debug\Protocov.a(IntBluetoothUART.o)
 .debug_abbrev  0x000023f8      0x139 .\CortexM3\ARM_GCC_541\Debug\Protocov.a(Clock_1.o)
 .debug_abbrev  0x00002531      0x117 .\CortexM3\ARM_GCC_541\Debug\Protocov.a(Counter_1.o)
 .debug_abbrev  0x00002648      0x139 .\CortexM3\ARM_GCC_541\Debug\Protocov.a(Clock_2.o)
 .debug_abbrev  0x00002781      0x195 .\CortexM3\ARM_GCC_541\Debug\Protocov.a(VehicleCAN.o)
 .debug_abbrev  0x00002916       0xfe .\CortexM3\ARM_GCC_541\Debug\Protocov.a(VehicleCAN_INT.o)
 .debug_abbrev  0x00002a14      0x15e .\CortexM3\ARM_GCC_541\Debug\Protocov.a(VehicleCAN_TX_RX_func.o)
 .debug_abbrev  0x00002b72      0x1ac .\CortexM3\ARM_GCC_541\Debug\Protocov.a(VehicleBattVoltageAdc.o)
 .debug_abbrev  0x00002d1e       0x42 .\CortexM3\ARM_GCC_541\Debug\Protocov.a(VehicleBattVoltageAdc_INT.o)
 .debug_abbrev  0x00002d60      0x121 .\CortexM3\ARM_GCC_541\Debug\Protocov.a(ClockVehicleBattVoltageADC.o)
 .debug_abbrev  0x00002e81       0x90 .\CortexM3\ARM_GCC_541\Debug\Protocov.a(BlueLedd.o)
 .debug_abbrev  0x00002f11       0x14 .\CortexM3\ARM_GCC_541\Debug\Protocov.a(CyBootAsmGnu.o)
 .debug_abbrev  0x00002f25      0x1a7 .\CortexM3\ARM_GCC_541\Debug\Protocov.a(CyFlash.o)
 .debug_abbrev  0x000030cc      0x194 .\CortexM3\ARM_GCC_541\Debug\Protocov.a(CySpc.o)

.debug_line     0x00000000     0x5d9a
 *(.debug_line)
 .debug_line    0x00000000      0x2c2 .\CortexM3\ARM_GCC_541\Debug\main.o
 .debug_line    0x000002c2      0x270 .\CortexM3\ARM_GCC_541\Debug\BluetoothComms.o
 .debug_line    0x00000532      0x231 .\CortexM3\ARM_GCC_541\Debug\CanBusMessageRead.o
 .debug_line    0x00000763      0x21b .\CortexM3\ARM_GCC_541\Debug\UserButtonControl.o
 .debug_line    0x0000097e      0x268 .\CortexM3\ARM_GCC_541\Debug\VehicleBatteryVoltage.o
 .debug_line    0x00000be6      0x30b .\CortexM3\ARM_GCC_541\Debug\SystemMessenger.o
 .debug_line    0x00000ef1      0x276 .\CortexM3\ARM_GCC_541\Debug\PowerMonitoringAndControl.o
 .debug_line    0x00001167      0x2da .\CortexM3\ARM_GCC_541\Debug\port.o
 .debug_line    0x00001441      0x264 .\CortexM3\ARM_GCC_541\Debug\list.o
 .debug_line    0x000016a5      0x79f .\CortexM3\ARM_GCC_541\Debug\queue.o
 .debug_line    0x00001e44      0xc23 .\CortexM3\ARM_GCC_541\Debug\tasks.o
 .debug_line    0x00002a67      0x13f .\CortexM3\ARM_GCC_541\Debug\timers.o
 .debug_line    0x00002ba6      0x297 .\CortexM3\ARM_GCC_541\Debug\heap_1.o
 .debug_line    0x00002e3d      0x207 .\CortexM3\ARM_GCC_541\Debug\cyfitter_cfg.o
 .debug_line    0x00003044      0x141 .\CortexM3\ARM_GCC_541\Debug\cymetadata.o
 .debug_line    0x00003185      0x234 .\CortexM3\ARM_GCC_541\Debug\Cm3Start.o
 .debug_line    0x000033b9       0x9c .\CortexM3\ARM_GCC_541\Debug\Protocov.a(PlayPauseButton.o)
 .debug_line    0x00003455       0x9c .\CortexM3\ARM_GCC_541\Debug\Protocov.a(PowerEnableSelf.o)
 .debug_line    0x000034f1       0x9c .\CortexM3\ARM_GCC_541\Debug\Protocov.a(PowerEnableBatt.o)
 .debug_line    0x0000358d       0x9b .\CortexM3\ARM_GCC_541\Debug\Protocov.a(PowerEnableACC.o)
 .debug_line    0x00003628      0x816 .\CortexM3\ARM_GCC_541\Debug\Protocov.a(CyLib.o)
 .debug_line    0x00003e3e      0x367 .\CortexM3\ARM_GCC_541\Debug\Protocov.a(cyPm.o)
 .debug_line    0x000041a5      0x2ce .\CortexM3\ARM_GCC_541\Debug\Protocov.a(BluetoothUART.o)
 .debug_line    0x00004473      0x185 .\CortexM3\ARM_GCC_541\Debug\Protocov.a(BluetoothUART_IntClock.o)
 .debug_line    0x000045f8      0x307 .\CortexM3\ARM_GCC_541\Debug\Protocov.a(IntBluetoothUART.o)
 .debug_line    0x000048ff      0x176 .\CortexM3\ARM_GCC_541\Debug\Protocov.a(Clock_1.o)
 .debug_line    0x00004a75      0x189 .\CortexM3\ARM_GCC_541\Debug\Protocov.a(Counter_1.o)
 .debug_line    0x00004bfe      0x176 .\CortexM3\ARM_GCC_541\Debug\Protocov.a(Clock_2.o)
 .debug_line    0x00004d74      0x38c .\CortexM3\ARM_GCC_541\Debug\Protocov.a(VehicleCAN.o)
 .debug_line    0x00005100       0xd6 .\CortexM3\ARM_GCC_541\Debug\Protocov.a(VehicleCAN_INT.o)
 .debug_line    0x000051d6      0x22d .\CortexM3\ARM_GCC_541\Debug\Protocov.a(VehicleCAN_TX_RX_func.o)
 .debug_line    0x00005403      0x214 .\CortexM3\ARM_GCC_541\Debug\Protocov.a(VehicleBattVoltageAdc.o)
 .debug_line    0x00005617       0x62 .\CortexM3\ARM_GCC_541\Debug\Protocov.a(VehicleBattVoltageAdc_INT.o)
 .debug_line    0x00005679      0x1ac .\CortexM3\ARM_GCC_541\Debug\Protocov.a(ClockVehicleBattVoltageADC.o)
 .debug_line    0x00005825       0x95 .\CortexM3\ARM_GCC_541\Debug\Protocov.a(BlueLedd.o)
 .debug_line    0x000058ba       0x66 .\CortexM3\ARM_GCC_541\Debug\Protocov.a(CyBootAsmGnu.o)
 .debug_line    0x00005920      0x21a .\CortexM3\ARM_GCC_541\Debug\Protocov.a(CyFlash.o)
 .debug_line    0x00005b3a      0x260 .\CortexM3\ARM_GCC_541\Debug\Protocov.a(CySpc.o)

.debug_frame    0x00000000     0x2dcc
 *(.debug_frame)
 .debug_frame   0x00000000       0x68 .\CortexM3\ARM_GCC_541\Debug\main.o
 .debug_frame   0x00000068       0x58 .\CortexM3\ARM_GCC_541\Debug\BluetoothComms.o
 .debug_frame   0x000000c0       0x48 .\CortexM3\ARM_GCC_541\Debug\CanBusMessageRead.o
 .debug_frame   0x00000108       0x48 .\CortexM3\ARM_GCC_541\Debug\UserButtonControl.o
 .debug_frame   0x00000150       0x50 .\CortexM3\ARM_GCC_541\Debug\VehicleBatteryVoltage.o
 .debug_frame   0x000001a0       0x94 .\CortexM3\ARM_GCC_541\Debug\SystemMessenger.o
 .debug_frame   0x00000234       0x58 .\CortexM3\ARM_GCC_541\Debug\PowerMonitoringAndControl.o
 .debug_frame   0x0000028c       0xe0 .\CortexM3\ARM_GCC_541\Debug\port.o
 .debug_frame   0x0000036c       0x70 .\CortexM3\ARM_GCC_541\Debug\list.o
 .debug_frame   0x000003dc      0x3e0 .\CortexM3\ARM_GCC_541\Debug\queue.o
 .debug_frame   0x000007bc      0x6a4 .\CortexM3\ARM_GCC_541\Debug\tasks.o
 .debug_frame   0x00000e60       0x60 .\CortexM3\ARM_GCC_541\Debug\heap_1.o
 .debug_frame   0x00000ec0       0xfc .\CortexM3\ARM_GCC_541\Debug\cyfitter_cfg.o
 .debug_frame   0x00000fbc       0xb8 .\CortexM3\ARM_GCC_541\Debug\Cm3Start.o
 .debug_frame   0x00001074       0x50 .\CortexM3\ARM_GCC_541\Debug\Protocov.a(PlayPauseButton.o)
 .debug_frame   0x000010c4       0x50 .\CortexM3\ARM_GCC_541\Debug\Protocov.a(PowerEnableSelf.o)
 .debug_frame   0x00001114       0x50 .\CortexM3\ARM_GCC_541\Debug\Protocov.a(PowerEnableBatt.o)
 .debug_frame   0x00001164       0x50 .\CortexM3\ARM_GCC_541\Debug\Protocov.a(PowerEnableACC.o)
 .debug_frame   0x000011b4      0x738 .\CortexM3\ARM_GCC_541\Debug\Protocov.a(CyLib.o)
 .debug_frame   0x000018ec      0x1f8 .\CortexM3\ARM_GCC_541\Debug\Protocov.a(cyPm.o)
 .debug_frame   0x00001ae4      0x250 .\CortexM3\ARM_GCC_541\Debug\Protocov.a(BluetoothUART.o)
 .debug_frame   0x00001d34       0xe0 .\CortexM3\ARM_GCC_541\Debug\Protocov.a(BluetoothUART_IntClock.o)
 .debug_frame   0x00001e14      0x114 .\CortexM3\ARM_GCC_541\Debug\Protocov.a(IntBluetoothUART.o)
 .debug_frame   0x00001f28       0xe0 .\CortexM3\ARM_GCC_541\Debug\Protocov.a(Clock_1.o)
 .debug_frame   0x00002008      0x134 .\CortexM3\ARM_GCC_541\Debug\Protocov.a(Counter_1.o)
 .debug_frame   0x0000213c       0xe0 .\CortexM3\ARM_GCC_541\Debug\Protocov.a(Clock_2.o)
 .debug_frame   0x0000221c      0x1cc .\CortexM3\ARM_GCC_541\Debug\Protocov.a(VehicleCAN.o)
 .debug_frame   0x000023e8       0x78 .\CortexM3\ARM_GCC_541\Debug\Protocov.a(VehicleCAN_INT.o)
 .debug_frame   0x00002460       0x70 .\CortexM3\ARM_GCC_541\Debug\Protocov.a(VehicleCAN_TX_RX_func.o)
 .debug_frame   0x000024d0      0x1b0 .\CortexM3\ARM_GCC_541\Debug\Protocov.a(VehicleBattVoltageAdc.o)
 .debug_frame   0x00002680       0x20 .\CortexM3\ARM_GCC_541\Debug\Protocov.a(VehicleBattVoltageAdc_INT.o)
 .debug_frame   0x000026a0      0x100 .\CortexM3\ARM_GCC_541\Debug\Protocov.a(ClockVehicleBattVoltageADC.o)
 .debug_frame   0x000027a0       0x50 .\CortexM3\ARM_GCC_541\Debug\Protocov.a(BlueLedd.o)
 .debug_frame   0x000027f0      0x194 .\CortexM3\ARM_GCC_541\Debug\Protocov.a(CyFlash.o)
 .debug_frame   0x00002984      0x180 .\CortexM3\ARM_GCC_541\Debug\Protocov.a(CySpc.o)
 .debug_frame   0x00002b04       0x44 c:/program files (x86)/cypress/psoc creator/4.4/psoc creator/import/gnu/arm/5.4.1/bin/../lib/gcc/arm-none-eabi/5.4.1/armv7-m\libgcc.a(_aeabi_ldivmod.o)
 .debug_frame   0x00002b48       0x38 c:/program files (x86)/cypress/psoc creator/4.4/psoc creator/import/gnu/arm/5.4.1/bin/../lib/gcc/arm-none-eabi/5.4.1/armv7-m\libgcc.a(_udivmoddi4.o)
 .debug_frame   0x00002b80       0x20 c:/program files (x86)/cypress/psoc creator/4.4/psoc creator/import/gnu/arm/5.4.1/bin/../lib/gcc/arm-none-eabi/5.4.1/../../../../arm-none-eabi/lib/armv7-m\libg_nano.a(lib_a-errno.o)
 .debug_frame   0x00002ba0       0x28 c:/program files (x86)/cypress/psoc creator/4.4/psoc creator/import/gnu/arm/5.4.1/bin/../lib/gcc/arm-none-eabi/5.4.1/../../../../arm-none-eabi/lib/armv7-m\libg_nano.a(lib_a-exit.o)
 .debug_frame   0x00002bc8       0x2c c:/program files (x86)/cypress/psoc creator/4.4/psoc creator/import/gnu/arm/5.4.1/bin/../lib/gcc/arm-none-eabi/5.4.1/../../../../arm-none-eabi/lib/armv7-m\libg_nano.a(lib_a-init.o)
 .debug_frame   0x00002bf4       0x28 c:/program files (x86)/cypress/psoc creator/4.4/psoc creator/import/gnu/arm/5.4.1/bin/../lib/gcc/arm-none-eabi/5.4.1/../../../../arm-none-eabi/lib/armv7-m\libg_nano.a(lib_a-memcpy-stub.o)
 .debug_frame   0x00002c1c       0x20 c:/program files (x86)/cypress/psoc creator/4.4/psoc creator/import/gnu/arm/5.4.1/bin/../lib/gcc/arm-none-eabi/5.4.1/../../../../arm-none-eabi/lib/armv7-m\libg_nano.a(lib_a-memset.o)
 .debug_frame   0x00002c3c       0x44 c:/program files (x86)/cypress/psoc creator/4.4/psoc creator/import/gnu/arm/5.4.1/bin/../lib/gcc/arm-none-eabi/5.4.1/../../../../arm-none-eabi/lib/armv7-m\libg_nano.a(lib_a-rand.o)
 .debug_frame   0x00002c80       0x30 c:/program files (x86)/cypress/psoc creator/4.4/psoc creator/import/gnu/arm/5.4.1/bin/../lib/gcc/arm-none-eabi/5.4.1/../../../../arm-none-eabi/lib/armv7-m\libg_nano.a(lib_a-malloc.o)
 .debug_frame   0x00002cb0       0x38 c:/program files (x86)/cypress/psoc creator/4.4/psoc creator/import/gnu/arm/5.4.1/bin/../lib/gcc/arm-none-eabi/5.4.1/../../../../arm-none-eabi/lib/armv7-m\libg_nano.a(lib_a-nano-freer.o)
 .debug_frame   0x00002ce8       0x2c c:/program files (x86)/cypress/psoc creator/4.4/psoc creator/import/gnu/arm/5.4.1/bin/../lib/gcc/arm-none-eabi/5.4.1/../../../../arm-none-eabi/lib/armv7-m\libg_nano.a(lib_a-nano-mallocr.o)
 .debug_frame   0x00002d14       0x2c c:/program files (x86)/cypress/psoc creator/4.4/psoc creator/import/gnu/arm/5.4.1/bin/../lib/gcc/arm-none-eabi/5.4.1/../../../../arm-none-eabi/lib/armv7-m\libg_nano.a(lib_a-sbrkr.o)
 .debug_frame   0x00002d40       0x30 c:/program files (x86)/cypress/psoc creator/4.4/psoc creator/import/gnu/arm/5.4.1/bin/../lib/gcc/arm-none-eabi/5.4.1/../../../../arm-none-eabi/lib/armv7-m\libg_nano.a(lib_a-mlock.o)
 .debug_frame   0x00002d70       0x5c c:/program files (x86)/cypress/psoc creator/4.4/psoc creator/import/gnu/arm/5.4.1/bin/../lib/gcc/arm-none-eabi/5.4.1/../../../../arm-none-eabi/lib/armv7-m\libg_nano.a(lib_a-reent.o)

.debug_str      0x00000000     0x4637
 *(.debug_str)
 .debug_str     0x00000000      0x338 .\CortexM3\ARM_GCC_541\Debug\main.o
                                0x389 (size before relaxing)
 .debug_str     0x00000338      0x1ab .\CortexM3\ARM_GCC_541\Debug\BluetoothComms.o
                                0x3e9 (size before relaxing)
 .debug_str     0x000004e3       0xd9 .\CortexM3\ARM_GCC_541\Debug\CanBusMessageRead.o
                                0x2d9 (size before relaxing)
 .debug_str     0x000005bc       0x31 .\CortexM3\ARM_GCC_541\Debug\UserButtonControl.o
                                0x24d (size before relaxing)
 .debug_str     0x000005ed      0x1e6 .\CortexM3\ARM_GCC_541\Debug\VehicleBatteryVoltage.o
                                0x4a9 (size before relaxing)
 .debug_str     0x000007d3      0x145 .\CortexM3\ARM_GCC_541\Debug\SystemMessenger.o
                                0x4fc (size before relaxing)
 .debug_str     0x00000918       0x87 .\CortexM3\ARM_GCC_541\Debug\PowerMonitoringAndControl.o
                                0x38f (size before relaxing)
 .debug_str     0x0000099f      0x16d .\CortexM3\ARM_GCC_541\Debug\port.o
                                0x392 (size before relaxing)
 .debug_str     0x00000b0c      0x146 .\CortexM3\ARM_GCC_541\Debug\list.o
                                0x308 (size before relaxing)
 .debug_str     0x00000c52      0x737 .\CortexM3\ARM_GCC_541\Debug\queue.o
                                0xacc (size before relaxing)
 .debug_str     0x00001389      0x9a7 .\CortexM3\ARM_GCC_541\Debug\tasks.o
                               0x1079 (size before relaxing)
 .debug_str     0x00001d30       0x2b .\CortexM3\ARM_GCC_541\Debug\timers.o
                                0x1b7 (size before relaxing)
 .debug_str     0x00001d5b       0xa0 .\CortexM3\ARM_GCC_541\Debug\heap_1.o
                                0x28f (size before relaxing)
 .debug_str     0x00001dfb      0x19f .\CortexM3\ARM_GCC_541\Debug\cyfitter_cfg.o
                                0x346 (size before relaxing)
 .debug_str     0x00001f9a       0x75 .\CortexM3\ARM_GCC_541\Debug\cymetadata.o
                                0x1d6 (size before relaxing)
 .debug_str     0x0000200f      0x124 .\CortexM3\ARM_GCC_541\Debug\Cm3Start.o
                                0x2fc (size before relaxing)
 .debug_str     0x00002133       0x80 .\CortexM3\ARM_GCC_541\Debug\Protocov.a(PlayPauseButton.o)
                                0x206 (size before relaxing)
 .debug_str     0x000021b3       0x77 .\CortexM3\ARM_GCC_541\Debug\Protocov.a(PowerEnableSelf.o)
                                0x206 (size before relaxing)
 .debug_str     0x0000222a       0x77 .\CortexM3\ARM_GCC_541\Debug\Protocov.a(PowerEnableBatt.o)
                                0x206 (size before relaxing)
 .debug_str     0x000022a1       0x73 .\CortexM3\ARM_GCC_541\Debug\Protocov.a(PowerEnableACC.o)
                                0x201 (size before relaxing)
 .debug_str     0x00002314      0x825 .\CortexM3\ARM_GCC_541\Debug\Protocov.a(CyLib.o)
                                0xa39 (size before relaxing)
 .debug_str     0x00002b39      0x365 .\CortexM3\ARM_GCC_541\Debug\Protocov.a(cyPm.o)
                                0x725 (size before relaxing)
 .debug_str     0x00002e9e      0x368 .\CortexM3\ARM_GCC_541\Debug\Protocov.a(BluetoothUART.o)
                                0x57e (size before relaxing)
 .debug_str     0x00003206      0x1dd .\CortexM3\ARM_GCC_541\Debug\Protocov.a(BluetoothUART_IntClock.o)
                                0x394 (size before relaxing)
 .debug_str     0x000033e3      0x1b0 .\CortexM3\ARM_GCC_541\Debug\Protocov.a(IntBluetoothUART.o)
                                0x520 (size before relaxing)
 .debug_str     0x00003593      0x109 .\CortexM3\ARM_GCC_541\Debug\Protocov.a(Clock_1.o)
                                0x2e0 (size before relaxing)
 .debug_str     0x0000369c      0x1af .\CortexM3\ARM_GCC_541\Debug\Protocov.a(Counter_1.o)
                                0x396 (size before relaxing)
 .debug_str     0x0000384b      0x109 .\CortexM3\ARM_GCC_541\Debug\Protocov.a(Clock_2.o)
                                0x2e0 (size before relaxing)
 .debug_str     0x00003954      0x366 .\CortexM3\ARM_GCC_541\Debug\Protocov.a(VehicleCAN.o)
                                0x5b3 (size before relaxing)
 .debug_str     0x00003cba       0x9a .\CortexM3\ARM_GCC_541\Debug\Protocov.a(VehicleCAN_INT.o)
                                0x2bf (size before relaxing)
 .debug_str     0x00003d54       0xb9 .\CortexM3\ARM_GCC_541\Debug\Protocov.a(VehicleCAN_TX_RX_func.o)
                                0x359 (size before relaxing)
 .debug_str     0x00003e0d      0x2e0 .\CortexM3\ARM_GCC_541\Debug\Protocov.a(VehicleBattVoltageAdc.o)
                                0x5ad (size before relaxing)
 .debug_str     0x000040ed       0x4d .\CortexM3\ARM_GCC_541\Debug\Protocov.a(VehicleBattVoltageAdc_INT.o)
                                0x1a5 (size before relaxing)
 .debug_str     0x0000413a      0x23b .\CortexM3\ARM_GCC_541\Debug\Protocov.a(ClockVehicleBattVoltageADC.o)
                                0x425 (size before relaxing)
 .debug_str     0x00004375       0x5b .\CortexM3\ARM_GCC_541\Debug\Protocov.a(BlueLedd.o)
                                0x1e3 (size before relaxing)
 .debug_str     0x000043d0      0x1bb .\CortexM3\ARM_GCC_541\Debug\Protocov.a(CyFlash.o)
                                0x3b2 (size before relaxing)
 .debug_str     0x0000458b       0xac .\CortexM3\ARM_GCC_541\Debug\Protocov.a(CySpc.o)
                                0x32a (size before relaxing)

.debug_loc      0x00000000     0x67e4
 *(.debug_loc)
 .debug_loc     0x00000000       0x21 .\CortexM3\ARM_GCC_541\Debug\BluetoothComms.o
 .debug_loc     0x00000021       0x56 .\CortexM3\ARM_GCC_541\Debug\CanBusMessageRead.o
 .debug_loc     0x00000077       0x21 .\CortexM3\ARM_GCC_541\Debug\UserButtonControl.o
 .debug_loc     0x00000098       0x5a .\CortexM3\ARM_GCC_541\Debug\VehicleBatteryVoltage.o
 .debug_loc     0x000000f2      0x1f8 .\CortexM3\ARM_GCC_541\Debug\SystemMessenger.o
 .debug_loc     0x000002ea       0x21 .\CortexM3\ARM_GCC_541\Debug\PowerMonitoringAndControl.o
 .debug_loc     0x0000030b       0xa8 .\CortexM3\ARM_GCC_541\Debug\port.o
 .debug_loc     0x000003b3       0x65 .\CortexM3\ARM_GCC_541\Debug\list.o
 .debug_loc     0x00000418     0x166a .\CortexM3\ARM_GCC_541\Debug\queue.o
 .debug_loc     0x00001a82     0x1b6c .\CortexM3\ARM_GCC_541\Debug\tasks.o
 .debug_loc     0x000035ee       0x6a .\CortexM3\ARM_GCC_541\Debug\heap_1.o
 .debug_loc     0x00003658      0x2af .\CortexM3\ARM_GCC_541\Debug\cyfitter_cfg.o
 .debug_loc     0x00003907      0x144 .\CortexM3\ARM_GCC_541\Debug\Cm3Start.o
 .debug_loc     0x00003a4b       0x42 .\CortexM3\ARM_GCC_541\Debug\Protocov.a(PlayPauseButton.o)
 .debug_loc     0x00003a8d       0x42 .\CortexM3\ARM_GCC_541\Debug\Protocov.a(PowerEnableSelf.o)
 .debug_loc     0x00003acf       0x42 .\CortexM3\ARM_GCC_541\Debug\Protocov.a(PowerEnableBatt.o)
 .debug_loc     0x00003b11       0x42 .\CortexM3\ARM_GCC_541\Debug\Protocov.a(PowerEnableACC.o)
 .debug_loc     0x00003b53      0xa11 .\CortexM3\ARM_GCC_541\Debug\Protocov.a(CyLib.o)
 .debug_loc     0x00004564      0x1e4 .\CortexM3\ARM_GCC_541\Debug\Protocov.a(cyPm.o)
 .debug_loc     0x00004748      0x258 .\CortexM3\ARM_GCC_541\Debug\Protocov.a(BluetoothUART.o)
 .debug_loc     0x000049a0      0x128 .\CortexM3\ARM_GCC_541\Debug\Protocov.a(BluetoothUART_IntClock.o)
 .debug_loc     0x00004ac8       0x69 .\CortexM3\ARM_GCC_541\Debug\Protocov.a(IntBluetoothUART.o)
 .debug_loc     0x00004b31      0x128 .\CortexM3\ARM_GCC_541\Debug\Protocov.a(Clock_1.o)
 .debug_loc     0x00004c59       0x31 .\CortexM3\ARM_GCC_541\Debug\Protocov.a(Counter_1.o)
 .debug_loc     0x00004c8a      0x12c .\CortexM3\ARM_GCC_541\Debug\Protocov.a(Clock_2.o)
 .debug_loc     0x00004db6      0x980 .\CortexM3\ARM_GCC_541\Debug\Protocov.a(VehicleCAN.o)
 .debug_loc     0x00005736       0x54 .\CortexM3\ARM_GCC_541\Debug\Protocov.a(VehicleCAN_INT.o)
 .debug_loc     0x0000578a      0x17f .\CortexM3\ARM_GCC_541\Debug\Protocov.a(VehicleCAN_TX_RX_func.o)
 .debug_loc     0x00005909      0x295 .\CortexM3\ARM_GCC_541\Debug\Protocov.a(VehicleBattVoltageAdc.o)
 .debug_loc     0x00005b9e      0x14d .\CortexM3\ARM_GCC_541\Debug\Protocov.a(ClockVehicleBattVoltageADC.o)
 .debug_loc     0x00005ceb       0x42 .\CortexM3\ARM_GCC_541\Debug\Protocov.a(BlueLedd.o)
 .debug_loc     0x00005d2d      0x3b2 .\CortexM3\ARM_GCC_541\Debug\Protocov.a(CyFlash.o)
 .debug_loc     0x000060df      0x705 .\CortexM3\ARM_GCC_541\Debug\Protocov.a(CySpc.o)

.debug_macinfo
 *(.debug_macinfo)

.debug_ranges   0x00000000      0xf48
 *(.debug_ranges)
 .debug_ranges  0x00000000       0x28 .\CortexM3\ARM_GCC_541\Debug\main.o
 .debug_ranges  0x00000028       0x20 .\CortexM3\ARM_GCC_541\Debug\BluetoothComms.o
 .debug_ranges  0x00000048       0x18 .\CortexM3\ARM_GCC_541\Debug\CanBusMessageRead.o
 .debug_ranges  0x00000060       0x18 .\CortexM3\ARM_GCC_541\Debug\UserButtonControl.o
 .debug_ranges  0x00000078       0x18 .\CortexM3\ARM_GCC_541\Debug\VehicleBatteryVoltage.o
 .debug_ranges  0x00000090       0x28 .\CortexM3\ARM_GCC_541\Debug\SystemMessenger.o
 .debug_ranges  0x000000b8       0x20 .\CortexM3\ARM_GCC_541\Debug\PowerMonitoringAndControl.o
 .debug_ranges  0x000000d8       0x60 .\CortexM3\ARM_GCC_541\Debug\port.o
 .debug_ranges  0x00000138       0x30 .\CortexM3\ARM_GCC_541\Debug\list.o
 .debug_ranges  0x00000168      0x148 .\CortexM3\ARM_GCC_541\Debug\queue.o
 .debug_ranges  0x000002b0      0x218 .\CortexM3\ARM_GCC_541\Debug\tasks.o
 .debug_ranges  0x000004c8       0x28 .\CortexM3\ARM_GCC_541\Debug\heap_1.o
 .debug_ranges  0x000004f0       0x48 .\CortexM3\ARM_GCC_541\Debug\cyfitter_cfg.o
 .debug_ranges  0x00000538       0x38 .\CortexM3\ARM_GCC_541\Debug\Cm3Start.o
 .debug_ranges  0x00000570       0x28 .\CortexM3\ARM_GCC_541\Debug\Protocov.a(PlayPauseButton.o)
 .debug_ranges  0x00000598       0x28 .\CortexM3\ARM_GCC_541\Debug\Protocov.a(PowerEnableSelf.o)
 .debug_ranges  0x000005c0       0x28 .\CortexM3\ARM_GCC_541\Debug\Protocov.a(PowerEnableBatt.o)
 .debug_ranges  0x000005e8       0x28 .\CortexM3\ARM_GCC_541\Debug\Protocov.a(PowerEnableACC.o)
 .debug_ranges  0x00000610      0x290 .\CortexM3\ARM_GCC_541\Debug\Protocov.a(CyLib.o)
 .debug_ranges  0x000008a0       0x88 .\CortexM3\ARM_GCC_541\Debug\Protocov.a(cyPm.o)
 .debug_ranges  0x00000928       0xe0 .\CortexM3\ARM_GCC_541\Debug\Protocov.a(BluetoothUART.o)
 .debug_ranges  0x00000a08       0x60 .\CortexM3\ARM_GCC_541\Debug\Protocov.a(BluetoothUART_IntClock.o)
 .debug_ranges  0x00000a68       0x70 .\CortexM3\ARM_GCC_541\Debug\Protocov.a(IntBluetoothUART.o)
 .debug_ranges  0x00000ad8       0x60 .\CortexM3\ARM_GCC_541\Debug\Protocov.a(Clock_1.o)
 .debug_ranges  0x00000b38       0x88 .\CortexM3\ARM_GCC_541\Debug\Protocov.a(Counter_1.o)
 .debug_ranges  0x00000bc0       0x60 .\CortexM3\ARM_GCC_541\Debug\Protocov.a(Clock_2.o)
 .debug_ranges  0x00000c20       0xb8 .\CortexM3\ARM_GCC_541\Debug\Protocov.a(VehicleCAN.o)
 .debug_ranges  0x00000cd8       0x28 .\CortexM3\ARM_GCC_541\Debug\Protocov.a(VehicleCAN_INT.o)
 .debug_ranges  0x00000d00       0x20 .\CortexM3\ARM_GCC_541\Debug\Protocov.a(VehicleCAN_TX_RX_func.o)
 .debug_ranges  0x00000d20       0x98 .\CortexM3\ARM_GCC_541\Debug\Protocov.a(VehicleBattVoltageAdc.o)
 .debug_ranges  0x00000db8       0x10 .\CortexM3\ARM_GCC_541\Debug\Protocov.a(VehicleBattVoltageAdc_INT.o)
 .debug_ranges  0x00000dc8       0x70 .\CortexM3\ARM_GCC_541\Debug\Protocov.a(ClockVehicleBattVoltageADC.o)
 .debug_ranges  0x00000e38       0x28 .\CortexM3\ARM_GCC_541\Debug\Protocov.a(BlueLedd.o)
 .debug_ranges  0x00000e60       0x78 .\CortexM3\ARM_GCC_541\Debug\Protocov.a(CyFlash.o)
 .debug_ranges  0x00000ed8       0x70 .\CortexM3\ARM_GCC_541\Debug\Protocov.a(CySpc.o)

.comment        0x00000000       0x6e
 .comment       0x00000000       0x6e .\CortexM3\ARM_GCC_541\Debug\main.o
                                 0x6f (size before relaxing)
 .comment       0x0000006e       0x6f .\CortexM3\ARM_GCC_541\Debug\BluetoothComms.o
 .comment       0x0000006e       0x6f .\CortexM3\ARM_GCC_541\Debug\CanBusMessageRead.o
 .comment       0x0000006e       0x6f .\CortexM3\ARM_GCC_541\Debug\UserButtonControl.o
 .comment       0x0000006e       0x6f .\CortexM3\ARM_GCC_541\Debug\VehicleBatteryVoltage.o
 .comment       0x0000006e       0x6f .\CortexM3\ARM_GCC_541\Debug\SystemMessenger.o
 .comment       0x0000006e       0x6f .\CortexM3\ARM_GCC_541\Debug\PowerMonitoringAndControl.o
 .comment       0x0000006e       0x6f .\CortexM3\ARM_GCC_541\Debug\port.o
 .comment       0x0000006e       0x6f .\CortexM3\ARM_GCC_541\Debug\list.o
 .comment       0x0000006e       0x6f .\CortexM3\ARM_GCC_541\Debug\queue.o
 .comment       0x0000006e       0x6f .\CortexM3\ARM_GCC_541\Debug\tasks.o
 .comment       0x0000006e       0x6f .\CortexM3\ARM_GCC_541\Debug\timers.o
 .comment       0x0000006e       0x6f .\CortexM3\ARM_GCC_541\Debug\heap_1.o
 .comment       0x0000006e       0x6f .\CortexM3\ARM_GCC_541\Debug\cyfitter_cfg.o
 .comment       0x0000006e       0x6f .\CortexM3\ARM_GCC_541\Debug\cymetadata.o
 .comment       0x0000006e       0x6f .\CortexM3\ARM_GCC_541\Debug\Cm3Start.o
 .comment       0x0000006e       0x6f .\CortexM3\ARM_GCC_541\Debug\Protocov.a(PlayPauseButton.o)
 .comment       0x0000006e       0x6f .\CortexM3\ARM_GCC_541\Debug\Protocov.a(PowerEnableSelf.o)
 .comment       0x0000006e       0x6f .\CortexM3\ARM_GCC_541\Debug\Protocov.a(PowerEnableBatt.o)
 .comment       0x0000006e       0x6f .\CortexM3\ARM_GCC_541\Debug\Protocov.a(PowerEnableACC.o)
 .comment       0x0000006e       0x6f .\CortexM3\ARM_GCC_541\Debug\Protocov.a(CyLib.o)
 .comment       0x0000006e       0x6f .\CortexM3\ARM_GCC_541\Debug\Protocov.a(cyPm.o)
 .comment       0x0000006e       0x6f .\CortexM3\ARM_GCC_541\Debug\Protocov.a(BluetoothUART.o)
 .comment       0x0000006e       0x6f .\CortexM3\ARM_GCC_541\Debug\Protocov.a(BluetoothUART_IntClock.o)
 .comment       0x0000006e       0x6f .\CortexM3\ARM_GCC_541\Debug\Protocov.a(IntBluetoothUART.o)
 .comment       0x0000006e       0x6f .\CortexM3\ARM_GCC_541\Debug\Protocov.a(Clock_1.o)
 .comment       0x0000006e       0x6f .\CortexM3\ARM_GCC_541\Debug\Protocov.a(Counter_1.o)
 .comment       0x0000006e       0x6f .\CortexM3\ARM_GCC_541\Debug\Protocov.a(Clock_2.o)
 .comment       0x0000006e       0x6f .\CortexM3\ARM_GCC_541\Debug\Protocov.a(VehicleCAN.o)
 .comment       0x0000006e       0x6f .\CortexM3\ARM_GCC_541\Debug\Protocov.a(VehicleCAN_INT.o)
 .comment       0x0000006e       0x6f .\CortexM3\ARM_GCC_541\Debug\Protocov.a(VehicleCAN_TX_RX_func.o)
 .comment       0x0000006e       0x6f .\CortexM3\ARM_GCC_541\Debug\Protocov.a(VehicleBattVoltageAdc.o)
 .comment       0x0000006e       0x6f .\CortexM3\ARM_GCC_541\Debug\Protocov.a(VehicleBattVoltageAdc_INT.o)
 .comment       0x0000006e       0x6f .\CortexM3\ARM_GCC_541\Debug\Protocov.a(ClockVehicleBattVoltageADC.o)
 .comment       0x0000006e       0x6f .\CortexM3\ARM_GCC_541\Debug\Protocov.a(BlueLedd.o)
 .comment       0x0000006e       0x6f .\CortexM3\ARM_GCC_541\Debug\Protocov.a(CyFlash.o)
 .comment       0x0000006e       0x6f .\CortexM3\ARM_GCC_541\Debug\Protocov.a(CySpc.o)

.debug_weaknames
 *(.debug_weaknames)

.debug_funcnames
 *(.debug_funcnames)

.debug_typenames
 *(.debug_typenames)

.debug_varnames
 *(.debug_varnames)

.note.gnu.arm.ident
 *(.note.gnu.arm.ident)

.ARM.attributes
                0x00000000       0x29
 *(.ARM.attributes)
 .ARM.attributes
                0x00000000       0x1d c:/program files (x86)/cypress/psoc creator/4.4/psoc creator/import/gnu/arm/5.4.1/bin/../lib/gcc/arm-none-eabi/5.4.1/armv7-m/crti.o
 .ARM.attributes
                0x0000001d       0x2d c:/program files (x86)/cypress/psoc creator/4.4/psoc creator/import/gnu/arm/5.4.1/bin/../lib/gcc/arm-none-eabi/5.4.1/armv7-m/crtbegin.o
 .ARM.attributes
                0x0000004a       0x1b c:/program files (x86)/cypress/psoc creator/4.4/psoc creator/import/gnu/arm/5.4.1/bin/../lib/gcc/arm-none-eabi/5.4.1/../../../../arm-none-eabi/lib/armv7-m/crt0.o
 .ARM.attributes
                0x00000065       0x33 .\CortexM3\ARM_GCC_541\Debug\main.o
 .ARM.attributes
                0x00000098       0x33 .\CortexM3\ARM_GCC_541\Debug\BluetoothComms.o
 .ARM.attributes
                0x000000cb       0x33 .\CortexM3\ARM_GCC_541\Debug\CanBusMessageRead.o
 .ARM.attributes
                0x000000fe       0x33 .\CortexM3\ARM_GCC_541\Debug\UserButtonControl.o
 .ARM.attributes
                0x00000131       0x33 .\CortexM3\ARM_GCC_541\Debug\VehicleBatteryVoltage.o
 .ARM.attributes
                0x00000164       0x33 .\CortexM3\ARM_GCC_541\Debug\SystemMessenger.o
 .ARM.attributes
                0x00000197       0x33 .\CortexM3\ARM_GCC_541\Debug\PowerMonitoringAndControl.o
 .ARM.attributes
                0x000001ca       0x33 .\CortexM3\ARM_GCC_541\Debug\port.o
 .ARM.attributes
                0x000001fd       0x33 .\CortexM3\ARM_GCC_541\Debug\list.o
 .ARM.attributes
                0x00000230       0x33 .\CortexM3\ARM_GCC_541\Debug\queue.o
 .ARM.attributes
                0x00000263       0x33 .\CortexM3\ARM_GCC_541\Debug\tasks.o
 .ARM.attributes
                0x00000296       0x33 .\CortexM3\ARM_GCC_541\Debug\timers.o
 .ARM.attributes
                0x000002c9       0x33 .\CortexM3\ARM_GCC_541\Debug\heap_1.o
 .ARM.attributes
                0x000002fc       0x33 .\CortexM3\ARM_GCC_541\Debug\cyfitter_cfg.o
 .ARM.attributes
                0x0000032f       0x33 .\CortexM3\ARM_GCC_541\Debug\cymetadata.o
 .ARM.attributes
                0x00000362       0x33 .\CortexM3\ARM_GCC_541\Debug\Cm3Start.o
 .ARM.attributes
                0x00000395       0x33 .\CortexM3\ARM_GCC_541\Debug\Protocov.a(PlayPauseButton.o)
 .ARM.attributes
                0x000003c8       0x33 .\CortexM3\ARM_GCC_541\Debug\Protocov.a(PowerEnableSelf.o)
 .ARM.attributes
                0x000003fb       0x33 .\CortexM3\ARM_GCC_541\Debug\Protocov.a(PowerEnableBatt.o)
 .ARM.attributes
                0x0000042e       0x33 .\CortexM3\ARM_GCC_541\Debug\Protocov.a(PowerEnableACC.o)
 .ARM.attributes
                0x00000461       0x33 .\CortexM3\ARM_GCC_541\Debug\Protocov.a(CyLib.o)
 .ARM.attributes
                0x00000494       0x33 .\CortexM3\ARM_GCC_541\Debug\Protocov.a(cyPm.o)
 .ARM.attributes
                0x000004c7       0x33 .\CortexM3\ARM_GCC_541\Debug\Protocov.a(BluetoothUART.o)
 .ARM.attributes
                0x000004fa       0x33 .\CortexM3\ARM_GCC_541\Debug\Protocov.a(BluetoothUART_IntClock.o)
 .ARM.attributes
                0x0000052d       0x33 .\CortexM3\ARM_GCC_541\Debug\Protocov.a(IntBluetoothUART.o)
 .ARM.attributes
                0x00000560       0x33 .\CortexM3\ARM_GCC_541\Debug\Protocov.a(Clock_1.o)
 .ARM.attributes
                0x00000593       0x33 .\CortexM3\ARM_GCC_541\Debug\Protocov.a(Counter_1.o)
 .ARM.attributes
                0x000005c6       0x33 .\CortexM3\ARM_GCC_541\Debug\Protocov.a(Clock_2.o)
 .ARM.attributes
                0x000005f9       0x33 .\CortexM3\ARM_GCC_541\Debug\Protocov.a(VehicleCAN.o)
 .ARM.attributes
                0x0000062c       0x33 .\CortexM3\ARM_GCC_541\Debug\Protocov.a(VehicleCAN_INT.o)
 .ARM.attributes
                0x0000065f       0x33 .\CortexM3\ARM_GCC_541\Debug\Protocov.a(VehicleCAN_TX_RX_func.o)
 .ARM.attributes
                0x00000692       0x33 .\CortexM3\ARM_GCC_541\Debug\Protocov.a(VehicleBattVoltageAdc.o)
 .ARM.attributes
                0x000006c5       0x33 .\CortexM3\ARM_GCC_541\Debug\Protocov.a(VehicleBattVoltageAdc_INT.o)
 .ARM.attributes
                0x000006f8       0x33 .\CortexM3\ARM_GCC_541\Debug\Protocov.a(ClockVehicleBattVoltageADC.o)
 .ARM.attributes
                0x0000072b       0x33 .\CortexM3\ARM_GCC_541\Debug\Protocov.a(BlueLedd.o)
 .ARM.attributes
                0x0000075e       0x21 .\CortexM3\ARM_GCC_541\Debug\Protocov.a(CyBootAsmGnu.o)
 .ARM.attributes
                0x0000077f       0x33 .\CortexM3\ARM_GCC_541\Debug\Protocov.a(CyFlash.o)
 .ARM.attributes
                0x000007b2       0x33 .\CortexM3\ARM_GCC_541\Debug\Protocov.a(CySpc.o)
 .ARM.attributes
                0x000007e5       0x1d c:/program files (x86)/cypress/psoc creator/4.4/psoc creator/import/gnu/arm/5.4.1/bin/../lib/gcc/arm-none-eabi/5.4.1/armv7-m\libgcc.a(_arm_addsubsf3.o)
 .ARM.attributes
                0x00000802       0x1d c:/program files (x86)/cypress/psoc creator/4.4/psoc creator/import/gnu/arm/5.4.1/bin/../lib/gcc/arm-none-eabi/5.4.1/armv7-m\libgcc.a(_arm_muldivsf3.o)
 .ARM.attributes
                0x0000081f       0x1d c:/program files (x86)/cypress/psoc creator/4.4/psoc creator/import/gnu/arm/5.4.1/bin/../lib/gcc/arm-none-eabi/5.4.1/armv7-m\libgcc.a(_arm_cmpsf2.o)
 .ARM.attributes
                0x0000083c       0x1d c:/program files (x86)/cypress/psoc creator/4.4/psoc creator/import/gnu/arm/5.4.1/bin/../lib/gcc/arm-none-eabi/5.4.1/armv7-m\libgcc.a(_aeabi_ldivmod.o)
 .ARM.attributes
                0x00000859       0x2d c:/program files (x86)/cypress/psoc creator/4.4/psoc creator/import/gnu/arm/5.4.1/bin/../lib/gcc/arm-none-eabi/5.4.1/armv7-m\libgcc.a(_udivmoddi4.o)
 .ARM.attributes
                0x00000886       0x1d c:/program files (x86)/cypress/psoc creator/4.4/psoc creator/import/gnu/arm/5.4.1/bin/../lib/gcc/arm-none-eabi/5.4.1/armv7-m\libgcc.a(_dvmd_tls.o)
 .ARM.attributes
                0x000008a3       0x2d c:/program files (x86)/cypress/psoc creator/4.4/psoc creator/import/gnu/arm/5.4.1/bin/../lib/gcc/arm-none-eabi/5.4.1/../../../../arm-none-eabi/lib/armv7-m\libg_nano.a(lib_a-errno.o)
 .ARM.attributes
                0x000008d0       0x2d c:/program files (x86)/cypress/psoc creator/4.4/psoc creator/import/gnu/arm/5.4.1/bin/../lib/gcc/arm-none-eabi/5.4.1/../../../../arm-none-eabi/lib/armv7-m\libg_nano.a(lib_a-exit.o)
 .ARM.attributes
                0x000008fd       0x2d c:/program files (x86)/cypress/psoc creator/4.4/psoc creator/import/gnu/arm/5.4.1/bin/../lib/gcc/arm-none-eabi/5.4.1/../../../../arm-none-eabi/lib/armv7-m\libg_nano.a(lib_a-impure.o)
 .ARM.attributes
                0x0000092a       0x2d c:/program files (x86)/cypress/psoc creator/4.4/psoc creator/import/gnu/arm/5.4.1/bin/../lib/gcc/arm-none-eabi/5.4.1/../../../../arm-none-eabi/lib/armv7-m\libg_nano.a(lib_a-init.o)
 .ARM.attributes
                0x00000957       0x2d c:/program files (x86)/cypress/psoc creator/4.4/psoc creator/import/gnu/arm/5.4.1/bin/../lib/gcc/arm-none-eabi/5.4.1/../../../../arm-none-eabi/lib/armv7-m\libg_nano.a(lib_a-memcpy-stub.o)
 .ARM.attributes
                0x00000984       0x2d c:/program files (x86)/cypress/psoc creator/4.4/psoc creator/import/gnu/arm/5.4.1/bin/../lib/gcc/arm-none-eabi/5.4.1/../../../../arm-none-eabi/lib/armv7-m\libg_nano.a(lib_a-memset.o)
 .ARM.attributes
                0x000009b1       0x2d c:/program files (x86)/cypress/psoc creator/4.4/psoc creator/import/gnu/arm/5.4.1/bin/../lib/gcc/arm-none-eabi/5.4.1/../../../../arm-none-eabi/lib/armv7-m\libg_nano.a(lib_a-rand.o)
 .ARM.attributes
                0x000009de       0x2d c:/program files (x86)/cypress/psoc creator/4.4/psoc creator/import/gnu/arm/5.4.1/bin/../lib/gcc/arm-none-eabi/5.4.1/../../../../arm-none-eabi/lib/armv7-m\libg_nano.a(lib_a-malloc.o)
 .ARM.attributes
                0x00000a0b       0x2d c:/program files (x86)/cypress/psoc creator/4.4/psoc creator/import/gnu/arm/5.4.1/bin/../lib/gcc/arm-none-eabi/5.4.1/../../../../arm-none-eabi/lib/armv7-m\libg_nano.a(lib_a-nano-freer.o)
 .ARM.attributes
                0x00000a38       0x2d c:/program files (x86)/cypress/psoc creator/4.4/psoc creator/import/gnu/arm/5.4.1/bin/../lib/gcc/arm-none-eabi/5.4.1/../../../../arm-none-eabi/lib/armv7-m\libg_nano.a(lib_a-nano-mallocr.o)
 .ARM.attributes
                0x00000a65       0x2d c:/program files (x86)/cypress/psoc creator/4.4/psoc creator/import/gnu/arm/5.4.1/bin/../lib/gcc/arm-none-eabi/5.4.1/../../../../arm-none-eabi/lib/armv7-m\libg_nano.a(lib_a-sbrkr.o)
 .ARM.attributes
                0x00000a92       0x2d c:/program files (x86)/cypress/psoc creator/4.4/psoc creator/import/gnu/arm/5.4.1/bin/../lib/gcc/arm-none-eabi/5.4.1/../../../../arm-none-eabi/lib/armv7-m\libg_nano.a(lib_a-mlock.o)
 .ARM.attributes
                0x00000abf       0x2d c:/program files (x86)/cypress/psoc creator/4.4/psoc creator/import/gnu/arm/5.4.1/bin/../lib/gcc/arm-none-eabi/5.4.1/../../../../arm-none-eabi/lib/armv7-m\libg_nano.a(lib_a-reent.o)
 .ARM.attributes
                0x00000aec       0x2d c:/program files (x86)/cypress/psoc creator/4.4/psoc creator/import/gnu/arm/5.4.1/bin/../lib/gcc/arm-none-eabi/5.4.1/armv7-m/crtend.o
 .ARM.attributes
                0x00000b19       0x1d c:/program files (x86)/cypress/psoc creator/4.4/psoc creator/import/gnu/arm/5.4.1/bin/../lib/gcc/arm-none-eabi/5.4.1/armv7-m/crtn.o

/DISCARD/
 *(.note.GNU-stack)
OUTPUT(E:\GIT Hub Project\protocov\Protocov\Protocov.cydsn\CortexM3\ARM_GCC_541\Debug\Protocov.elf elf32-littlearm)