ARM GAS  C:\Users\bchir\AppData\Local\Temp\ccoLzTcj.s 			page 1


   1              		.syntax unified
   2              		.cpu cortex-m3
   3              		.fpu softvfp
   4              		.eabi_attribute 20, 1
   5              		.eabi_attribute 21, 1
   6              		.eabi_attribute 23, 3
   7              		.eabi_attribute 24, 1
   8              		.eabi_attribute 25, 1
   9              		.eabi_attribute 26, 1
  10              		.eabi_attribute 30, 1
  11              		.eabi_attribute 34, 1
  12              		.eabi_attribute 18, 4
  13              		.thumb
  14              		.syntax unified
  15              		.file	"VehicleCAN_INT.c"
  16              		.text
  17              	.Ltext0:
  18              		.cfi_sections	.debug_frame
  19              		.section	.text.VehicleCAN_BusOffIsr,"ax",%progbits
  20              		.align	2
  21              		.global	VehicleCAN_BusOffIsr
  22              		.thumb
  23              		.thumb_func
  24              		.type	VehicleCAN_BusOffIsr, %function
  25              	VehicleCAN_BusOffIsr:
  26              	.LFB0:
  27              		.file 1 "Generated_Source\\PSoC5\\VehicleCAN_INT.c"
   1:Generated_Source\PSoC5/VehicleCAN_INT.c **** /*******************************************************************************
   2:Generated_Source\PSoC5/VehicleCAN_INT.c **** * File Name: VehicleCAN_INT.c
   3:Generated_Source\PSoC5/VehicleCAN_INT.c **** * Version 3.0
   4:Generated_Source\PSoC5/VehicleCAN_INT.c **** *
   5:Generated_Source\PSoC5/VehicleCAN_INT.c **** * Description:
   6:Generated_Source\PSoC5/VehicleCAN_INT.c **** *  This file contains Interrupt Service Routine (ISR) for CAN Component.
   7:Generated_Source\PSoC5/VehicleCAN_INT.c **** *  The Interrupt handlers functions are generated accordingly to the PSoC
   8:Generated_Source\PSoC5/VehicleCAN_INT.c **** *  Creator Customizer inputs.
   9:Generated_Source\PSoC5/VehicleCAN_INT.c **** *
  10:Generated_Source\PSoC5/VehicleCAN_INT.c **** * Note:
  11:Generated_Source\PSoC5/VehicleCAN_INT.c **** *  None
  12:Generated_Source\PSoC5/VehicleCAN_INT.c **** *
  13:Generated_Source\PSoC5/VehicleCAN_INT.c **** ********************************************************************************
  14:Generated_Source\PSoC5/VehicleCAN_INT.c **** * Copyright 2008-2015, Cypress Semiconductor Corporation.  All rights reserved.
  15:Generated_Source\PSoC5/VehicleCAN_INT.c **** * You may use this file only in accordance with the license, terms, conditions,
  16:Generated_Source\PSoC5/VehicleCAN_INT.c **** * disclaimers, and limitations in the end user license agreement accompanying
  17:Generated_Source\PSoC5/VehicleCAN_INT.c **** * the software package with which this file was provided.
  18:Generated_Source\PSoC5/VehicleCAN_INT.c **** *******************************************************************************/
  19:Generated_Source\PSoC5/VehicleCAN_INT.c **** 
  20:Generated_Source\PSoC5/VehicleCAN_INT.c **** #include "VehicleCAN.h"
  21:Generated_Source\PSoC5/VehicleCAN_INT.c **** #include "cyapicallbacks.h"
  22:Generated_Source\PSoC5/VehicleCAN_INT.c **** 
  23:Generated_Source\PSoC5/VehicleCAN_INT.c **** /* `#START CAN_INT_C_CODE_DEFINITION` */
  24:Generated_Source\PSoC5/VehicleCAN_INT.c **** 
  25:Generated_Source\PSoC5/VehicleCAN_INT.c **** /* `#END` */
  26:Generated_Source\PSoC5/VehicleCAN_INT.c **** 
  27:Generated_Source\PSoC5/VehicleCAN_INT.c **** #if (VehicleCAN_ARB_LOST)
  28:Generated_Source\PSoC5/VehicleCAN_INT.c ****     /*******************************************************************************
  29:Generated_Source\PSoC5/VehicleCAN_INT.c ****     * FUNCTION NAME:   VehicleCAN_ArbLostIsr
  30:Generated_Source\PSoC5/VehicleCAN_INT.c ****     ********************************************************************************
ARM GAS  C:\Users\bchir\AppData\Local\Temp\ccoLzTcj.s 			page 2


  31:Generated_Source\PSoC5/VehicleCAN_INT.c ****     *
  32:Generated_Source\PSoC5/VehicleCAN_INT.c ****     * Summary:
  33:Generated_Source\PSoC5/VehicleCAN_INT.c ****     *  This function is entry point to Arbitration Lost Interrupt. Clears
  34:Generated_Source\PSoC5/VehicleCAN_INT.c ****     *  Arbitration Lost interrupt flag. Only generated if Arbitration Lost
  35:Generated_Source\PSoC5/VehicleCAN_INT.c ****     *  Interrupt enable in Customizer.
  36:Generated_Source\PSoC5/VehicleCAN_INT.c ****     *
  37:Generated_Source\PSoC5/VehicleCAN_INT.c ****     * Parameters:
  38:Generated_Source\PSoC5/VehicleCAN_INT.c ****     *  None.
  39:Generated_Source\PSoC5/VehicleCAN_INT.c ****     *
  40:Generated_Source\PSoC5/VehicleCAN_INT.c ****     * Return:
  41:Generated_Source\PSoC5/VehicleCAN_INT.c ****     *  None.
  42:Generated_Source\PSoC5/VehicleCAN_INT.c ****     *
  43:Generated_Source\PSoC5/VehicleCAN_INT.c ****     * Reentrant:
  44:Generated_Source\PSoC5/VehicleCAN_INT.c ****     *  Depends on Customer code.
  45:Generated_Source\PSoC5/VehicleCAN_INT.c ****     *
  46:Generated_Source\PSoC5/VehicleCAN_INT.c ****     *******************************************************************************/
  47:Generated_Source\PSoC5/VehicleCAN_INT.c ****     void VehicleCAN_ArbLostIsr(void) 
  48:Generated_Source\PSoC5/VehicleCAN_INT.c ****     {
  49:Generated_Source\PSoC5/VehicleCAN_INT.c ****         /* Clear Arbitration Lost flag */
  50:Generated_Source\PSoC5/VehicleCAN_INT.c ****         VehicleCAN_INT_SR_REG.byte[0u] = VehicleCAN_ARBITRATION_LOST_MASK;
  51:Generated_Source\PSoC5/VehicleCAN_INT.c **** 
  52:Generated_Source\PSoC5/VehicleCAN_INT.c ****         /* `#START ARBITRATION_LOST_ISR` */
  53:Generated_Source\PSoC5/VehicleCAN_INT.c **** 
  54:Generated_Source\PSoC5/VehicleCAN_INT.c ****         /* `#END` */
  55:Generated_Source\PSoC5/VehicleCAN_INT.c **** 
  56:Generated_Source\PSoC5/VehicleCAN_INT.c ****         #ifdef VehicleCAN_ARB_LOST_ISR_CALLBACK
  57:Generated_Source\PSoC5/VehicleCAN_INT.c ****             VehicleCAN_ArbLostIsr_Callback();
  58:Generated_Source\PSoC5/VehicleCAN_INT.c ****         #endif /* VehicleCAN_ARB_LOST_ISR_CALLBACK */
  59:Generated_Source\PSoC5/VehicleCAN_INT.c ****     }
  60:Generated_Source\PSoC5/VehicleCAN_INT.c **** #endif /* VehicleCAN_ARB_LOST */
  61:Generated_Source\PSoC5/VehicleCAN_INT.c **** 
  62:Generated_Source\PSoC5/VehicleCAN_INT.c **** 
  63:Generated_Source\PSoC5/VehicleCAN_INT.c **** #if (VehicleCAN_OVERLOAD)
  64:Generated_Source\PSoC5/VehicleCAN_INT.c ****     /*******************************************************************************
  65:Generated_Source\PSoC5/VehicleCAN_INT.c ****     * FUNCTION NAME:   VehicleCAN_OvrLdErrorIsr
  66:Generated_Source\PSoC5/VehicleCAN_INT.c ****     ********************************************************************************
  67:Generated_Source\PSoC5/VehicleCAN_INT.c ****     *
  68:Generated_Source\PSoC5/VehicleCAN_INT.c ****     * Summary:
  69:Generated_Source\PSoC5/VehicleCAN_INT.c ****     *  This function is entry point to Overload Error Interrupt. Clears Overload
  70:Generated_Source\PSoC5/VehicleCAN_INT.c ****     *  Error interrupt flag. Only generated if Overload Error Interrupt enable
  71:Generated_Source\PSoC5/VehicleCAN_INT.c ****     *  in Customizer.
  72:Generated_Source\PSoC5/VehicleCAN_INT.c ****     *
  73:Generated_Source\PSoC5/VehicleCAN_INT.c ****     * Parameters:
  74:Generated_Source\PSoC5/VehicleCAN_INT.c ****     *  None.
  75:Generated_Source\PSoC5/VehicleCAN_INT.c ****     *
  76:Generated_Source\PSoC5/VehicleCAN_INT.c ****     * Return:
  77:Generated_Source\PSoC5/VehicleCAN_INT.c ****     *  None.
  78:Generated_Source\PSoC5/VehicleCAN_INT.c ****     *
  79:Generated_Source\PSoC5/VehicleCAN_INT.c ****     * Reentrant:
  80:Generated_Source\PSoC5/VehicleCAN_INT.c ****     *  Depends on Customer code.
  81:Generated_Source\PSoC5/VehicleCAN_INT.c ****     *
  82:Generated_Source\PSoC5/VehicleCAN_INT.c ****     *******************************************************************************/
  83:Generated_Source\PSoC5/VehicleCAN_INT.c ****     void VehicleCAN_OvrLdErrorIsr(void) 
  84:Generated_Source\PSoC5/VehicleCAN_INT.c ****     {
  85:Generated_Source\PSoC5/VehicleCAN_INT.c ****         /* Clear Overload Error flag */
  86:Generated_Source\PSoC5/VehicleCAN_INT.c ****         VehicleCAN_INT_SR_REG.byte[0u] = VehicleCAN_OVERLOAD_ERROR_MASK;
  87:Generated_Source\PSoC5/VehicleCAN_INT.c **** 
ARM GAS  C:\Users\bchir\AppData\Local\Temp\ccoLzTcj.s 			page 3


  88:Generated_Source\PSoC5/VehicleCAN_INT.c ****         /* `#START OVER_LOAD_ERROR_ISR` */
  89:Generated_Source\PSoC5/VehicleCAN_INT.c **** 
  90:Generated_Source\PSoC5/VehicleCAN_INT.c ****         /* `#END` */
  91:Generated_Source\PSoC5/VehicleCAN_INT.c **** 
  92:Generated_Source\PSoC5/VehicleCAN_INT.c ****         #ifdef VehicleCAN_OVR_LD_ERROR_ISR_CALLBACK
  93:Generated_Source\PSoC5/VehicleCAN_INT.c ****             VehicleCAN_OvrLdErrorIsr_Callback();
  94:Generated_Source\PSoC5/VehicleCAN_INT.c ****         #endif /* VehicleCAN_OVR_LD_ERROR_ISR_CALLBACK */
  95:Generated_Source\PSoC5/VehicleCAN_INT.c ****     }
  96:Generated_Source\PSoC5/VehicleCAN_INT.c **** #endif /* VehicleCAN_OVERLOAD */
  97:Generated_Source\PSoC5/VehicleCAN_INT.c **** 
  98:Generated_Source\PSoC5/VehicleCAN_INT.c **** 
  99:Generated_Source\PSoC5/VehicleCAN_INT.c **** #if (VehicleCAN_BIT_ERR)
 100:Generated_Source\PSoC5/VehicleCAN_INT.c ****     /*******************************************************************************
 101:Generated_Source\PSoC5/VehicleCAN_INT.c ****     * FUNCTION NAME:   VehicleCAN_BitErrorIsr
 102:Generated_Source\PSoC5/VehicleCAN_INT.c ****     ********************************************************************************
 103:Generated_Source\PSoC5/VehicleCAN_INT.c ****     *
 104:Generated_Source\PSoC5/VehicleCAN_INT.c ****     * Summary:
 105:Generated_Source\PSoC5/VehicleCAN_INT.c ****     *  This function is entry point to Bit Error Interrupt. Clears Bit Error
 106:Generated_Source\PSoC5/VehicleCAN_INT.c ****     *  interrupt flag. Only generated if Bit Error Interrupt enable in Customizer.
 107:Generated_Source\PSoC5/VehicleCAN_INT.c ****     *
 108:Generated_Source\PSoC5/VehicleCAN_INT.c ****     * Parameters:
 109:Generated_Source\PSoC5/VehicleCAN_INT.c ****     *  None.
 110:Generated_Source\PSoC5/VehicleCAN_INT.c ****     *
 111:Generated_Source\PSoC5/VehicleCAN_INT.c ****     * Return:
 112:Generated_Source\PSoC5/VehicleCAN_INT.c ****     *  None.
 113:Generated_Source\PSoC5/VehicleCAN_INT.c ****     *
 114:Generated_Source\PSoC5/VehicleCAN_INT.c ****     * Reentrant:
 115:Generated_Source\PSoC5/VehicleCAN_INT.c ****     *  Depends on Customer code.
 116:Generated_Source\PSoC5/VehicleCAN_INT.c ****     *
 117:Generated_Source\PSoC5/VehicleCAN_INT.c ****     *******************************************************************************/
 118:Generated_Source\PSoC5/VehicleCAN_INT.c ****     void VehicleCAN_BitErrorIsr(void) 
 119:Generated_Source\PSoC5/VehicleCAN_INT.c ****     {
 120:Generated_Source\PSoC5/VehicleCAN_INT.c ****         /* Clear Bit Error flag */
 121:Generated_Source\PSoC5/VehicleCAN_INT.c ****         VehicleCAN_INT_SR_REG.byte[0u] = VehicleCAN_BIT_ERROR_MASK;
 122:Generated_Source\PSoC5/VehicleCAN_INT.c **** 
 123:Generated_Source\PSoC5/VehicleCAN_INT.c ****         /* `#START BIT_ERROR_ISR` */
 124:Generated_Source\PSoC5/VehicleCAN_INT.c **** 
 125:Generated_Source\PSoC5/VehicleCAN_INT.c ****         /* `#END` */
 126:Generated_Source\PSoC5/VehicleCAN_INT.c **** 
 127:Generated_Source\PSoC5/VehicleCAN_INT.c ****         #ifdef VehicleCAN_BIT_ERROR_ISR_CALLBACK
 128:Generated_Source\PSoC5/VehicleCAN_INT.c ****             VehicleCAN_BitErrorIsr_Callback();
 129:Generated_Source\PSoC5/VehicleCAN_INT.c ****         #endif /* VehicleCAN_BIT_ERROR_ISR_CALLBACK */
 130:Generated_Source\PSoC5/VehicleCAN_INT.c ****     }
 131:Generated_Source\PSoC5/VehicleCAN_INT.c **** #endif /* VehicleCAN_BIT_ERR */
 132:Generated_Source\PSoC5/VehicleCAN_INT.c **** 
 133:Generated_Source\PSoC5/VehicleCAN_INT.c **** 
 134:Generated_Source\PSoC5/VehicleCAN_INT.c **** #if (VehicleCAN_STUFF_ERR)
 135:Generated_Source\PSoC5/VehicleCAN_INT.c ****     /*******************************************************************************
 136:Generated_Source\PSoC5/VehicleCAN_INT.c ****     * FUNCTION NAME:   VehicleCAN_BitStuffErrorIsr
 137:Generated_Source\PSoC5/VehicleCAN_INT.c ****     ********************************************************************************
 138:Generated_Source\PSoC5/VehicleCAN_INT.c ****     *
 139:Generated_Source\PSoC5/VehicleCAN_INT.c ****     * Summary:
 140:Generated_Source\PSoC5/VehicleCAN_INT.c ****     *  This function is entry point to Bit Stuff Error Interrupt. Clears Bit Stuff
 141:Generated_Source\PSoC5/VehicleCAN_INT.c ****     *  Error interrupt flag. Only generated if Bit Stuff Error Interrupt enable
 142:Generated_Source\PSoC5/VehicleCAN_INT.c ****     *  in Customizer.
 143:Generated_Source\PSoC5/VehicleCAN_INT.c ****     *
 144:Generated_Source\PSoC5/VehicleCAN_INT.c ****     * Parameters:
ARM GAS  C:\Users\bchir\AppData\Local\Temp\ccoLzTcj.s 			page 4


 145:Generated_Source\PSoC5/VehicleCAN_INT.c ****     *  None.
 146:Generated_Source\PSoC5/VehicleCAN_INT.c ****     *
 147:Generated_Source\PSoC5/VehicleCAN_INT.c ****     * Return:
 148:Generated_Source\PSoC5/VehicleCAN_INT.c ****     *  None.
 149:Generated_Source\PSoC5/VehicleCAN_INT.c ****     *
 150:Generated_Source\PSoC5/VehicleCAN_INT.c ****     * Reentrant:
 151:Generated_Source\PSoC5/VehicleCAN_INT.c ****     *  Depends on Customer code.
 152:Generated_Source\PSoC5/VehicleCAN_INT.c ****     *
 153:Generated_Source\PSoC5/VehicleCAN_INT.c ****     *******************************************************************************/
 154:Generated_Source\PSoC5/VehicleCAN_INT.c ****     void VehicleCAN_BitStuffErrorIsr(void) 
 155:Generated_Source\PSoC5/VehicleCAN_INT.c ****     {
 156:Generated_Source\PSoC5/VehicleCAN_INT.c ****         /* Clear Stuff Error flag */
 157:Generated_Source\PSoC5/VehicleCAN_INT.c ****         VehicleCAN_INT_SR_REG.byte[0u] = VehicleCAN_STUFF_ERROR_MASK;
 158:Generated_Source\PSoC5/VehicleCAN_INT.c **** 
 159:Generated_Source\PSoC5/VehicleCAN_INT.c ****         /* `#START BIT_STUFF_ERROR_ISR` */
 160:Generated_Source\PSoC5/VehicleCAN_INT.c **** 
 161:Generated_Source\PSoC5/VehicleCAN_INT.c ****         /* `#END` */
 162:Generated_Source\PSoC5/VehicleCAN_INT.c **** 
 163:Generated_Source\PSoC5/VehicleCAN_INT.c ****         #ifdef VehicleCAN_BIT_STUFF_ERROR_ISR_CALLBACK
 164:Generated_Source\PSoC5/VehicleCAN_INT.c ****             VehicleCAN_BitStuffErrorIsr_Callback();
 165:Generated_Source\PSoC5/VehicleCAN_INT.c ****         #endif /* VehicleCAN_BIT_STUFF_ERROR_ISR_CALLBACK */
 166:Generated_Source\PSoC5/VehicleCAN_INT.c ****     }
 167:Generated_Source\PSoC5/VehicleCAN_INT.c **** #endif /* VehicleCAN_STUFF_ERR */
 168:Generated_Source\PSoC5/VehicleCAN_INT.c **** 
 169:Generated_Source\PSoC5/VehicleCAN_INT.c **** 
 170:Generated_Source\PSoC5/VehicleCAN_INT.c **** #if (VehicleCAN_ACK_ERR)
 171:Generated_Source\PSoC5/VehicleCAN_INT.c ****     /*******************************************************************************
 172:Generated_Source\PSoC5/VehicleCAN_INT.c ****     * FUNCTION NAME:   VehicleCAN_AckErrorIsr
 173:Generated_Source\PSoC5/VehicleCAN_INT.c ****     ********************************************************************************
 174:Generated_Source\PSoC5/VehicleCAN_INT.c ****     *
 175:Generated_Source\PSoC5/VehicleCAN_INT.c ****     * Summary:
 176:Generated_Source\PSoC5/VehicleCAN_INT.c ****     *  This function is entry point to Acknowledge Error Interrupt. Clears
 177:Generated_Source\PSoC5/VehicleCAN_INT.c ****     *  Acknowledge Error interrupt flag. Only generated if Acknowledge Error
 178:Generated_Source\PSoC5/VehicleCAN_INT.c ****     *  Interrupt enable in Customizer.
 179:Generated_Source\PSoC5/VehicleCAN_INT.c ****     *
 180:Generated_Source\PSoC5/VehicleCAN_INT.c ****     * Parameters:
 181:Generated_Source\PSoC5/VehicleCAN_INT.c ****     *  None.
 182:Generated_Source\PSoC5/VehicleCAN_INT.c ****     *
 183:Generated_Source\PSoC5/VehicleCAN_INT.c ****     * Return:
 184:Generated_Source\PSoC5/VehicleCAN_INT.c ****     *  None.
 185:Generated_Source\PSoC5/VehicleCAN_INT.c ****     *
 186:Generated_Source\PSoC5/VehicleCAN_INT.c ****     * Reentrant:
 187:Generated_Source\PSoC5/VehicleCAN_INT.c ****     *  Depends on Customer code.
 188:Generated_Source\PSoC5/VehicleCAN_INT.c ****     *
 189:Generated_Source\PSoC5/VehicleCAN_INT.c ****     *******************************************************************************/
 190:Generated_Source\PSoC5/VehicleCAN_INT.c ****     void VehicleCAN_AckErrorIsr(void) 
 191:Generated_Source\PSoC5/VehicleCAN_INT.c ****     {
 192:Generated_Source\PSoC5/VehicleCAN_INT.c ****         /* Clear Acknoledge Error flag */
 193:Generated_Source\PSoC5/VehicleCAN_INT.c ****         VehicleCAN_INT_SR_REG.byte[0u] = VehicleCAN_ACK_ERROR_MASK;
 194:Generated_Source\PSoC5/VehicleCAN_INT.c **** 
 195:Generated_Source\PSoC5/VehicleCAN_INT.c ****         /* `#START ACKNOWLEDGE_ERROR_ISR` */
 196:Generated_Source\PSoC5/VehicleCAN_INT.c **** 
 197:Generated_Source\PSoC5/VehicleCAN_INT.c ****         /* `#END` */
 198:Generated_Source\PSoC5/VehicleCAN_INT.c **** 
 199:Generated_Source\PSoC5/VehicleCAN_INT.c ****         #ifdef VehicleCAN_ACK_ERROR_ISR_CALLBACK
 200:Generated_Source\PSoC5/VehicleCAN_INT.c ****             VehicleCAN_AckErrorIsr_Callback();
 201:Generated_Source\PSoC5/VehicleCAN_INT.c ****         #endif /* VehicleCAN_ACK_ERROR_ISR_CALLBACK */
ARM GAS  C:\Users\bchir\AppData\Local\Temp\ccoLzTcj.s 			page 5


 202:Generated_Source\PSoC5/VehicleCAN_INT.c ****     }
 203:Generated_Source\PSoC5/VehicleCAN_INT.c **** #endif /* VehicleCAN_ACK_ERR */
 204:Generated_Source\PSoC5/VehicleCAN_INT.c **** 
 205:Generated_Source\PSoC5/VehicleCAN_INT.c **** 
 206:Generated_Source\PSoC5/VehicleCAN_INT.c **** #if (VehicleCAN_FORM_ERR)
 207:Generated_Source\PSoC5/VehicleCAN_INT.c ****     /*******************************************************************************
 208:Generated_Source\PSoC5/VehicleCAN_INT.c ****     * FUNCTION NAME:   VehicleCAN_MsgErrorIsr
 209:Generated_Source\PSoC5/VehicleCAN_INT.c ****     ********************************************************************************
 210:Generated_Source\PSoC5/VehicleCAN_INT.c ****     *
 211:Generated_Source\PSoC5/VehicleCAN_INT.c ****     * Summary:
 212:Generated_Source\PSoC5/VehicleCAN_INT.c ****     *  This function is entry point to Form Error Interrupt. Clears Form Error
 213:Generated_Source\PSoC5/VehicleCAN_INT.c ****     *  interrupt flag. Only generated if Form Error Interrupt enable in Customizer.
 214:Generated_Source\PSoC5/VehicleCAN_INT.c ****     *
 215:Generated_Source\PSoC5/VehicleCAN_INT.c ****     * Parameters:
 216:Generated_Source\PSoC5/VehicleCAN_INT.c ****     *  None.
 217:Generated_Source\PSoC5/VehicleCAN_INT.c ****     *
 218:Generated_Source\PSoC5/VehicleCAN_INT.c ****     * Return:
 219:Generated_Source\PSoC5/VehicleCAN_INT.c ****     *  None.
 220:Generated_Source\PSoC5/VehicleCAN_INT.c ****     *
 221:Generated_Source\PSoC5/VehicleCAN_INT.c ****     * Reentrant:
 222:Generated_Source\PSoC5/VehicleCAN_INT.c ****     *  Depends on Customer code.
 223:Generated_Source\PSoC5/VehicleCAN_INT.c ****     *
 224:Generated_Source\PSoC5/VehicleCAN_INT.c ****     *******************************************************************************/
 225:Generated_Source\PSoC5/VehicleCAN_INT.c ****     void VehicleCAN_MsgErrorIsr(void) 
 226:Generated_Source\PSoC5/VehicleCAN_INT.c ****     {
 227:Generated_Source\PSoC5/VehicleCAN_INT.c ****         /* Clear Form Error flag */
 228:Generated_Source\PSoC5/VehicleCAN_INT.c ****         VehicleCAN_INT_SR_REG.byte[0u] = VehicleCAN_FORM_ERROR_MASK;
 229:Generated_Source\PSoC5/VehicleCAN_INT.c **** 
 230:Generated_Source\PSoC5/VehicleCAN_INT.c ****         /* `#START MESSAGE_ERROR_ISR` */
 231:Generated_Source\PSoC5/VehicleCAN_INT.c **** 
 232:Generated_Source\PSoC5/VehicleCAN_INT.c ****         /* `#END` */
 233:Generated_Source\PSoC5/VehicleCAN_INT.c **** 
 234:Generated_Source\PSoC5/VehicleCAN_INT.c ****         #ifdef VehicleCAN_MSG_ERROR_ISR_CALLBACK
 235:Generated_Source\PSoC5/VehicleCAN_INT.c ****             VehicleCAN_MsgErrorIsr_Callback();
 236:Generated_Source\PSoC5/VehicleCAN_INT.c ****         #endif /* VehicleCAN_MSG_ERROR_ISR_CALLBACK */
 237:Generated_Source\PSoC5/VehicleCAN_INT.c ****     }
 238:Generated_Source\PSoC5/VehicleCAN_INT.c **** #endif /* VehicleCAN_FORM_ERR */
 239:Generated_Source\PSoC5/VehicleCAN_INT.c **** 
 240:Generated_Source\PSoC5/VehicleCAN_INT.c **** 
 241:Generated_Source\PSoC5/VehicleCAN_INT.c **** #if (VehicleCAN_CRC_ERR)
 242:Generated_Source\PSoC5/VehicleCAN_INT.c ****     /*******************************************************************************
 243:Generated_Source\PSoC5/VehicleCAN_INT.c ****     * FUNCTION NAME:   VehicleCAN_CrcErrorIsr
 244:Generated_Source\PSoC5/VehicleCAN_INT.c ****     ********************************************************************************
 245:Generated_Source\PSoC5/VehicleCAN_INT.c ****     *
 246:Generated_Source\PSoC5/VehicleCAN_INT.c ****     * Summary:
 247:Generated_Source\PSoC5/VehicleCAN_INT.c ****     *  This function is entry point to CRC Error Interrupt. Clears CRC Error
 248:Generated_Source\PSoC5/VehicleCAN_INT.c ****     *  interrupt flag. Only generated if CRC Error Interrupt enable in Customizer.
 249:Generated_Source\PSoC5/VehicleCAN_INT.c ****     *
 250:Generated_Source\PSoC5/VehicleCAN_INT.c ****     * Parameters:
 251:Generated_Source\PSoC5/VehicleCAN_INT.c ****     *  None.
 252:Generated_Source\PSoC5/VehicleCAN_INT.c ****     *
 253:Generated_Source\PSoC5/VehicleCAN_INT.c ****     * Return:
 254:Generated_Source\PSoC5/VehicleCAN_INT.c ****     *  None.
 255:Generated_Source\PSoC5/VehicleCAN_INT.c ****     *
 256:Generated_Source\PSoC5/VehicleCAN_INT.c ****     * Reentrant:
 257:Generated_Source\PSoC5/VehicleCAN_INT.c ****     *  Depends on Customer code.
 258:Generated_Source\PSoC5/VehicleCAN_INT.c ****     *
ARM GAS  C:\Users\bchir\AppData\Local\Temp\ccoLzTcj.s 			page 6


 259:Generated_Source\PSoC5/VehicleCAN_INT.c ****     *******************************************************************************/
 260:Generated_Source\PSoC5/VehicleCAN_INT.c ****     void VehicleCAN_CrcErrorIsr(void) 
 261:Generated_Source\PSoC5/VehicleCAN_INT.c ****     {
 262:Generated_Source\PSoC5/VehicleCAN_INT.c ****         /* Clear CRC Error flag */
 263:Generated_Source\PSoC5/VehicleCAN_INT.c ****         VehicleCAN_INT_SR_REG.byte[1u] = VehicleCAN_CRC_ERROR_MASK;
 264:Generated_Source\PSoC5/VehicleCAN_INT.c **** 
 265:Generated_Source\PSoC5/VehicleCAN_INT.c ****         /* `#START CRC_ERROR_ISR` */
 266:Generated_Source\PSoC5/VehicleCAN_INT.c **** 
 267:Generated_Source\PSoC5/VehicleCAN_INT.c ****         /* `#END` */
 268:Generated_Source\PSoC5/VehicleCAN_INT.c **** 
 269:Generated_Source\PSoC5/VehicleCAN_INT.c ****         #ifdef VehicleCAN_CRC_ERROR_ISR_CALLBACK
 270:Generated_Source\PSoC5/VehicleCAN_INT.c ****             VehicleCAN_CrcErrorIsr_Callback();
 271:Generated_Source\PSoC5/VehicleCAN_INT.c ****         #endif /* VehicleCAN_CRC_ERROR_ISR_CALLBACK */
 272:Generated_Source\PSoC5/VehicleCAN_INT.c ****     }
 273:Generated_Source\PSoC5/VehicleCAN_INT.c **** #endif /* VehicleCAN_CRC_ERR */
 274:Generated_Source\PSoC5/VehicleCAN_INT.c **** 
 275:Generated_Source\PSoC5/VehicleCAN_INT.c **** 
 276:Generated_Source\PSoC5/VehicleCAN_INT.c **** #if (VehicleCAN_BUS_OFF)
 277:Generated_Source\PSoC5/VehicleCAN_INT.c ****     /*******************************************************************************
 278:Generated_Source\PSoC5/VehicleCAN_INT.c ****     * FUNCTION NAME:   VehicleCAN_BusOffIsr
 279:Generated_Source\PSoC5/VehicleCAN_INT.c ****     ********************************************************************************
 280:Generated_Source\PSoC5/VehicleCAN_INT.c ****     *
 281:Generated_Source\PSoC5/VehicleCAN_INT.c ****     * Summary:
 282:Generated_Source\PSoC5/VehicleCAN_INT.c ****     *  This function is entry point to Bus Off Interrupt. Places CAN Component
 283:Generated_Source\PSoC5/VehicleCAN_INT.c ****     *  to Stop mode. Only generated if Bus Off Interrupt enable in Customizer.
 284:Generated_Source\PSoC5/VehicleCAN_INT.c ****     *  Recommended setting to enable this interrupt.
 285:Generated_Source\PSoC5/VehicleCAN_INT.c ****     *
 286:Generated_Source\PSoC5/VehicleCAN_INT.c ****     * Parameters:
 287:Generated_Source\PSoC5/VehicleCAN_INT.c ****     *  None.
 288:Generated_Source\PSoC5/VehicleCAN_INT.c ****     *
 289:Generated_Source\PSoC5/VehicleCAN_INT.c ****     * Return:
 290:Generated_Source\PSoC5/VehicleCAN_INT.c ****     *  None.
 291:Generated_Source\PSoC5/VehicleCAN_INT.c ****     *
 292:Generated_Source\PSoC5/VehicleCAN_INT.c ****     * Side Effects:
 293:Generated_Source\PSoC5/VehicleCAN_INT.c ****     *  Stops CAN component operation.
 294:Generated_Source\PSoC5/VehicleCAN_INT.c ****     *
 295:Generated_Source\PSoC5/VehicleCAN_INT.c ****     *******************************************************************************/
 296:Generated_Source\PSoC5/VehicleCAN_INT.c ****     void VehicleCAN_BusOffIsr(void) 
 297:Generated_Source\PSoC5/VehicleCAN_INT.c ****     {
  28              		.loc 1 297 0
  29              		.cfi_startproc
  30              		@ args = 0, pretend = 0, frame = 0
  31              		@ frame_needed = 0, uses_anonymous_args = 0
  32 0000 08B5     		push	{r3, lr}
  33              		.cfi_def_cfa_offset 8
  34              		.cfi_offset 3, -8
  35              		.cfi_offset 14, -4
 298:Generated_Source\PSoC5/VehicleCAN_INT.c ****         /* Clear Bus Off flag */
 299:Generated_Source\PSoC5/VehicleCAN_INT.c ****         VehicleCAN_INT_SR_REG.byte[1u] = VehicleCAN_BUS_OFF_MASK;
  36              		.loc 1 299 0
  37 0002 0222     		movs	r2, #2
  38 0004 034B     		ldr	r3, .L3
  39 0006 5A70     		strb	r2, [r3, #1]
 300:Generated_Source\PSoC5/VehicleCAN_INT.c ****         (void) VehicleCAN_GlobalIntDisable();
  40              		.loc 1 300 0
  41 0008 FFF7FEFF 		bl	VehicleCAN_GlobalIntDisable
  42              	.LVL0:
ARM GAS  C:\Users\bchir\AppData\Local\Temp\ccoLzTcj.s 			page 7


 301:Generated_Source\PSoC5/VehicleCAN_INT.c **** 
 302:Generated_Source\PSoC5/VehicleCAN_INT.c ****         /* `#START BUS_OFF_ISR` */
 303:Generated_Source\PSoC5/VehicleCAN_INT.c **** 
 304:Generated_Source\PSoC5/VehicleCAN_INT.c ****         /* `#END` */
 305:Generated_Source\PSoC5/VehicleCAN_INT.c **** 
 306:Generated_Source\PSoC5/VehicleCAN_INT.c ****         #ifdef VehicleCAN_BUS_OFF_ISR_CALLBACK
 307:Generated_Source\PSoC5/VehicleCAN_INT.c ****             VehicleCAN_BusOffIsr_Callback();
 308:Generated_Source\PSoC5/VehicleCAN_INT.c ****         #endif /* VehicleCAN_BUS_OFF_ISR_CALLBACK */
 309:Generated_Source\PSoC5/VehicleCAN_INT.c **** 
 310:Generated_Source\PSoC5/VehicleCAN_INT.c ****         (void) VehicleCAN_Stop();
  43              		.loc 1 310 0
  44 000c FFF7FEFF 		bl	VehicleCAN_Stop
  45              	.LVL1:
  46 0010 08BD     		pop	{r3, pc}
  47              	.L4:
  48 0012 00BF     		.align	2
  49              	.L3:
  50 0014 00A00040 		.word	1073782784
  51              		.cfi_endproc
  52              	.LFE0:
  53              		.size	VehicleCAN_BusOffIsr, .-VehicleCAN_BusOffIsr
  54              		.section	.text.VehicleCAN_MsgLostIsr,"ax",%progbits
  55              		.align	2
  56              		.global	VehicleCAN_MsgLostIsr
  57              		.thumb
  58              		.thumb_func
  59              		.type	VehicleCAN_MsgLostIsr, %function
  60              	VehicleCAN_MsgLostIsr:
  61              	.LFB1:
 311:Generated_Source\PSoC5/VehicleCAN_INT.c ****     }
 312:Generated_Source\PSoC5/VehicleCAN_INT.c **** #endif /* VehicleCAN_BUS_OFF */
 313:Generated_Source\PSoC5/VehicleCAN_INT.c **** 
 314:Generated_Source\PSoC5/VehicleCAN_INT.c **** 
 315:Generated_Source\PSoC5/VehicleCAN_INT.c **** #if (VehicleCAN_RX_MSG_LOST)
 316:Generated_Source\PSoC5/VehicleCAN_INT.c ****     /*******************************************************************************
 317:Generated_Source\PSoC5/VehicleCAN_INT.c ****     * FUNCTION NAME:   VehicleCAN_MsgLostIsr
 318:Generated_Source\PSoC5/VehicleCAN_INT.c ****     ********************************************************************************
 319:Generated_Source\PSoC5/VehicleCAN_INT.c ****     *
 320:Generated_Source\PSoC5/VehicleCAN_INT.c ****     * Summary:
 321:Generated_Source\PSoC5/VehicleCAN_INT.c ****     *  This function is entry point to Message Lost Interrupt. Clears Message Lost
 322:Generated_Source\PSoC5/VehicleCAN_INT.c ****     *  interrupt flag. Only generated if Message Lost Interrupt enable in Customizer
 323:Generated_Source\PSoC5/VehicleCAN_INT.c ****     *
 324:Generated_Source\PSoC5/VehicleCAN_INT.c ****     * Parameters:
 325:Generated_Source\PSoC5/VehicleCAN_INT.c ****     *  None.
 326:Generated_Source\PSoC5/VehicleCAN_INT.c ****     *
 327:Generated_Source\PSoC5/VehicleCAN_INT.c ****     * Return:
 328:Generated_Source\PSoC5/VehicleCAN_INT.c ****     *  None.
 329:Generated_Source\PSoC5/VehicleCAN_INT.c ****     *
 330:Generated_Source\PSoC5/VehicleCAN_INT.c ****     * Reentrant:
 331:Generated_Source\PSoC5/VehicleCAN_INT.c ****     *  Depends on Customer code.
 332:Generated_Source\PSoC5/VehicleCAN_INT.c ****     *
 333:Generated_Source\PSoC5/VehicleCAN_INT.c ****     *******************************************************************************/
 334:Generated_Source\PSoC5/VehicleCAN_INT.c ****     void VehicleCAN_MsgLostIsr(void) 
 335:Generated_Source\PSoC5/VehicleCAN_INT.c ****     {
  62              		.loc 1 335 0
  63              		.cfi_startproc
  64              		@ args = 0, pretend = 0, frame = 0
ARM GAS  C:\Users\bchir\AppData\Local\Temp\ccoLzTcj.s 			page 8


  65              		@ frame_needed = 0, uses_anonymous_args = 0
  66              		@ link register save eliminated.
 336:Generated_Source\PSoC5/VehicleCAN_INT.c ****         /* Clear Receive Message Lost flag */
 337:Generated_Source\PSoC5/VehicleCAN_INT.c ****         VehicleCAN_INT_SR_REG.byte[1u] = VehicleCAN_RX_MSG_LOST_MASK;
  67              		.loc 1 337 0
  68 0000 0422     		movs	r2, #4
  69 0002 014B     		ldr	r3, .L6
  70 0004 5A70     		strb	r2, [r3, #1]
  71 0006 7047     		bx	lr
  72              	.L7:
  73              		.align	2
  74              	.L6:
  75 0008 00A00040 		.word	1073782784
  76              		.cfi_endproc
  77              	.LFE1:
  78              		.size	VehicleCAN_MsgLostIsr, .-VehicleCAN_MsgLostIsr
  79              		.section	.text.VehicleCAN_MsgRXIsr,"ax",%progbits
  80              		.align	2
  81              		.global	VehicleCAN_MsgRXIsr
  82              		.thumb
  83              		.thumb_func
  84              		.type	VehicleCAN_MsgRXIsr, %function
  85              	VehicleCAN_MsgRXIsr:
  86              	.LFB2:
 338:Generated_Source\PSoC5/VehicleCAN_INT.c **** 
 339:Generated_Source\PSoC5/VehicleCAN_INT.c ****         /* `#START MESSAGE_LOST_ISR` */
 340:Generated_Source\PSoC5/VehicleCAN_INT.c **** 
 341:Generated_Source\PSoC5/VehicleCAN_INT.c ****         /* `#END` */
 342:Generated_Source\PSoC5/VehicleCAN_INT.c **** 
 343:Generated_Source\PSoC5/VehicleCAN_INT.c ****         #ifdef VehicleCAN_MSG_LOST_ISR_CALLBACK
 344:Generated_Source\PSoC5/VehicleCAN_INT.c ****             VehicleCAN_MsgLostIsr_Callback();
 345:Generated_Source\PSoC5/VehicleCAN_INT.c ****         #endif /* VehicleCAN_MSG_LOST_ISR_CALLBACK */
 346:Generated_Source\PSoC5/VehicleCAN_INT.c ****     }
 347:Generated_Source\PSoC5/VehicleCAN_INT.c **** #endif /* VehicleCAN_RX_MSG_LOST */
 348:Generated_Source\PSoC5/VehicleCAN_INT.c **** 
 349:Generated_Source\PSoC5/VehicleCAN_INT.c **** 
 350:Generated_Source\PSoC5/VehicleCAN_INT.c **** #if (VehicleCAN_TX_MESSAGE)
 351:Generated_Source\PSoC5/VehicleCAN_INT.c ****     /*******************************************************************************
 352:Generated_Source\PSoC5/VehicleCAN_INT.c ****     * FUNCTION NAME:   VehicleCAN_MsgTXIsr
 353:Generated_Source\PSoC5/VehicleCAN_INT.c ****     ********************************************************************************
 354:Generated_Source\PSoC5/VehicleCAN_INT.c ****     *
 355:Generated_Source\PSoC5/VehicleCAN_INT.c ****     * Summary:
 356:Generated_Source\PSoC5/VehicleCAN_INT.c ****     *  This function is entry point to Transmit Message Interrupt. Clears Transmit
 357:Generated_Source\PSoC5/VehicleCAN_INT.c ****     *  Message interrupt flag. Only generated if Transmit Message Interrupt enable
 358:Generated_Source\PSoC5/VehicleCAN_INT.c ****     *  in Customizer.
 359:Generated_Source\PSoC5/VehicleCAN_INT.c ****     *
 360:Generated_Source\PSoC5/VehicleCAN_INT.c ****     * Parameters:
 361:Generated_Source\PSoC5/VehicleCAN_INT.c ****     *  None.
 362:Generated_Source\PSoC5/VehicleCAN_INT.c ****     *
 363:Generated_Source\PSoC5/VehicleCAN_INT.c ****     * Return:
 364:Generated_Source\PSoC5/VehicleCAN_INT.c ****     *  None.
 365:Generated_Source\PSoC5/VehicleCAN_INT.c ****     *
 366:Generated_Source\PSoC5/VehicleCAN_INT.c ****     * Reentrant:
 367:Generated_Source\PSoC5/VehicleCAN_INT.c ****     *  Depends on Customer code.
 368:Generated_Source\PSoC5/VehicleCAN_INT.c ****     *
 369:Generated_Source\PSoC5/VehicleCAN_INT.c ****     *******************************************************************************/
 370:Generated_Source\PSoC5/VehicleCAN_INT.c ****     void VehicleCAN_MsgTXIsr(void) 
ARM GAS  C:\Users\bchir\AppData\Local\Temp\ccoLzTcj.s 			page 9


 371:Generated_Source\PSoC5/VehicleCAN_INT.c ****     {
 372:Generated_Source\PSoC5/VehicleCAN_INT.c ****         /* Clear Transmit Message flag */
 373:Generated_Source\PSoC5/VehicleCAN_INT.c ****         VehicleCAN_INT_SR_REG.byte[1u] = VehicleCAN_TX_MESSAGE_MASK;
 374:Generated_Source\PSoC5/VehicleCAN_INT.c **** 
 375:Generated_Source\PSoC5/VehicleCAN_INT.c ****         /* `#START MESSAGE_TRANSMITTED_ISR` */
 376:Generated_Source\PSoC5/VehicleCAN_INT.c **** 
 377:Generated_Source\PSoC5/VehicleCAN_INT.c ****         /* `#END` */
 378:Generated_Source\PSoC5/VehicleCAN_INT.c **** 
 379:Generated_Source\PSoC5/VehicleCAN_INT.c ****         #ifdef VehicleCAN_MSG_TX_ISR_CALLBACK
 380:Generated_Source\PSoC5/VehicleCAN_INT.c ****             VehicleCAN_MsgTXIsr_Callback();
 381:Generated_Source\PSoC5/VehicleCAN_INT.c ****         #endif /* VehicleCAN_MSG_TX_ISR_CALLBACK */
 382:Generated_Source\PSoC5/VehicleCAN_INT.c ****     }
 383:Generated_Source\PSoC5/VehicleCAN_INT.c **** #endif /* VehicleCAN_TX_MESSAGE */
 384:Generated_Source\PSoC5/VehicleCAN_INT.c **** 
 385:Generated_Source\PSoC5/VehicleCAN_INT.c **** 
 386:Generated_Source\PSoC5/VehicleCAN_INT.c **** #if (VehicleCAN_RX_MESSAGE)
 387:Generated_Source\PSoC5/VehicleCAN_INT.c ****     /*******************************************************************************
 388:Generated_Source\PSoC5/VehicleCAN_INT.c ****     * FUNCTION NAME:   VehicleCAN_MsgRXIsr
 389:Generated_Source\PSoC5/VehicleCAN_INT.c ****     ********************************************************************************
 390:Generated_Source\PSoC5/VehicleCAN_INT.c ****     *
 391:Generated_Source\PSoC5/VehicleCAN_INT.c ****     * Summary:
 392:Generated_Source\PSoC5/VehicleCAN_INT.c ****     *  This function is entry point to Receive Message Interrupt. Clears Receive
 393:Generated_Source\PSoC5/VehicleCAN_INT.c ****     *  Message interrupt flag and call appropriate handlers for Basic and Full
 394:Generated_Source\PSoC5/VehicleCAN_INT.c ****     *  interrupt based mailboxes. Only generated if Receive Message Interrupt
 395:Generated_Source\PSoC5/VehicleCAN_INT.c ****     *  enable in Customizer. Recommended setting to enable this interrupt.
 396:Generated_Source\PSoC5/VehicleCAN_INT.c ****     *
 397:Generated_Source\PSoC5/VehicleCAN_INT.c ****     * Parameters:
 398:Generated_Source\PSoC5/VehicleCAN_INT.c ****     *  None.
 399:Generated_Source\PSoC5/VehicleCAN_INT.c ****     *
 400:Generated_Source\PSoC5/VehicleCAN_INT.c ****     * Return:
 401:Generated_Source\PSoC5/VehicleCAN_INT.c ****     *  None.
 402:Generated_Source\PSoC5/VehicleCAN_INT.c ****     *
 403:Generated_Source\PSoC5/VehicleCAN_INT.c ****     *******************************************************************************/
 404:Generated_Source\PSoC5/VehicleCAN_INT.c ****     void VehicleCAN_MsgRXIsr(void) 
 405:Generated_Source\PSoC5/VehicleCAN_INT.c ****     {
  87              		.loc 1 405 0
  88              		.cfi_startproc
  89              		@ args = 0, pretend = 0, frame = 0
  90              		@ frame_needed = 0, uses_anonymous_args = 0
  91 0000 38B5     		push	{r3, r4, r5, lr}
  92              		.cfi_def_cfa_offset 16
  93              		.cfi_offset 3, -16
  94              		.cfi_offset 4, -12
  95              		.cfi_offset 5, -8
  96              		.cfi_offset 14, -4
  97              	.LVL2:
 406:Generated_Source\PSoC5/VehicleCAN_INT.c ****         uint8 mailboxNumber;
 407:Generated_Source\PSoC5/VehicleCAN_INT.c ****         uint16 shift = 0x01u;
 408:Generated_Source\PSoC5/VehicleCAN_INT.c **** 
 409:Generated_Source\PSoC5/VehicleCAN_INT.c ****         /* Clear Receive Message flag */
 410:Generated_Source\PSoC5/VehicleCAN_INT.c ****         VehicleCAN_INT_SR_REG.byte[1u] = VehicleCAN_RX_MESSAGE_MASK;
  98              		.loc 1 410 0
  99 0002 1022     		movs	r2, #16
 100 0004 0C4B     		ldr	r3, .L13
 101 0006 5A70     		strb	r2, [r3, #1]
 102              	.LVL3:
 407:Generated_Source\PSoC5/VehicleCAN_INT.c **** 
ARM GAS  C:\Users\bchir\AppData\Local\Temp\ccoLzTcj.s 			page 10


 103              		.loc 1 407 0
 104 0008 0125     		movs	r5, #1
 411:Generated_Source\PSoC5/VehicleCAN_INT.c **** 
 412:Generated_Source\PSoC5/VehicleCAN_INT.c ****         /* `#START MESSAGE_RECEIVE_ISR` */
 413:Generated_Source\PSoC5/VehicleCAN_INT.c **** 
 414:Generated_Source\PSoC5/VehicleCAN_INT.c ****         /* `#END` */
 415:Generated_Source\PSoC5/VehicleCAN_INT.c **** 
 416:Generated_Source\PSoC5/VehicleCAN_INT.c ****         #ifdef VehicleCAN_MSG_RX_ISR_CALLBACK
 417:Generated_Source\PSoC5/VehicleCAN_INT.c ****             VehicleCAN_MsgRXIsr_Callback();
 418:Generated_Source\PSoC5/VehicleCAN_INT.c ****         #endif /* VehicleCAN_MSG_RX_ISR_CALLBACK */
 419:Generated_Source\PSoC5/VehicleCAN_INT.c **** 
 420:Generated_Source\PSoC5/VehicleCAN_INT.c ****         for (mailboxNumber = 0u; mailboxNumber < VehicleCAN_NUMBER_OF_RX_MAILBOXES; mailboxNumber++
 105              		.loc 1 420 0
 106 000a 0024     		movs	r4, #0
 107 000c 10E0     		b	.L9
 108              	.LVL4:
 109              	.L11:
 421:Generated_Source\PSoC5/VehicleCAN_INT.c ****         {
 422:Generated_Source\PSoC5/VehicleCAN_INT.c ****             if ((CY_GET_REG16((reg16 *) &VehicleCAN_BUF_SR_REG.byte[0u]) & shift) != 0u)
 110              		.loc 1 422 0
 111 000e 0B4B     		ldr	r3, .L13+4
 112 0010 1B88     		ldrh	r3, [r3]
 113 0012 1D42     		tst	r5, r3
 114 0014 08D0     		beq	.L10
 423:Generated_Source\PSoC5/VehicleCAN_INT.c ****             {
 424:Generated_Source\PSoC5/VehicleCAN_INT.c ****                 if ((VehicleCAN_RX[mailboxNumber].rxcmd.byte[0u] & VehicleCAN_RX_INT_ENABLE_MASK) !
 115              		.loc 1 424 0
 116 0016 6301     		lsls	r3, r4, #5
 117 0018 094A     		ldr	r2, .L13+8
 118 001a 9B5C     		ldrb	r3, [r3, r2]	@ zero_extendqisi2
 119 001c 13F0200F 		tst	r3, #32
 120 0020 02D0     		beq	.L10
 425:Generated_Source\PSoC5/VehicleCAN_INT.c ****                 {
 426:Generated_Source\PSoC5/VehicleCAN_INT.c ****                     if ((VehicleCAN_RX_MAILBOX_TYPE & shift) != 0u)
 427:Generated_Source\PSoC5/VehicleCAN_INT.c ****                     {
 428:Generated_Source\PSoC5/VehicleCAN_INT.c ****                         /* RX Full mailboxes handler */
 429:Generated_Source\PSoC5/VehicleCAN_INT.c ****                     }
 430:Generated_Source\PSoC5/VehicleCAN_INT.c ****                     else
 431:Generated_Source\PSoC5/VehicleCAN_INT.c ****                     {
 432:Generated_Source\PSoC5/VehicleCAN_INT.c ****                         /* RX Basic mailbox handler */
 433:Generated_Source\PSoC5/VehicleCAN_INT.c ****                         VehicleCAN_ReceiveMsg(mailboxNumber);
 121              		.loc 1 433 0
 122 0022 2046     		mov	r0, r4
 123 0024 FFF7FEFF 		bl	VehicleCAN_ReceiveMsg
 124              	.LVL5:
 125              	.L10:
 434:Generated_Source\PSoC5/VehicleCAN_INT.c ****                     }
 435:Generated_Source\PSoC5/VehicleCAN_INT.c ****                 }
 436:Generated_Source\PSoC5/VehicleCAN_INT.c ****             }
 437:Generated_Source\PSoC5/VehicleCAN_INT.c ****             shift <<= 1u;
 126              		.loc 1 437 0 discriminator 2
 127 0028 6D00     		lsls	r5, r5, #1
 128              	.LVL6:
 129 002a ADB2     		uxth	r5, r5
 130              	.LVL7:
 420:Generated_Source\PSoC5/VehicleCAN_INT.c ****         {
 131              		.loc 1 420 0 discriminator 2
ARM GAS  C:\Users\bchir\AppData\Local\Temp\ccoLzTcj.s 			page 11


 132 002c 0134     		adds	r4, r4, #1
 133              	.LVL8:
 134 002e E4B2     		uxtb	r4, r4
 135              	.LVL9:
 136              	.L9:
 420:Generated_Source\PSoC5/VehicleCAN_INT.c ****         {
 137              		.loc 1 420 0 is_stmt 0 discriminator 1
 138 0030 0F2C     		cmp	r4, #15
 139 0032 ECD9     		bls	.L11
 438:Generated_Source\PSoC5/VehicleCAN_INT.c ****         }
 439:Generated_Source\PSoC5/VehicleCAN_INT.c ****     }
 140              		.loc 1 439 0 is_stmt 1
 141 0034 38BD     		pop	{r3, r4, r5, pc}
 142              	.LVL10:
 143              	.L14:
 144 0036 00BF     		.align	2
 145              	.L13:
 146 0038 00A00040 		.word	1073782784
 147 003c 08A00040 		.word	1073782792
 148 0040 A0A00040 		.word	1073782944
 149              		.cfi_endproc
 150              	.LFE2:
 151              		.size	VehicleCAN_MsgRXIsr, .-VehicleCAN_MsgRXIsr
 152              		.section	.text.VehicleCAN_ISR,"ax",%progbits
 153              		.align	2
 154              		.global	VehicleCAN_ISR
 155              		.thumb
 156              		.thumb_func
 157              		.type	VehicleCAN_ISR, %function
 158              	VehicleCAN_ISR:
 159              	.LFB3:
 440:Generated_Source\PSoC5/VehicleCAN_INT.c **** #endif /* VehicleCAN_RX_MESSAGE */
 441:Generated_Source\PSoC5/VehicleCAN_INT.c **** 
 442:Generated_Source\PSoC5/VehicleCAN_INT.c **** 
 443:Generated_Source\PSoC5/VehicleCAN_INT.c **** /*******************************************************************************
 444:Generated_Source\PSoC5/VehicleCAN_INT.c **** * Function Name: VehicleCAN_ISR
 445:Generated_Source\PSoC5/VehicleCAN_INT.c **** ********************************************************************************
 446:Generated_Source\PSoC5/VehicleCAN_INT.c **** *
 447:Generated_Source\PSoC5/VehicleCAN_INT.c **** * Summary:
 448:Generated_Source\PSoC5/VehicleCAN_INT.c **** *  This ISR is executed when CAN Core generates and interrupt on one of events:
 449:Generated_Source\PSoC5/VehicleCAN_INT.c **** *  Arb_lost, Overload, Bit_err, Stuff_err, Ack_err, Form_err, Crc_err,
 450:Generated_Source\PSoC5/VehicleCAN_INT.c **** *  Buss_off, Rx_msg_lost, Tx_msg or Rx_msg. The interrupt sources depends
 451:Generated_Source\PSoC5/VehicleCAN_INT.c **** *  on the Customizer inputs.
 452:Generated_Source\PSoC5/VehicleCAN_INT.c **** *
 453:Generated_Source\PSoC5/VehicleCAN_INT.c **** * Parameters:
 454:Generated_Source\PSoC5/VehicleCAN_INT.c **** *  None.
 455:Generated_Source\PSoC5/VehicleCAN_INT.c **** *
 456:Generated_Source\PSoC5/VehicleCAN_INT.c **** * Return:
 457:Generated_Source\PSoC5/VehicleCAN_INT.c **** *  None.
 458:Generated_Source\PSoC5/VehicleCAN_INT.c **** *
 459:Generated_Source\PSoC5/VehicleCAN_INT.c **** *******************************************************************************/
 460:Generated_Source\PSoC5/VehicleCAN_INT.c **** CY_ISR(VehicleCAN_ISR)
 461:Generated_Source\PSoC5/VehicleCAN_INT.c **** {
 160              		.loc 1 461 0
 161              		.cfi_startproc
 162              		@ args = 0, pretend = 0, frame = 0
 163              		@ frame_needed = 0, uses_anonymous_args = 0
ARM GAS  C:\Users\bchir\AppData\Local\Temp\ccoLzTcj.s 			page 12


 164 0000 08B5     		push	{r3, lr}
 165              		.cfi_def_cfa_offset 8
 166              		.cfi_offset 3, -8
 167              		.cfi_offset 14, -4
 462:Generated_Source\PSoC5/VehicleCAN_INT.c ****     #ifdef VehicleCAN_ISR_INTERRUPT_CALLBACK
 463:Generated_Source\PSoC5/VehicleCAN_INT.c ****         VehicleCAN_ISR_InterruptCallback();
 464:Generated_Source\PSoC5/VehicleCAN_INT.c ****     #endif /* VehicleCAN_ISR_INTERRUPT_CALLBACK */
 465:Generated_Source\PSoC5/VehicleCAN_INT.c ****     
 466:Generated_Source\PSoC5/VehicleCAN_INT.c ****     /* Place your Interrupt code here. */
 467:Generated_Source\PSoC5/VehicleCAN_INT.c ****     /* `#START CAN_ISR` */
 468:Generated_Source\PSoC5/VehicleCAN_INT.c **** 
 469:Generated_Source\PSoC5/VehicleCAN_INT.c ****     /* `#END` */
 470:Generated_Source\PSoC5/VehicleCAN_INT.c ****     
 471:Generated_Source\PSoC5/VehicleCAN_INT.c ****     /* Arbitration */
 472:Generated_Source\PSoC5/VehicleCAN_INT.c ****     #if (VehicleCAN_ARB_LOST && (VehicleCAN_ARB_LOST_USE_HELPER || \
 473:Generated_Source\PSoC5/VehicleCAN_INT.c ****         (!VehicleCAN_ADVANCED_INTERRUPT_CFG)))
 474:Generated_Source\PSoC5/VehicleCAN_INT.c ****         if ((VehicleCAN_INT_SR_REG.byte[0u] & VehicleCAN_ARBITRATION_LOST_MASK) != 0u)
 475:Generated_Source\PSoC5/VehicleCAN_INT.c ****         {
 476:Generated_Source\PSoC5/VehicleCAN_INT.c ****             VehicleCAN_ArbLostIsr();
 477:Generated_Source\PSoC5/VehicleCAN_INT.c ****         }
 478:Generated_Source\PSoC5/VehicleCAN_INT.c ****     #endif /* VehicleCAN_ARB_LOST && VehicleCAN_ARB_LOST_USE_HELPER */
 479:Generated_Source\PSoC5/VehicleCAN_INT.c **** 
 480:Generated_Source\PSoC5/VehicleCAN_INT.c ****     /* Overload Error */
 481:Generated_Source\PSoC5/VehicleCAN_INT.c ****     #if (VehicleCAN_OVERLOAD && (VehicleCAN_OVERLOAD_USE_HELPER || \
 482:Generated_Source\PSoC5/VehicleCAN_INT.c ****         (!VehicleCAN_ADVANCED_INTERRUPT_CFG)))
 483:Generated_Source\PSoC5/VehicleCAN_INT.c ****         if ((VehicleCAN_INT_SR_REG.byte[0u] & VehicleCAN_OVERLOAD_ERROR_MASK) != 0u)
 484:Generated_Source\PSoC5/VehicleCAN_INT.c ****         {
 485:Generated_Source\PSoC5/VehicleCAN_INT.c ****             VehicleCAN_OvrLdErrorIsr();
 486:Generated_Source\PSoC5/VehicleCAN_INT.c ****         }
 487:Generated_Source\PSoC5/VehicleCAN_INT.c ****     #endif /* VehicleCAN_OVERLOAD && VehicleCAN_OVERLOAD_USE_HELPER */
 488:Generated_Source\PSoC5/VehicleCAN_INT.c **** 
 489:Generated_Source\PSoC5/VehicleCAN_INT.c ****     /* Bit Error */
 490:Generated_Source\PSoC5/VehicleCAN_INT.c ****     #if (VehicleCAN_BIT_ERR && (VehicleCAN_BIT_ERR_USE_HELPER || \
 491:Generated_Source\PSoC5/VehicleCAN_INT.c ****         (!VehicleCAN_ADVANCED_INTERRUPT_CFG)))
 492:Generated_Source\PSoC5/VehicleCAN_INT.c ****         if ((VehicleCAN_INT_SR_REG.byte[0u] & VehicleCAN_BIT_ERROR_MASK) != 0u)
 493:Generated_Source\PSoC5/VehicleCAN_INT.c ****         {
 494:Generated_Source\PSoC5/VehicleCAN_INT.c ****             VehicleCAN_BitErrorIsr();
 495:Generated_Source\PSoC5/VehicleCAN_INT.c ****         }
 496:Generated_Source\PSoC5/VehicleCAN_INT.c ****     #endif /* VehicleCAN_BIT_ERR && VehicleCAN_BIT_ERR_USE_HELPER */
 497:Generated_Source\PSoC5/VehicleCAN_INT.c **** 
 498:Generated_Source\PSoC5/VehicleCAN_INT.c ****     /* Bit Staff Error */
 499:Generated_Source\PSoC5/VehicleCAN_INT.c ****     #if (VehicleCAN_STUFF_ERR && (VehicleCAN_STUFF_ERR_USE_HELPER || \
 500:Generated_Source\PSoC5/VehicleCAN_INT.c ****         (!VehicleCAN_ADVANCED_INTERRUPT_CFG)))
 501:Generated_Source\PSoC5/VehicleCAN_INT.c ****         if ((VehicleCAN_INT_SR_REG.byte[0u] & VehicleCAN_STUFF_ERROR_MASK) != 0u)
 502:Generated_Source\PSoC5/VehicleCAN_INT.c ****         {
 503:Generated_Source\PSoC5/VehicleCAN_INT.c ****             VehicleCAN_BitStuffErrorIsr();
 504:Generated_Source\PSoC5/VehicleCAN_INT.c ****         }
 505:Generated_Source\PSoC5/VehicleCAN_INT.c ****     #endif /* VehicleCAN_STUFF_ERR && VehicleCAN_STUFF_ERR_USE_HELPER */
 506:Generated_Source\PSoC5/VehicleCAN_INT.c **** 
 507:Generated_Source\PSoC5/VehicleCAN_INT.c ****     /* ACK Error */
 508:Generated_Source\PSoC5/VehicleCAN_INT.c ****     #if (VehicleCAN_ACK_ERR && (VehicleCAN_ACK_ERR_USE_HELPER || \
 509:Generated_Source\PSoC5/VehicleCAN_INT.c ****         (!VehicleCAN_ADVANCED_INTERRUPT_CFG)))
 510:Generated_Source\PSoC5/VehicleCAN_INT.c ****         if ((VehicleCAN_INT_SR_REG.byte[0u] & VehicleCAN_ACK_ERROR_MASK) != 0u)
 511:Generated_Source\PSoC5/VehicleCAN_INT.c ****         {
 512:Generated_Source\PSoC5/VehicleCAN_INT.c ****             VehicleCAN_AckErrorIsr();
 513:Generated_Source\PSoC5/VehicleCAN_INT.c ****         }
 514:Generated_Source\PSoC5/VehicleCAN_INT.c ****     #endif /* VehicleCAN_ACK_ERR && VehicleCAN_ACK_ERR_USE_HELPER */
ARM GAS  C:\Users\bchir\AppData\Local\Temp\ccoLzTcj.s 			page 13


 515:Generated_Source\PSoC5/VehicleCAN_INT.c **** 
 516:Generated_Source\PSoC5/VehicleCAN_INT.c ****     /* Form(msg) Error */
 517:Generated_Source\PSoC5/VehicleCAN_INT.c ****     #if (VehicleCAN_FORM_ERR && (VehicleCAN_FORM_ERR_USE_HELPER || \
 518:Generated_Source\PSoC5/VehicleCAN_INT.c ****         (!VehicleCAN_ADVANCED_INTERRUPT_CFG)))
 519:Generated_Source\PSoC5/VehicleCAN_INT.c ****         if ((VehicleCAN_INT_SR_REG.byte[0u] & VehicleCAN_FORM_ERROR_MASK) != 0u)
 520:Generated_Source\PSoC5/VehicleCAN_INT.c ****         {
 521:Generated_Source\PSoC5/VehicleCAN_INT.c ****             VehicleCAN_MsgErrorIsr();
 522:Generated_Source\PSoC5/VehicleCAN_INT.c ****         }
 523:Generated_Source\PSoC5/VehicleCAN_INT.c ****     #endif /* VehicleCAN_FORM_ERR && VehicleCAN_FORM_ERR_USE_HELPER */
 524:Generated_Source\PSoC5/VehicleCAN_INT.c **** 
 525:Generated_Source\PSoC5/VehicleCAN_INT.c ****     /* CRC Error */
 526:Generated_Source\PSoC5/VehicleCAN_INT.c ****     #if (VehicleCAN_CRC_ERR && (VehicleCAN_CRC_ERR_USE_HELPER || \
 527:Generated_Source\PSoC5/VehicleCAN_INT.c ****         (!VehicleCAN_ADVANCED_INTERRUPT_CFG)))
 528:Generated_Source\PSoC5/VehicleCAN_INT.c ****         if ((VehicleCAN_INT_SR_REG.byte[1u] & VehicleCAN_CRC_ERROR_MASK) != 0u)
 529:Generated_Source\PSoC5/VehicleCAN_INT.c ****         {
 530:Generated_Source\PSoC5/VehicleCAN_INT.c ****             VehicleCAN_CrcErrorIsr();
 531:Generated_Source\PSoC5/VehicleCAN_INT.c ****         }
 532:Generated_Source\PSoC5/VehicleCAN_INT.c ****     #endif /* VehicleCAN_CRC_ERR && VehicleCAN_CRC_ERR_USE_HELPER */
 533:Generated_Source\PSoC5/VehicleCAN_INT.c **** 
 534:Generated_Source\PSoC5/VehicleCAN_INT.c ****     /* Bus Off state */
 535:Generated_Source\PSoC5/VehicleCAN_INT.c ****     #if (VehicleCAN_BUS_OFF && (VehicleCAN_BUS_OFF_USE_HELPER || \
 536:Generated_Source\PSoC5/VehicleCAN_INT.c ****         (!VehicleCAN_ADVANCED_INTERRUPT_CFG)))
 537:Generated_Source\PSoC5/VehicleCAN_INT.c ****         if ((VehicleCAN_INT_SR_REG.byte[1u] & VehicleCAN_BUS_OFF_MASK) != 0u)
 168              		.loc 1 537 0
 169 0002 0B4B     		ldr	r3, .L20
 170 0004 5B78     		ldrb	r3, [r3, #1]	@ zero_extendqisi2
 171 0006 13F0020F 		tst	r3, #2
 172 000a 01D0     		beq	.L16
 538:Generated_Source\PSoC5/VehicleCAN_INT.c ****         {
 539:Generated_Source\PSoC5/VehicleCAN_INT.c ****             VehicleCAN_BusOffIsr();
 173              		.loc 1 539 0
 174 000c FFF7FEFF 		bl	VehicleCAN_BusOffIsr
 175              	.LVL11:
 176              	.L16:
 540:Generated_Source\PSoC5/VehicleCAN_INT.c ****         }
 541:Generated_Source\PSoC5/VehicleCAN_INT.c ****     #endif /* VehicleCAN_BUS_OFF && VehicleCAN_BUS_OFF_USE_HELPER */
 542:Generated_Source\PSoC5/VehicleCAN_INT.c **** 
 543:Generated_Source\PSoC5/VehicleCAN_INT.c ****     /* Message Lost */
 544:Generated_Source\PSoC5/VehicleCAN_INT.c ****     #if (VehicleCAN_RX_MSG_LOST && (VehicleCAN_RX_MSG_LOST_USE_HELPER || \
 545:Generated_Source\PSoC5/VehicleCAN_INT.c ****         (!VehicleCAN_ADVANCED_INTERRUPT_CFG)))
 546:Generated_Source\PSoC5/VehicleCAN_INT.c ****         if ((VehicleCAN_INT_SR_REG.byte[1u] & VehicleCAN_RX_MSG_LOST_MASK) != 0u)
 177              		.loc 1 546 0
 178 0010 074B     		ldr	r3, .L20
 179 0012 5B78     		ldrb	r3, [r3, #1]	@ zero_extendqisi2
 180 0014 13F0040F 		tst	r3, #4
 181 0018 01D0     		beq	.L17
 547:Generated_Source\PSoC5/VehicleCAN_INT.c ****         {
 548:Generated_Source\PSoC5/VehicleCAN_INT.c ****             VehicleCAN_MsgLostIsr();
 182              		.loc 1 548 0
 183 001a FFF7FEFF 		bl	VehicleCAN_MsgLostIsr
 184              	.LVL12:
 185              	.L17:
 549:Generated_Source\PSoC5/VehicleCAN_INT.c ****         }
 550:Generated_Source\PSoC5/VehicleCAN_INT.c ****     #endif /* VehicleCAN_RX_MSG_LOST && VehicleCAN_RX_MSG_LOST_USE_HELPER */
 551:Generated_Source\PSoC5/VehicleCAN_INT.c **** 
 552:Generated_Source\PSoC5/VehicleCAN_INT.c ****     /* TX Message Send */
 553:Generated_Source\PSoC5/VehicleCAN_INT.c ****     #if (VehicleCAN_TX_MESSAGE && (VehicleCAN_TX_MESSAGE_USE_HELPER || \
ARM GAS  C:\Users\bchir\AppData\Local\Temp\ccoLzTcj.s 			page 14


 554:Generated_Source\PSoC5/VehicleCAN_INT.c ****         (!VehicleCAN_ADVANCED_INTERRUPT_CFG)))
 555:Generated_Source\PSoC5/VehicleCAN_INT.c ****         if ((VehicleCAN_INT_SR_REG.byte[1u] & VehicleCAN_TX_MESSAGE_MASK) != 0u)
 556:Generated_Source\PSoC5/VehicleCAN_INT.c ****         {
 557:Generated_Source\PSoC5/VehicleCAN_INT.c ****             VehicleCAN_MsgTXIsr();
 558:Generated_Source\PSoC5/VehicleCAN_INT.c ****         }
 559:Generated_Source\PSoC5/VehicleCAN_INT.c ****     #endif /* VehicleCAN_TX_MESSAGE && VehicleCAN_TX_MESSAGE_USE_HELPER */
 560:Generated_Source\PSoC5/VehicleCAN_INT.c **** 
 561:Generated_Source\PSoC5/VehicleCAN_INT.c ****     /* RX Message Available */
 562:Generated_Source\PSoC5/VehicleCAN_INT.c ****     #if (VehicleCAN_RX_MESSAGE && (VehicleCAN_RX_MESSAGE_USE_HELPER || \
 563:Generated_Source\PSoC5/VehicleCAN_INT.c ****         (!VehicleCAN_ADVANCED_INTERRUPT_CFG)))
 564:Generated_Source\PSoC5/VehicleCAN_INT.c ****         if ((VehicleCAN_INT_SR_REG.byte[1u] & VehicleCAN_RX_MESSAGE_MASK) != 0u)
 186              		.loc 1 564 0
 187 001e 044B     		ldr	r3, .L20
 188 0020 5B78     		ldrb	r3, [r3, #1]	@ zero_extendqisi2
 189 0022 13F0100F 		tst	r3, #16
 190 0026 01D0     		beq	.L15
 565:Generated_Source\PSoC5/VehicleCAN_INT.c ****         {
 566:Generated_Source\PSoC5/VehicleCAN_INT.c ****             VehicleCAN_MsgRXIsr();
 191              		.loc 1 566 0
 192 0028 FFF7FEFF 		bl	VehicleCAN_MsgRXIsr
 193              	.LVL13:
 194              	.L15:
 195 002c 08BD     		pop	{r3, pc}
 196              	.L21:
 197 002e 00BF     		.align	2
 198              	.L20:
 199 0030 00A00040 		.word	1073782784
 200              		.cfi_endproc
 201              	.LFE3:
 202              		.size	VehicleCAN_ISR, .-VehicleCAN_ISR
 203              		.text
 204              	.Letext0:
 205              		.file 2 "Generated_Source\\PSoC5\\cytypes.h"
 206              		.file 3 "Generated_Source\\PSoC5\\VehicleCAN.h"
 207              		.section	.debug_info,"",%progbits
 208              	.Ldebug_info0:
 209 0000 6D020000 		.4byte	0x26d
 210 0004 0400     		.2byte	0x4
 211 0006 00000000 		.4byte	.Ldebug_abbrev0
 212 000a 04       		.byte	0x4
 213 000b 01       		.uleb128 0x1
 214 000c 1B010000 		.4byte	.LASF37
 215 0010 0C       		.byte	0xc
 216 0011 97020000 		.4byte	.LASF38
 217 0015 FD010000 		.4byte	.LASF39
 218 0019 00000000 		.4byte	.Ldebug_ranges0+0
 219 001d 00000000 		.4byte	0
 220 0021 00000000 		.4byte	.Ldebug_line0
 221 0025 02       		.uleb128 0x2
 222 0026 01       		.byte	0x1
 223 0027 06       		.byte	0x6
 224 0028 8B020000 		.4byte	.LASF0
 225 002c 02       		.uleb128 0x2
 226 002d 01       		.byte	0x1
 227 002e 08       		.byte	0x8
 228 002f 87000000 		.4byte	.LASF1
 229 0033 02       		.uleb128 0x2
ARM GAS  C:\Users\bchir\AppData\Local\Temp\ccoLzTcj.s 			page 15


 230 0034 02       		.byte	0x2
 231 0035 05       		.byte	0x5
 232 0036 31020000 		.4byte	.LASF2
 233 003a 02       		.uleb128 0x2
 234 003b 02       		.byte	0x2
 235 003c 07       		.byte	0x7
 236 003d 5B000000 		.4byte	.LASF3
 237 0041 02       		.uleb128 0x2
 238 0042 04       		.byte	0x4
 239 0043 05       		.byte	0x5
 240 0044 72020000 		.4byte	.LASF4
 241 0048 02       		.uleb128 0x2
 242 0049 04       		.byte	0x4
 243 004a 07       		.byte	0x7
 244 004b 9F000000 		.4byte	.LASF5
 245 004f 02       		.uleb128 0x2
 246 0050 08       		.byte	0x8
 247 0051 05       		.byte	0x5
 248 0052 C5010000 		.4byte	.LASF6
 249 0056 02       		.uleb128 0x2
 250 0057 08       		.byte	0x8
 251 0058 07       		.byte	0x7
 252 0059 E8000000 		.4byte	.LASF7
 253 005d 03       		.uleb128 0x3
 254 005e 04       		.byte	0x4
 255 005f 05       		.byte	0x5
 256 0060 696E7400 		.ascii	"int\000"
 257 0064 02       		.uleb128 0x2
 258 0065 04       		.byte	0x4
 259 0066 07       		.byte	0x7
 260 0067 DB000000 		.4byte	.LASF8
 261 006b 04       		.uleb128 0x4
 262 006c C7000000 		.4byte	.LASF9
 263 0070 02       		.byte	0x2
 264 0071 E901     		.2byte	0x1e9
 265 0073 2C000000 		.4byte	0x2c
 266 0077 04       		.uleb128 0x4
 267 0078 D4000000 		.4byte	.LASF10
 268 007c 02       		.byte	0x2
 269 007d EA01     		.2byte	0x1ea
 270 007f 3A000000 		.4byte	0x3a
 271 0083 02       		.uleb128 0x2
 272 0084 04       		.byte	0x4
 273 0085 04       		.byte	0x4
 274 0086 81000000 		.4byte	.LASF11
 275 008a 02       		.uleb128 0x2
 276 008b 08       		.byte	0x8
 277 008c 04       		.byte	0x4
 278 008d CD000000 		.4byte	.LASF12
 279 0091 02       		.uleb128 0x2
 280 0092 01       		.byte	0x1
 281 0093 08       		.byte	0x8
 282 0094 E2010000 		.4byte	.LASF13
 283 0098 04       		.uleb128 0x4
 284 0099 9A000000 		.4byte	.LASF14
 285 009d 02       		.byte	0x2
 286 009e 9302     		.2byte	0x293
ARM GAS  C:\Users\bchir\AppData\Local\Temp\ccoLzTcj.s 			page 16


 287 00a0 A4000000 		.4byte	0xa4
 288 00a4 05       		.uleb128 0x5
 289 00a5 6B000000 		.4byte	0x6b
 290 00a9 04       		.uleb128 0x4
 291 00aa 00000000 		.4byte	.LASF15
 292 00ae 02       		.byte	0x2
 293 00af 9402     		.2byte	0x294
 294 00b1 B5000000 		.4byte	0xb5
 295 00b5 05       		.uleb128 0x5
 296 00b6 77000000 		.4byte	0x77
 297 00ba 02       		.uleb128 0x2
 298 00bb 08       		.byte	0x8
 299 00bc 04       		.byte	0x4
 300 00bd A9010000 		.4byte	.LASF16
 301 00c1 02       		.uleb128 0x2
 302 00c2 04       		.byte	0x4
 303 00c3 07       		.byte	0x7
 304 00c4 B5010000 		.4byte	.LASF17
 305 00c8 06       		.uleb128 0x6
 306 00c9 08       		.byte	0x8
 307 00ca 03       		.byte	0x3
 308 00cb 75       		.byte	0x75
 309 00cc DD000000 		.4byte	0xdd
 310 00d0 07       		.uleb128 0x7
 311 00d1 6E000000 		.4byte	.LASF19
 312 00d5 03       		.byte	0x3
 313 00d6 77       		.byte	0x77
 314 00d7 ED000000 		.4byte	0xed
 315 00db 00       		.byte	0
 316 00dc 00       		.byte	0
 317 00dd 08       		.uleb128 0x8
 318 00de 98000000 		.4byte	0x98
 319 00e2 ED000000 		.4byte	0xed
 320 00e6 09       		.uleb128 0x9
 321 00e7 C1000000 		.4byte	0xc1
 322 00eb 07       		.byte	0x7
 323 00ec 00       		.byte	0
 324 00ed 05       		.uleb128 0x5
 325 00ee DD000000 		.4byte	0xdd
 326 00f2 0A       		.uleb128 0xa
 327 00f3 E7010000 		.4byte	.LASF18
 328 00f7 03       		.byte	0x3
 329 00f8 78       		.byte	0x78
 330 00f9 C8000000 		.4byte	0xc8
 331 00fd 06       		.uleb128 0x6
 332 00fe 04       		.byte	0x4
 333 00ff 03       		.byte	0x3
 334 0100 7B       		.byte	0x7b
 335 0101 12010000 		.4byte	0x112
 336 0105 07       		.uleb128 0x7
 337 0106 6E000000 		.4byte	.LASF19
 338 010a 03       		.byte	0x3
 339 010b 7D       		.byte	0x7d
 340 010c 22010000 		.4byte	0x122
 341 0110 00       		.byte	0
 342 0111 00       		.byte	0
 343 0112 08       		.uleb128 0x8
ARM GAS  C:\Users\bchir\AppData\Local\Temp\ccoLzTcj.s 			page 17


 344 0113 98000000 		.4byte	0x98
 345 0117 22010000 		.4byte	0x122
 346 011b 09       		.uleb128 0x9
 347 011c C1000000 		.4byte	0xc1
 348 0120 03       		.byte	0x3
 349 0121 00       		.byte	0
 350 0122 05       		.uleb128 0x5
 351 0123 12010000 		.4byte	0x112
 352 0127 0A       		.uleb128 0xa
 353 0128 3B000000 		.4byte	.LASF20
 354 012c 03       		.byte	0x3
 355 012d 7E       		.byte	0x7e
 356 012e FD000000 		.4byte	0xfd
 357 0132 06       		.uleb128 0x6
 358 0133 20       		.byte	0x20
 359 0134 03       		.byte	0x3
 360 0135 A0       		.byte	0xa0
 361 0136 8F010000 		.4byte	0x18f
 362 013a 07       		.uleb128 0x7
 363 013b 15010000 		.4byte	.LASF21
 364 013f 03       		.byte	0x3
 365 0140 A2       		.byte	0xa2
 366 0141 27010000 		.4byte	0x127
 367 0145 00       		.byte	0
 368 0146 07       		.uleb128 0x7
 369 0147 95000000 		.4byte	.LASF22
 370 014b 03       		.byte	0x3
 371 014c A3       		.byte	0xa3
 372 014d 27010000 		.4byte	0x127
 373 0151 04       		.byte	0x4
 374 0152 07       		.uleb128 0x7
 375 0153 73000000 		.4byte	.LASF23
 376 0157 03       		.byte	0x3
 377 0158 A4       		.byte	0xa4
 378 0159 F2000000 		.4byte	0xf2
 379 015d 08       		.byte	0x8
 380 015e 07       		.uleb128 0x7
 381 015f 21000000 		.4byte	.LASF24
 382 0163 03       		.byte	0x3
 383 0164 A5       		.byte	0xa5
 384 0165 27010000 		.4byte	0x127
 385 0169 10       		.byte	0x10
 386 016a 07       		.uleb128 0x7
 387 016b 3B020000 		.4byte	.LASF25
 388 016f 03       		.byte	0x3
 389 0170 A6       		.byte	0xa6
 390 0171 27010000 		.4byte	0x127
 391 0175 14       		.byte	0x14
 392 0176 07       		.uleb128 0x7
 393 0177 BE010000 		.4byte	.LASF26
 394 017b 03       		.byte	0x3
 395 017c A7       		.byte	0xa7
 396 017d 27010000 		.4byte	0x127
 397 0181 18       		.byte	0x18
 398 0182 07       		.uleb128 0x7
 399 0183 7A000000 		.4byte	.LASF27
 400 0187 03       		.byte	0x3
ARM GAS  C:\Users\bchir\AppData\Local\Temp\ccoLzTcj.s 			page 18


 401 0188 A8       		.byte	0xa8
 402 0189 27010000 		.4byte	0x127
 403 018d 1C       		.byte	0x1c
 404 018e 00       		.byte	0
 405 018f 0A       		.uleb128 0xa
 406 0190 0C000000 		.4byte	.LASF28
 407 0194 03       		.byte	0x3
 408 0195 A9       		.byte	0xa9
 409 0196 32010000 		.4byte	0x132
 410 019a 0B       		.uleb128 0xb
 411 019b 5D020000 		.4byte	.LASF29
 412 019f 01       		.byte	0x1
 413 01a0 2801     		.2byte	0x128
 414 01a2 00000000 		.4byte	.LFB0
 415 01a6 18000000 		.4byte	.LFE0-.LFB0
 416 01aa 01       		.uleb128 0x1
 417 01ab 9C       		.byte	0x9c
 418 01ac C3010000 		.4byte	0x1c3
 419 01b0 0C       		.uleb128 0xc
 420 01b1 0C000000 		.4byte	.LVL0
 421 01b5 4E020000 		.4byte	0x24e
 422 01b9 0C       		.uleb128 0xc
 423 01ba 10000000 		.4byte	.LVL1
 424 01be 59020000 		.4byte	0x259
 425 01c2 00       		.byte	0
 426 01c3 0D       		.uleb128 0xd
 427 01c4 FF000000 		.4byte	.LASF40
 428 01c8 01       		.byte	0x1
 429 01c9 4E01     		.2byte	0x14e
 430 01cb 00000000 		.4byte	.LFB1
 431 01cf 0C000000 		.4byte	.LFE1-.LFB1
 432 01d3 01       		.uleb128 0x1
 433 01d4 9C       		.byte	0x9c
 434 01d5 0B       		.uleb128 0xb
 435 01d6 27000000 		.4byte	.LASF30
 436 01da 01       		.byte	0x1
 437 01db 9401     		.2byte	0x194
 438 01dd 00000000 		.4byte	.LFB2
 439 01e1 44000000 		.4byte	.LFE2-.LFB2
 440 01e5 01       		.uleb128 0x1
 441 01e6 9C       		.byte	0x9c
 442 01e7 1C020000 		.4byte	0x21c
 443 01eb 0E       		.uleb128 0xe
 444 01ec 4D000000 		.4byte	.LASF31
 445 01f0 01       		.byte	0x1
 446 01f1 9601     		.2byte	0x196
 447 01f3 6B000000 		.4byte	0x6b
 448 01f7 00000000 		.4byte	.LLST0
 449 01fb 0E       		.uleb128 0xe
 450 01fc 06000000 		.4byte	.LASF32
 451 0200 01       		.byte	0x1
 452 0201 9701     		.2byte	0x197
 453 0203 77000000 		.4byte	0x77
 454 0207 2A000000 		.4byte	.LLST1
 455 020b 0F       		.uleb128 0xf
 456 020c 28000000 		.4byte	.LVL5
 457 0210 64020000 		.4byte	0x264
ARM GAS  C:\Users\bchir\AppData\Local\Temp\ccoLzTcj.s 			page 19


 458 0214 10       		.uleb128 0x10
 459 0215 01       		.uleb128 0x1
 460 0216 50       		.byte	0x50
 461 0217 02       		.uleb128 0x2
 462 0218 74       		.byte	0x74
 463 0219 00       		.sleb128 0
 464 021a 00       		.byte	0
 465 021b 00       		.byte	0
 466 021c 0B       		.uleb128 0xb
 467 021d D3010000 		.4byte	.LASF33
 468 0221 01       		.byte	0x1
 469 0222 CC01     		.2byte	0x1cc
 470 0224 00000000 		.4byte	.LFB3
 471 0228 34000000 		.4byte	.LFE3-.LFB3
 472 022c 01       		.uleb128 0x1
 473 022d 9C       		.byte	0x9c
 474 022e 4E020000 		.4byte	0x24e
 475 0232 0C       		.uleb128 0xc
 476 0233 10000000 		.4byte	.LVL11
 477 0237 9A010000 		.4byte	0x19a
 478 023b 0C       		.uleb128 0xc
 479 023c 1E000000 		.4byte	.LVL12
 480 0240 C3010000 		.4byte	0x1c3
 481 0244 0C       		.uleb128 0xc
 482 0245 2C000000 		.4byte	.LVL13
 483 0249 D5010000 		.4byte	0x1d5
 484 024d 00       		.byte	0
 485 024e 11       		.uleb128 0x11
 486 024f 41020000 		.4byte	.LASF34
 487 0253 41020000 		.4byte	.LASF34
 488 0257 03       		.byte	0x3
 489 0258 C9       		.byte	0xc9
 490 0259 11       		.uleb128 0x11
 491 025a 7B020000 		.4byte	.LASF35
 492 025e 7B020000 		.4byte	.LASF35
 493 0262 03       		.byte	0x3
 494 0263 C6       		.byte	0xc6
 495 0264 12       		.uleb128 0x12
 496 0265 B1000000 		.4byte	.LASF36
 497 0269 B1000000 		.4byte	.LASF36
 498 026d 03       		.byte	0x3
 499 026e 1A01     		.2byte	0x11a
 500 0270 00       		.byte	0
 501              		.section	.debug_abbrev,"",%progbits
 502              	.Ldebug_abbrev0:
 503 0000 01       		.uleb128 0x1
 504 0001 11       		.uleb128 0x11
 505 0002 01       		.byte	0x1
 506 0003 25       		.uleb128 0x25
 507 0004 0E       		.uleb128 0xe
 508 0005 13       		.uleb128 0x13
 509 0006 0B       		.uleb128 0xb
 510 0007 03       		.uleb128 0x3
 511 0008 0E       		.uleb128 0xe
 512 0009 1B       		.uleb128 0x1b
 513 000a 0E       		.uleb128 0xe
 514 000b 55       		.uleb128 0x55
ARM GAS  C:\Users\bchir\AppData\Local\Temp\ccoLzTcj.s 			page 20


 515 000c 17       		.uleb128 0x17
 516 000d 11       		.uleb128 0x11
 517 000e 01       		.uleb128 0x1
 518 000f 10       		.uleb128 0x10
 519 0010 17       		.uleb128 0x17
 520 0011 00       		.byte	0
 521 0012 00       		.byte	0
 522 0013 02       		.uleb128 0x2
 523 0014 24       		.uleb128 0x24
 524 0015 00       		.byte	0
 525 0016 0B       		.uleb128 0xb
 526 0017 0B       		.uleb128 0xb
 527 0018 3E       		.uleb128 0x3e
 528 0019 0B       		.uleb128 0xb
 529 001a 03       		.uleb128 0x3
 530 001b 0E       		.uleb128 0xe
 531 001c 00       		.byte	0
 532 001d 00       		.byte	0
 533 001e 03       		.uleb128 0x3
 534 001f 24       		.uleb128 0x24
 535 0020 00       		.byte	0
 536 0021 0B       		.uleb128 0xb
 537 0022 0B       		.uleb128 0xb
 538 0023 3E       		.uleb128 0x3e
 539 0024 0B       		.uleb128 0xb
 540 0025 03       		.uleb128 0x3
 541 0026 08       		.uleb128 0x8
 542 0027 00       		.byte	0
 543 0028 00       		.byte	0
 544 0029 04       		.uleb128 0x4
 545 002a 16       		.uleb128 0x16
 546 002b 00       		.byte	0
 547 002c 03       		.uleb128 0x3
 548 002d 0E       		.uleb128 0xe
 549 002e 3A       		.uleb128 0x3a
 550 002f 0B       		.uleb128 0xb
 551 0030 3B       		.uleb128 0x3b
 552 0031 05       		.uleb128 0x5
 553 0032 49       		.uleb128 0x49
 554 0033 13       		.uleb128 0x13
 555 0034 00       		.byte	0
 556 0035 00       		.byte	0
 557 0036 05       		.uleb128 0x5
 558 0037 35       		.uleb128 0x35
 559 0038 00       		.byte	0
 560 0039 49       		.uleb128 0x49
 561 003a 13       		.uleb128 0x13
 562 003b 00       		.byte	0
 563 003c 00       		.byte	0
 564 003d 06       		.uleb128 0x6
 565 003e 13       		.uleb128 0x13
 566 003f 01       		.byte	0x1
 567 0040 0B       		.uleb128 0xb
 568 0041 0B       		.uleb128 0xb
 569 0042 3A       		.uleb128 0x3a
 570 0043 0B       		.uleb128 0xb
 571 0044 3B       		.uleb128 0x3b
ARM GAS  C:\Users\bchir\AppData\Local\Temp\ccoLzTcj.s 			page 21


 572 0045 0B       		.uleb128 0xb
 573 0046 01       		.uleb128 0x1
 574 0047 13       		.uleb128 0x13
 575 0048 00       		.byte	0
 576 0049 00       		.byte	0
 577 004a 07       		.uleb128 0x7
 578 004b 0D       		.uleb128 0xd
 579 004c 00       		.byte	0
 580 004d 03       		.uleb128 0x3
 581 004e 0E       		.uleb128 0xe
 582 004f 3A       		.uleb128 0x3a
 583 0050 0B       		.uleb128 0xb
 584 0051 3B       		.uleb128 0x3b
 585 0052 0B       		.uleb128 0xb
 586 0053 49       		.uleb128 0x49
 587 0054 13       		.uleb128 0x13
 588 0055 38       		.uleb128 0x38
 589 0056 0B       		.uleb128 0xb
 590 0057 00       		.byte	0
 591 0058 00       		.byte	0
 592 0059 08       		.uleb128 0x8
 593 005a 01       		.uleb128 0x1
 594 005b 01       		.byte	0x1
 595 005c 49       		.uleb128 0x49
 596 005d 13       		.uleb128 0x13
 597 005e 01       		.uleb128 0x1
 598 005f 13       		.uleb128 0x13
 599 0060 00       		.byte	0
 600 0061 00       		.byte	0
 601 0062 09       		.uleb128 0x9
 602 0063 21       		.uleb128 0x21
 603 0064 00       		.byte	0
 604 0065 49       		.uleb128 0x49
 605 0066 13       		.uleb128 0x13
 606 0067 2F       		.uleb128 0x2f
 607 0068 0B       		.uleb128 0xb
 608 0069 00       		.byte	0
 609 006a 00       		.byte	0
 610 006b 0A       		.uleb128 0xa
 611 006c 16       		.uleb128 0x16
 612 006d 00       		.byte	0
 613 006e 03       		.uleb128 0x3
 614 006f 0E       		.uleb128 0xe
 615 0070 3A       		.uleb128 0x3a
 616 0071 0B       		.uleb128 0xb
 617 0072 3B       		.uleb128 0x3b
 618 0073 0B       		.uleb128 0xb
 619 0074 49       		.uleb128 0x49
 620 0075 13       		.uleb128 0x13
 621 0076 00       		.byte	0
 622 0077 00       		.byte	0
 623 0078 0B       		.uleb128 0xb
 624 0079 2E       		.uleb128 0x2e
 625 007a 01       		.byte	0x1
 626 007b 3F       		.uleb128 0x3f
 627 007c 19       		.uleb128 0x19
 628 007d 03       		.uleb128 0x3
ARM GAS  C:\Users\bchir\AppData\Local\Temp\ccoLzTcj.s 			page 22


 629 007e 0E       		.uleb128 0xe
 630 007f 3A       		.uleb128 0x3a
 631 0080 0B       		.uleb128 0xb
 632 0081 3B       		.uleb128 0x3b
 633 0082 05       		.uleb128 0x5
 634 0083 27       		.uleb128 0x27
 635 0084 19       		.uleb128 0x19
 636 0085 11       		.uleb128 0x11
 637 0086 01       		.uleb128 0x1
 638 0087 12       		.uleb128 0x12
 639 0088 06       		.uleb128 0x6
 640 0089 40       		.uleb128 0x40
 641 008a 18       		.uleb128 0x18
 642 008b 9742     		.uleb128 0x2117
 643 008d 19       		.uleb128 0x19
 644 008e 01       		.uleb128 0x1
 645 008f 13       		.uleb128 0x13
 646 0090 00       		.byte	0
 647 0091 00       		.byte	0
 648 0092 0C       		.uleb128 0xc
 649 0093 898201   		.uleb128 0x4109
 650 0096 00       		.byte	0
 651 0097 11       		.uleb128 0x11
 652 0098 01       		.uleb128 0x1
 653 0099 31       		.uleb128 0x31
 654 009a 13       		.uleb128 0x13
 655 009b 00       		.byte	0
 656 009c 00       		.byte	0
 657 009d 0D       		.uleb128 0xd
 658 009e 2E       		.uleb128 0x2e
 659 009f 00       		.byte	0
 660 00a0 3F       		.uleb128 0x3f
 661 00a1 19       		.uleb128 0x19
 662 00a2 03       		.uleb128 0x3
 663 00a3 0E       		.uleb128 0xe
 664 00a4 3A       		.uleb128 0x3a
 665 00a5 0B       		.uleb128 0xb
 666 00a6 3B       		.uleb128 0x3b
 667 00a7 05       		.uleb128 0x5
 668 00a8 27       		.uleb128 0x27
 669 00a9 19       		.uleb128 0x19
 670 00aa 11       		.uleb128 0x11
 671 00ab 01       		.uleb128 0x1
 672 00ac 12       		.uleb128 0x12
 673 00ad 06       		.uleb128 0x6
 674 00ae 40       		.uleb128 0x40
 675 00af 18       		.uleb128 0x18
 676 00b0 9742     		.uleb128 0x2117
 677 00b2 19       		.uleb128 0x19
 678 00b3 00       		.byte	0
 679 00b4 00       		.byte	0
 680 00b5 0E       		.uleb128 0xe
 681 00b6 34       		.uleb128 0x34
 682 00b7 00       		.byte	0
 683 00b8 03       		.uleb128 0x3
 684 00b9 0E       		.uleb128 0xe
 685 00ba 3A       		.uleb128 0x3a
ARM GAS  C:\Users\bchir\AppData\Local\Temp\ccoLzTcj.s 			page 23


 686 00bb 0B       		.uleb128 0xb
 687 00bc 3B       		.uleb128 0x3b
 688 00bd 05       		.uleb128 0x5
 689 00be 49       		.uleb128 0x49
 690 00bf 13       		.uleb128 0x13
 691 00c0 02       		.uleb128 0x2
 692 00c1 17       		.uleb128 0x17
 693 00c2 00       		.byte	0
 694 00c3 00       		.byte	0
 695 00c4 0F       		.uleb128 0xf
 696 00c5 898201   		.uleb128 0x4109
 697 00c8 01       		.byte	0x1
 698 00c9 11       		.uleb128 0x11
 699 00ca 01       		.uleb128 0x1
 700 00cb 31       		.uleb128 0x31
 701 00cc 13       		.uleb128 0x13
 702 00cd 00       		.byte	0
 703 00ce 00       		.byte	0
 704 00cf 10       		.uleb128 0x10
 705 00d0 8A8201   		.uleb128 0x410a
 706 00d3 00       		.byte	0
 707 00d4 02       		.uleb128 0x2
 708 00d5 18       		.uleb128 0x18
 709 00d6 9142     		.uleb128 0x2111
 710 00d8 18       		.uleb128 0x18
 711 00d9 00       		.byte	0
 712 00da 00       		.byte	0
 713 00db 11       		.uleb128 0x11
 714 00dc 2E       		.uleb128 0x2e
 715 00dd 00       		.byte	0
 716 00de 3F       		.uleb128 0x3f
 717 00df 19       		.uleb128 0x19
 718 00e0 3C       		.uleb128 0x3c
 719 00e1 19       		.uleb128 0x19
 720 00e2 6E       		.uleb128 0x6e
 721 00e3 0E       		.uleb128 0xe
 722 00e4 03       		.uleb128 0x3
 723 00e5 0E       		.uleb128 0xe
 724 00e6 3A       		.uleb128 0x3a
 725 00e7 0B       		.uleb128 0xb
 726 00e8 3B       		.uleb128 0x3b
 727 00e9 0B       		.uleb128 0xb
 728 00ea 00       		.byte	0
 729 00eb 00       		.byte	0
 730 00ec 12       		.uleb128 0x12
 731 00ed 2E       		.uleb128 0x2e
 732 00ee 00       		.byte	0
 733 00ef 3F       		.uleb128 0x3f
 734 00f0 19       		.uleb128 0x19
 735 00f1 3C       		.uleb128 0x3c
 736 00f2 19       		.uleb128 0x19
 737 00f3 6E       		.uleb128 0x6e
 738 00f4 0E       		.uleb128 0xe
 739 00f5 03       		.uleb128 0x3
 740 00f6 0E       		.uleb128 0xe
 741 00f7 3A       		.uleb128 0x3a
 742 00f8 0B       		.uleb128 0xb
ARM GAS  C:\Users\bchir\AppData\Local\Temp\ccoLzTcj.s 			page 24


 743 00f9 3B       		.uleb128 0x3b
 744 00fa 05       		.uleb128 0x5
 745 00fb 00       		.byte	0
 746 00fc 00       		.byte	0
 747 00fd 00       		.byte	0
 748              		.section	.debug_loc,"",%progbits
 749              	.Ldebug_loc0:
 750              	.LLST0:
 751 0000 08000000 		.4byte	.LVL3
 752 0004 0E000000 		.4byte	.LVL4
 753 0008 0200     		.2byte	0x2
 754 000a 30       		.byte	0x30
 755 000b 9F       		.byte	0x9f
 756 000c 0E000000 		.4byte	.LVL4
 757 0010 2E000000 		.4byte	.LVL8
 758 0014 0100     		.2byte	0x1
 759 0016 54       		.byte	0x54
 760 0017 30000000 		.4byte	.LVL9
 761 001b 36000000 		.4byte	.LVL10
 762 001f 0100     		.2byte	0x1
 763 0021 54       		.byte	0x54
 764 0022 00000000 		.4byte	0
 765 0026 00000000 		.4byte	0
 766              	.LLST1:
 767 002a 02000000 		.4byte	.LVL2
 768 002e 0E000000 		.4byte	.LVL4
 769 0032 0200     		.2byte	0x2
 770 0034 31       		.byte	0x31
 771 0035 9F       		.byte	0x9f
 772 0036 0E000000 		.4byte	.LVL4
 773 003a 2A000000 		.4byte	.LVL6
 774 003e 0100     		.2byte	0x1
 775 0040 55       		.byte	0x55
 776 0041 2C000000 		.4byte	.LVL7
 777 0045 36000000 		.4byte	.LVL10
 778 0049 0100     		.2byte	0x1
 779 004b 55       		.byte	0x55
 780 004c 00000000 		.4byte	0
 781 0050 00000000 		.4byte	0
 782              		.section	.debug_aranges,"",%progbits
 783 0000 34000000 		.4byte	0x34
 784 0004 0200     		.2byte	0x2
 785 0006 00000000 		.4byte	.Ldebug_info0
 786 000a 04       		.byte	0x4
 787 000b 00       		.byte	0
 788 000c 0000     		.2byte	0
 789 000e 0000     		.2byte	0
 790 0010 00000000 		.4byte	.LFB0
 791 0014 18000000 		.4byte	.LFE0-.LFB0
 792 0018 00000000 		.4byte	.LFB1
 793 001c 0C000000 		.4byte	.LFE1-.LFB1
 794 0020 00000000 		.4byte	.LFB2
 795 0024 44000000 		.4byte	.LFE2-.LFB2
 796 0028 00000000 		.4byte	.LFB3
 797 002c 34000000 		.4byte	.LFE3-.LFB3
 798 0030 00000000 		.4byte	0
 799 0034 00000000 		.4byte	0
ARM GAS  C:\Users\bchir\AppData\Local\Temp\ccoLzTcj.s 			page 25


 800              		.section	.debug_ranges,"",%progbits
 801              	.Ldebug_ranges0:
 802 0000 00000000 		.4byte	.LFB0
 803 0004 18000000 		.4byte	.LFE0
 804 0008 00000000 		.4byte	.LFB1
 805 000c 0C000000 		.4byte	.LFE1
 806 0010 00000000 		.4byte	.LFB2
 807 0014 44000000 		.4byte	.LFE2
 808 0018 00000000 		.4byte	.LFB3
 809 001c 34000000 		.4byte	.LFE3
 810 0020 00000000 		.4byte	0
 811 0024 00000000 		.4byte	0
 812              		.section	.debug_line,"",%progbits
 813              	.Ldebug_line0:
 814 0000 D2000000 		.section	.debug_str,"MS",%progbits,1
 814      02005B00 
 814      00000201 
 814      FB0E0D00 
 814      01010101 
 815              	.LASF15:
 816 0000 72656731 		.ascii	"reg16\000"
 816      3600
 817              	.LASF32:
 818 0006 73686966 		.ascii	"shift\000"
 818      7400
 819              	.LASF28:
 820 000c 56656869 		.ascii	"VehicleCAN_RX_STRUCT\000"
 820      636C6543 
 820      414E5F52 
 820      585F5354 
 820      52554354 
 821              	.LASF24:
 822 0021 7278616D 		.ascii	"rxamr\000"
 822      7200
 823              	.LASF30:
 824 0027 56656869 		.ascii	"VehicleCAN_MsgRXIsr\000"
 824      636C6543 
 824      414E5F4D 
 824      73675258 
 824      49737200 
 825              	.LASF20:
 826 003b 56656869 		.ascii	"VehicleCAN_REG_32\000"
 826      636C6543 
 826      414E5F52 
 826      45475F33 
 826      3200
 827              	.LASF31:
 828 004d 6D61696C 		.ascii	"mailboxNumber\000"
 828      626F784E 
 828      756D6265 
 828      7200
 829              	.LASF3:
 830 005b 73686F72 		.ascii	"short unsigned int\000"
 830      7420756E 
 830      7369676E 
 830      65642069 
 830      6E7400
ARM GAS  C:\Users\bchir\AppData\Local\Temp\ccoLzTcj.s 			page 26


 831              	.LASF19:
 832 006e 62797465 		.ascii	"byte\000"
 832      00
 833              	.LASF23:
 834 0073 72786461 		.ascii	"rxdata\000"
 834      746100
 835              	.LASF27:
 836 007a 72786163 		.ascii	"rxacrd\000"
 836      726400
 837              	.LASF11:
 838 0081 666C6F61 		.ascii	"float\000"
 838      7400
 839              	.LASF1:
 840 0087 756E7369 		.ascii	"unsigned char\000"
 840      676E6564 
 840      20636861 
 840      7200
 841              	.LASF22:
 842 0095 72786964 		.ascii	"rxid\000"
 842      00
 843              	.LASF14:
 844 009a 72656738 		.ascii	"reg8\000"
 844      00
 845              	.LASF5:
 846 009f 6C6F6E67 		.ascii	"long unsigned int\000"
 846      20756E73 
 846      69676E65 
 846      6420696E 
 846      7400
 847              	.LASF36:
 848 00b1 56656869 		.ascii	"VehicleCAN_ReceiveMsg\000"
 848      636C6543 
 848      414E5F52 
 848      65636569 
 848      76654D73 
 849              	.LASF9:
 850 00c7 75696E74 		.ascii	"uint8\000"
 850      3800
 851              	.LASF12:
 852 00cd 646F7562 		.ascii	"double\000"
 852      6C6500
 853              	.LASF10:
 854 00d4 75696E74 		.ascii	"uint16\000"
 854      313600
 855              	.LASF8:
 856 00db 756E7369 		.ascii	"unsigned int\000"
 856      676E6564 
 856      20696E74 
 856      00
 857              	.LASF7:
 858 00e8 6C6F6E67 		.ascii	"long long unsigned int\000"
 858      206C6F6E 
 858      6720756E 
 858      7369676E 
 858      65642069 
 859              	.LASF40:
 860 00ff 56656869 		.ascii	"VehicleCAN_MsgLostIsr\000"
ARM GAS  C:\Users\bchir\AppData\Local\Temp\ccoLzTcj.s 			page 27


 860      636C6543 
 860      414E5F4D 
 860      73674C6F 
 860      73744973 
 861              	.LASF21:
 862 0115 7278636D 		.ascii	"rxcmd\000"
 862      6400
 863              	.LASF37:
 864 011b 474E5520 		.ascii	"GNU C11 5.4.1 20160609 (release) [ARM/embedded-5-br"
 864      43313120 
 864      352E342E 
 864      31203230 
 864      31363036 
 865 014e 616E6368 		.ascii	"anch revision 237715] -mcpu=cortex-m3 -mthumb -g -O"
 865      20726576 
 865      6973696F 
 865      6E203233 
 865      37373135 
 866 0181 67202D66 		.ascii	"g -ffunction-sections -ffat-lto-objects\000"
 866      66756E63 
 866      74696F6E 
 866      2D736563 
 866      74696F6E 
 867              	.LASF16:
 868 01a9 6C6F6E67 		.ascii	"long double\000"
 868      20646F75 
 868      626C6500 
 869              	.LASF17:
 870 01b5 73697A65 		.ascii	"sizetype\000"
 870      74797065 
 870      00
 871              	.LASF26:
 872 01be 7278616D 		.ascii	"rxamrd\000"
 872      726400
 873              	.LASF6:
 874 01c5 6C6F6E67 		.ascii	"long long int\000"
 874      206C6F6E 
 874      6720696E 
 874      7400
 875              	.LASF33:
 876 01d3 56656869 		.ascii	"VehicleCAN_ISR\000"
 876      636C6543 
 876      414E5F49 
 876      535200
 877              	.LASF13:
 878 01e2 63686172 		.ascii	"char\000"
 878      00
 879              	.LASF18:
 880 01e7 56656869 		.ascii	"VehicleCAN_DATA_BYTES\000"
 880      636C6543 
 880      414E5F44 
 880      4154415F 
 880      42595445 
 881              	.LASF39:
 882 01fd 453A5C47 		.ascii	"E:\\GIT Hub Project\\protocov\\Protocov\\Protocov.c"
 882      49542048 
 882      75622050 
ARM GAS  C:\Users\bchir\AppData\Local\Temp\ccoLzTcj.s 			page 28


 882      726F6A65 
 882      63745C70 
 883 022c 7964736E 		.ascii	"ydsn\000"
 883      00
 884              	.LASF2:
 885 0231 73686F72 		.ascii	"short int\000"
 885      7420696E 
 885      7400
 886              	.LASF25:
 887 023b 72786163 		.ascii	"rxacr\000"
 887      7200
 888              	.LASF34:
 889 0241 56656869 		.ascii	"VehicleCAN_GlobalIntDisable\000"
 889      636C6543 
 889      414E5F47 
 889      6C6F6261 
 889      6C496E74 
 890              	.LASF29:
 891 025d 56656869 		.ascii	"VehicleCAN_BusOffIsr\000"
 891      636C6543 
 891      414E5F42 
 891      75734F66 
 891      66497372 
 892              	.LASF4:
 893 0272 6C6F6E67 		.ascii	"long int\000"
 893      20696E74 
 893      00
 894              	.LASF35:
 895 027b 56656869 		.ascii	"VehicleCAN_Stop\000"
 895      636C6543 
 895      414E5F53 
 895      746F7000 
 896              	.LASF0:
 897 028b 7369676E 		.ascii	"signed char\000"
 897      65642063 
 897      68617200 
 898              	.LASF38:
 899 0297 47656E65 		.ascii	"Generated_Source\\PSoC5\\VehicleCAN_INT.c\000"
 899      72617465 
 899      645F536F 
 899      75726365 
 899      5C50536F 
 900              		.ident	"GCC: (GNU Tools for ARM Embedded Processors) 5.4.1 20160609 (release) [ARM/embedded-5-bran
